[    0.000000] Linux version 6.5.5-arch1-1 (linux@archlinux) (gcc (GCC) 13.2.1 20230801, GNU ld (GNU Binutils) 2.41.0) #1 SMP PREEMPT_DYNAMIC Sat, 23 Sep 2023 22:55:13 +0000
[    0.000000] Command line: BOOT_IMAGE=/vmlinuz-linux root=UUID=9d784875-226a-41e3-a962-1787a74121a0 rw rootfstype=ext4 loglevel=6 quiet nvidia-drm.modeset=1
[    0.000000] BIOS-provided physical RAM map:
[    0.000000] BIOS-e820: [mem 0x0000000000000000-0x000000000009ffff] usable
[    0.000000] BIOS-e820: [mem 0x00000000000a0000-0x00000000000fffff] reserved
[    0.000000] BIOS-e820: [mem 0x0000000000100000-0x0000000009c3efff] usable
[    0.000000] BIOS-e820: [mem 0x0000000009c3f000-0x0000000009ffffff] reserved
[    0.000000] BIOS-e820: [mem 0x000000000a000000-0x000000000a1fffff] usable
[    0.000000] BIOS-e820: [mem 0x000000000a200000-0x000000000a20afff] ACPI NVS
[    0.000000] BIOS-e820: [mem 0x000000000a20b000-0x000000000affffff] usable
[    0.000000] BIOS-e820: [mem 0x000000000b000000-0x000000000b01ffff] reserved
[    0.000000] BIOS-e820: [mem 0x000000000b020000-0x00000000bafecfff] usable
[    0.000000] BIOS-e820: [mem 0x00000000bafed000-0x00000000bc750fff] reserved
[    0.000000] BIOS-e820: [mem 0x00000000bc751000-0x00000000bc78efff] ACPI data
[    0.000000] BIOS-e820: [mem 0x00000000bc78f000-0x00000000bce4efff] ACPI NVS
[    0.000000] BIOS-e820: [mem 0x00000000bce4f000-0x00000000bddfefff] reserved
[    0.000000] BIOS-e820: [mem 0x00000000bddff000-0x00000000beffffff] usable
[    0.000000] BIOS-e820: [mem 0x00000000bf000000-0x00000000bfffffff] reserved
[    0.000000] BIOS-e820: [mem 0x00000000f0000000-0x00000000f7ffffff] reserved
[    0.000000] BIOS-e820: [mem 0x00000000fd100000-0x00000000fd1fffff] reserved
[    0.000000] BIOS-e820: [mem 0x00000000fea00000-0x00000000fea0ffff] reserved
[    0.000000] BIOS-e820: [mem 0x00000000feb80000-0x00000000fec01fff] reserved
[    0.000000] BIOS-e820: [mem 0x00000000fec10000-0x00000000fec10fff] reserved
[    0.000000] BIOS-e820: [mem 0x00000000fec30000-0x00000000fec30fff] reserved
[    0.000000] BIOS-e820: [mem 0x00000000fed00000-0x00000000fed00fff] reserved
[    0.000000] BIOS-e820: [mem 0x00000000fed40000-0x00000000fed44fff] reserved
[    0.000000] BIOS-e820: [mem 0x00000000fed80000-0x00000000fed8ffff] reserved
[    0.000000] BIOS-e820: [mem 0x00000000fedc2000-0x00000000fedcffff] reserved
[    0.000000] BIOS-e820: [mem 0x00000000fedd4000-0x00000000fedd5fff] reserved
[    0.000000] BIOS-e820: [mem 0x00000000ff000000-0x00000000ffffffff] reserved
[    0.000000] BIOS-e820: [mem 0x0000000100000000-0x000000043f37ffff] usable
[    0.000000] BIOS-e820: [mem 0x000000043f380000-0x000000043fffffff] reserved
[    0.000000] The simpledrm driver will not be probed
[    0.000000] NX (Execute Disable) protection: active
[    0.000000] e820: update [mem 0xb71b3018-0xb71c1057] usable ==> usable
[    0.000000] e820: update [mem 0xb71b3018-0xb71c1057] usable ==> usable
[    0.000000] e820: update [mem 0xb7193018-0xb71b2c57] usable ==> usable
[    0.000000] e820: update [mem 0xb7193018-0xb71b2c57] usable ==> usable
[    0.000000] extended physical RAM map:
[    0.000000] reserve setup_data: [mem 0x0000000000000000-0x000000000009ffff] usable
[    0.000000] reserve setup_data: [mem 0x00000000000a0000-0x00000000000fffff] reserved
[    0.000000] reserve setup_data: [mem 0x0000000000100000-0x0000000009c3efff] usable
[    0.000000] reserve setup_data: [mem 0x0000000009c3f000-0x0000000009ffffff] reserved
[    0.000000] reserve setup_data: [mem 0x000000000a000000-0x000000000a1fffff] usable
[    0.000000] reserve setup_data: [mem 0x000000000a200000-0x000000000a20afff] ACPI NVS
[    0.000000] reserve setup_data: [mem 0x000000000a20b000-0x000000000affffff] usable
[    0.000000] reserve setup_data: [mem 0x000000000b000000-0x000000000b01ffff] reserved
[    0.000000] reserve setup_data: [mem 0x000000000b020000-0x00000000b7193017] usable
[    0.000000] reserve setup_data: [mem 0x00000000b7193018-0x00000000b71b2c57] usable
[    0.000000] reserve setup_data: [mem 0x00000000b71b2c58-0x00000000b71b3017] usable
[    0.000000] reserve setup_data: [mem 0x00000000b71b3018-0x00000000b71c1057] usable
[    0.000000] reserve setup_data: [mem 0x00000000b71c1058-0x00000000bafecfff] usable
[    0.000000] reserve setup_data: [mem 0x00000000bafed000-0x00000000bc750fff] reserved
[    0.000000] reserve setup_data: [mem 0x00000000bc751000-0x00000000bc78efff] ACPI data
[    0.000000] reserve setup_data: [mem 0x00000000bc78f000-0x00000000bce4efff] ACPI NVS
[    0.000000] reserve setup_data: [mem 0x00000000bce4f000-0x00000000bddfefff] reserved
[    0.000000] reserve setup_data: [mem 0x00000000bddff000-0x00000000beffffff] usable
[    0.000000] reserve setup_data: [mem 0x00000000bf000000-0x00000000bfffffff] reserved
[    0.000000] reserve setup_data: [mem 0x00000000f0000000-0x00000000f7ffffff] reserved
[    0.000000] reserve setup_data: [mem 0x00000000fd100000-0x00000000fd1fffff] reserved
[    0.000000] reserve setup_data: [mem 0x00000000fea00000-0x00000000fea0ffff] reserved
[    0.000000] reserve setup_data: [mem 0x00000000feb80000-0x00000000fec01fff] reserved
[    0.000000] reserve setup_data: [mem 0x00000000fec10000-0x00000000fec10fff] reserved
[    0.000000] reserve setup_data: [mem 0x00000000fec30000-0x00000000fec30fff] reserved
[    0.000000] reserve setup_data: [mem 0x00000000fed00000-0x00000000fed00fff] reserved
[    0.000000] reserve setup_data: [mem 0x00000000fed40000-0x00000000fed44fff] reserved
[    0.000000] reserve setup_data: [mem 0x00000000fed80000-0x00000000fed8ffff] reserved
[    0.000000] reserve setup_data: [mem 0x00000000fedc2000-0x00000000fedcffff] reserved
[    0.000000] reserve setup_data: [mem 0x00000000fedd4000-0x00000000fedd5fff] reserved
[    0.000000] reserve setup_data: [mem 0x00000000ff000000-0x00000000ffffffff] reserved
[    0.000000] reserve setup_data: [mem 0x0000000100000000-0x000000043f37ffff] usable
[    0.000000] reserve setup_data: [mem 0x000000043f380000-0x000000043fffffff] reserved
[    0.000000] efi: EFI v2.7 by American Megatrends
[    0.000000] efi: ACPI=0xbce38000 ACPI 2.0=0xbce38014 TPMFinalLog=0xbce03000 SMBIOS=0xbdc25000 SMBIOS 3.0=0xbdc24000 MEMATTR=0xb7721018 ESRT=0xb965a898 INITRD=0xb744d198 RNG=0xbc75c018 TPMEventLog=0xb7449018 
[    0.000000] random: crng init done
[    0.000000] efi: Remove mem306: MMIO range=[0xf0000000-0xf7ffffff] (128MB) from e820 map
[    0.000000] e820: remove [mem 0xf0000000-0xf7ffffff] reserved
[    0.000000] efi: Remove mem307: MMIO range=[0xfd100000-0xfd1fffff] (1MB) from e820 map
[    0.000000] e820: remove [mem 0xfd100000-0xfd1fffff] reserved
[    0.000000] efi: Not removing mem308: MMIO range=[0xfea00000-0xfea0ffff] (64KB) from e820 map
[    0.000000] efi: Remove mem309: MMIO range=[0xfeb80000-0xfec01fff] (0MB) from e820 map
[    0.000000] e820: remove [mem 0xfeb80000-0xfec01fff] reserved
[    0.000000] efi: Not removing mem310: MMIO range=[0xfec10000-0xfec10fff] (4KB) from e820 map
[    0.000000] efi: Not removing mem311: MMIO range=[0xfec30000-0xfec30fff] (4KB) from e820 map
[    0.000000] efi: Not removing mem312: MMIO range=[0xfed00000-0xfed00fff] (4KB) from e820 map
[    0.000000] efi: Not removing mem313: MMIO range=[0xfed40000-0xfed44fff] (20KB) from e820 map
[    0.000000] efi: Not removing mem314: MMIO range=[0xfed80000-0xfed8ffff] (64KB) from e820 map
[    0.000000] efi: Not removing mem315: MMIO range=[0xfedc2000-0xfedcffff] (56KB) from e820 map
[    0.000000] efi: Not removing mem316: MMIO range=[0xfedd4000-0xfedd5fff] (8KB) from e820 map
[    0.000000] efi: Remove mem317: MMIO range=[0xff000000-0xffffffff] (16MB) from e820 map
[    0.000000] e820: remove [mem 0xff000000-0xffffffff] reserved
[    0.000000] SMBIOS 3.3.0 present.
[    0.000000] DMI: Gigabyte Technology Co., Ltd. AB350M-DS3H/AB350M-DS3H-CF, BIOS F51h 02/09/2023
[    0.000000] tsc: Fast TSC calibration using PIT
[    0.000000] tsc: Detected 3593.038 MHz processor
[    0.000624] e820: update [mem 0x00000000-0x00000fff] usable ==> reserved
[    0.000627] e820: remove [mem 0x000a0000-0x000fffff] usable
[    0.000637] last_pfn = 0x43f380 max_arch_pfn = 0x400000000
[    0.000643] MTRR map: 5 entries (3 fixed + 2 variable; max 20), built from 9 variable MTRRs
[    0.000645] x86/PAT: Configuration [0-7]: WB  WC  UC- UC  WB  WP  UC- WT  
[    0.000918] e820: update [mem 0xc0000000-0xffffffff] usable ==> reserved
[    0.000926] last_pfn = 0xbf000 max_arch_pfn = 0x400000000
[    0.004974] esrt: Reserving ESRT space from 0x00000000b965a898 to 0x00000000b965a8d0.
[    0.004982] e820: update [mem 0xb965a000-0xb965afff] usable ==> reserved
[    0.005033] Using GB pages for direct mapping
[    0.005675] Secure boot disabled
[    0.005676] RAMDISK: [mem 0xa7cab000-0xade88fff]
[    0.005681] ACPI: Early table checksum verification disabled
[    0.005683] ACPI: RSDP 0x00000000BCE38014 000024 (v02 ALASKA)
[    0.005687] ACPI: XSDT 0x00000000BCE37728 0000CC (v01 ALASKA A M I    01072009 AMI  01000013)
[    0.005693] ACPI: FACP 0x00000000BC779000 000114 (v06 ALASKA A M I    01072009 AMI  00010013)
[    0.005698] ACPI: DSDT 0x00000000BC773000 005F87 (v02 ALASKA A M I    01072009 INTL 20190509)
[    0.005701] ACPI: FACS 0x00000000BCE01000 000040
[    0.005703] ACPI: SSDT 0x00000000BC788000 006EEC (v02 GBT    GSWApp   00000001 INTL 20190509)
[    0.005706] ACPI: SSDT 0x00000000BC77F000 008C98 (v02 AMD    AmdTable 00000002 MSFT 04000000)
[    0.005709] ACPI: SSDT 0x00000000BC77B000 003CC8 (v02 AMD    AMD AOD  00000001 INTL 20190509)
[    0.005712] ACPI: SSDT 0x00000000BC77A000 0000FC (v02 ALASKA CPUSSDT  01072009 AMI  01072009)
[    0.005715] ACPI: FIDT 0x00000000BC772000 00009C (v01 ALASKA A M I    01072009 AMI  00010013)
[    0.005718] ACPI: MCFG 0x00000000BC771000 00003C (v01 ALASKA A M I    01072009 MSFT 00010013)
[    0.005720] ACPI: HPET 0x00000000BC770000 000038 (v01 ALASKA A M I    01072009 AMI  00000005)
[    0.005723] ACPI: SSDT 0x00000000BC76F000 000024 (v01 AMD    FCHZP    00001000 INTL 20190509)
[    0.005726] ACPI: FPDT 0x00000000BC76E000 000044 (v01 ALASKA A M I    01072009 AMI  01000013)
[    0.005729] ACPI: BGRT 0x00000000BC76D000 000038 (v01 ALASKA A M I    01072009 AMI  00010013)
[    0.005731] ACPI: TPM2 0x00000000BC76C000 00004C (v04 ALASKA A M I    00000001 AMI  00000000)
[    0.005734] ACPI: IVRS 0x00000000BC76B000 0000D0 (v02 AMD    AmdTable 00000001 AMD  00000000)
[    0.005737] ACPI: SSDT 0x00000000BC768000 002314 (v02 AMD    AmdTable 00000001 AMD  00000001)
[    0.005739] ACPI: CRAT 0x00000000BC767000 000F50 (v01 AMD    AmdTable 00000001 AMD  00000001)
[    0.005742] ACPI: CDIT 0x00000000BC766000 000029 (v01 AMD    AmdTable 00000001 AMD  00000001)
[    0.005745] ACPI: SSDT 0x00000000BC762000 003A23 (v02 AMD    MYRTLE   00000001 INTL 20190509)
[    0.005747] ACPI: SSDT 0x00000000BC761000 0000BF (v01 AMD    AmdTable 00001000 INTL 20190509)
[    0.005750] ACPI: WSMT 0x00000000BC760000 000028 (v01 ALASKA A M I    01072009 AMI  00010013)
[    0.005753] ACPI: APIC 0x00000000BC75F000 00015E (v04 ALASKA A M I    01072009 AMI  00010013)
[    0.005756] ACPI: SSDT 0x00000000BC75D000 00147F (v02 AMD    MYRTLE   00000001 INTL 20190509)
[    0.005758] ACPI: Reserving FACP table memory at [mem 0xbc779000-0xbc779113]
[    0.005759] ACPI: Reserving DSDT table memory at [mem 0xbc773000-0xbc778f86]
[    0.005760] ACPI: Reserving FACS table memory at [mem 0xbce01000-0xbce0103f]
[    0.005761] ACPI: Reserving SSDT table memory at [mem 0xbc788000-0xbc78eeeb]
[    0.005762] ACPI: Reserving SSDT table memory at [mem 0xbc77f000-0xbc787c97]
[    0.005763] ACPI: Reserving SSDT table memory at [mem 0xbc77b000-0xbc77ecc7]
[    0.005764] ACPI: Reserving SSDT table memory at [mem 0xbc77a000-0xbc77a0fb]
[    0.005764] ACPI: Reserving FIDT table memory at [mem 0xbc772000-0xbc77209b]
[    0.005765] ACPI: Reserving MCFG table memory at [mem 0xbc771000-0xbc77103b]
[    0.005766] ACPI: Reserving HPET table memory at [mem 0xbc770000-0xbc770037]
[    0.005767] ACPI: Reserving SSDT table memory at [mem 0xbc76f000-0xbc76f023]
[    0.005768] ACPI: Reserving FPDT table memory at [mem 0xbc76e000-0xbc76e043]
[    0.005768] ACPI: Reserving BGRT table memory at [mem 0xbc76d000-0xbc76d037]
[    0.005769] ACPI: Reserving TPM2 table memory at [mem 0xbc76c000-0xbc76c04b]
[    0.005770] ACPI: Reserving IVRS table memory at [mem 0xbc76b000-0xbc76b0cf]
[    0.005771] ACPI: Reserving SSDT table memory at [mem 0xbc768000-0xbc76a313]
[    0.005772] ACPI: Reserving CRAT table memory at [mem 0xbc767000-0xbc767f4f]
[    0.005772] ACPI: Reserving CDIT table memory at [mem 0xbc766000-0xbc766028]
[    0.005773] ACPI: Reserving SSDT table memory at [mem 0xbc762000-0xbc765a22]
[    0.005774] ACPI: Reserving SSDT table memory at [mem 0xbc761000-0xbc7610be]
[    0.005775] ACPI: Reserving WSMT table memory at [mem 0xbc760000-0xbc760027]
[    0.005776] ACPI: Reserving APIC table memory at [mem 0xbc75f000-0xbc75f15d]
[    0.005777] ACPI: Reserving SSDT table memory at [mem 0xbc75d000-0xbc75e47e]
[    0.005861] No NUMA configuration found
[    0.005862] Faking a node at [mem 0x0000000000000000-0x000000043f37ffff]
[    0.005865] NODE_DATA(0) allocated [mem 0x43f37b000-0x43f37ffff]
[    0.005892] Zone ranges:
[    0.005892]   DMA      [mem 0x0000000000001000-0x0000000000ffffff]
[    0.005894]   DMA32    [mem 0x0000000001000000-0x00000000ffffffff]
[    0.005895]   Normal   [mem 0x0000000100000000-0x000000043f37ffff]
[    0.005897]   Device   empty
[    0.005898] Movable zone start for each node
[    0.005898] Early memory node ranges
[    0.005898]   node   0: [mem 0x0000000000001000-0x000000000009ffff]
[    0.005900]   node   0: [mem 0x0000000000100000-0x0000000009c3efff]
[    0.005901]   node   0: [mem 0x000000000a000000-0x000000000a1fffff]
[    0.005902]   node   0: [mem 0x000000000a20b000-0x000000000affffff]
[    0.005902]   node   0: [mem 0x000000000b020000-0x00000000bafecfff]
[    0.005903]   node   0: [mem 0x00000000bddff000-0x00000000beffffff]
[    0.005904]   node   0: [mem 0x0000000100000000-0x000000043f37ffff]
[    0.005906] Initmem setup node 0 [mem 0x0000000000001000-0x000000043f37ffff]
[    0.005910] On node 0, zone DMA: 1 pages in unavailable ranges
[    0.005929] On node 0, zone DMA: 96 pages in unavailable ranges
[    0.006096] On node 0, zone DMA32: 961 pages in unavailable ranges
[    0.006113] On node 0, zone DMA32: 11 pages in unavailable ranges
[    0.011490] On node 0, zone DMA32: 32 pages in unavailable ranges
[    0.011640] On node 0, zone DMA32: 11794 pages in unavailable ranges
[    0.038808] On node 0, zone Normal: 4096 pages in unavailable ranges
[    0.038841] On node 0, zone Normal: 3200 pages in unavailable ranges
[    0.039270] ACPI: PM-Timer IO Port: 0x808
[    0.039278] ACPI: LAPIC_NMI (acpi_id[0xff] high edge lint[0x1])
[    0.039295] IOAPIC[0]: apic_id 17, version 33, address 0xfec00000, GSI 0-23
[    0.039300] IOAPIC[1]: apic_id 18, version 33, address 0xfec01000, GSI 24-55
[    0.039302] ACPI: INT_SRC_OVR (bus 0 bus_irq 0 global_irq 2 dfl dfl)
[    0.039304] ACPI: INT_SRC_OVR (bus 0 bus_irq 9 global_irq 9 low level)
[    0.039308] ACPI: Using ACPI (MADT) for SMP configuration information
[    0.039309] ACPI: HPET id: 0x10228201 base: 0xfed00000
[    0.039320] e820: update [mem 0xb6c9e000-0xb6ce2fff] usable ==> reserved
[    0.039335] smpboot: Allowing 32 CPUs, 16 hotplug CPUs
[    0.039359] PM: hibernation: Registered nosave memory: [mem 0x00000000-0x00000fff]
[    0.039361] PM: hibernation: Registered nosave memory: [mem 0x000a0000-0x000fffff]
[    0.039362] PM: hibernation: Registered nosave memory: [mem 0x09c3f000-0x09ffffff]
[    0.039364] PM: hibernation: Registered nosave memory: [mem 0x0a200000-0x0a20afff]
[    0.039365] PM: hibernation: Registered nosave memory: [mem 0x0b000000-0x0b01ffff]
[    0.039367] PM: hibernation: Registered nosave memory: [mem 0xb6c9e000-0xb6ce2fff]
[    0.039369] PM: hibernation: Registered nosave memory: [mem 0xb7193000-0xb7193fff]
[    0.039370] PM: hibernation: Registered nosave memory: [mem 0xb71b2000-0xb71b2fff]
[    0.039371] PM: hibernation: Registered nosave memory: [mem 0xb71b3000-0xb71b3fff]
[    0.039373] PM: hibernation: Registered nosave memory: [mem 0xb71c1000-0xb71c1fff]
[    0.039374] PM: hibernation: Registered nosave memory: [mem 0xb965a000-0xb965afff]
[    0.039376] PM: hibernation: Registered nosave memory: [mem 0xbafed000-0xbc750fff]
[    0.039377] PM: hibernation: Registered nosave memory: [mem 0xbc751000-0xbc78efff]
[    0.039377] PM: hibernation: Registered nosave memory: [mem 0xbc78f000-0xbce4efff]
[    0.039378] PM: hibernation: Registered nosave memory: [mem 0xbce4f000-0xbddfefff]
[    0.039380] PM: hibernation: Registered nosave memory: [mem 0xbf000000-0xbfffffff]
[    0.039380] PM: hibernation: Registered nosave memory: [mem 0xc0000000-0xfe9fffff]
[    0.039381] PM: hibernation: Registered nosave memory: [mem 0xfea00000-0xfea0ffff]
[    0.039382] PM: hibernation: Registered nosave memory: [mem 0xfea10000-0xfec0ffff]
[    0.039382] PM: hibernation: Registered nosave memory: [mem 0xfec10000-0xfec10fff]
[    0.039383] PM: hibernation: Registered nosave memory: [mem 0xfec11000-0xfec2ffff]
[    0.039384] PM: hibernation: Registered nosave memory: [mem 0xfec30000-0xfec30fff]
[    0.039384] PM: hibernation: Registered nosave memory: [mem 0xfec31000-0xfecfffff]
[    0.039385] PM: hibernation: Registered nosave memory: [mem 0xfed00000-0xfed00fff]
[    0.039386] PM: hibernation: Registered nosave memory: [mem 0xfed01000-0xfed3ffff]
[    0.039386] PM: hibernation: Registered nosave memory: [mem 0xfed40000-0xfed44fff]
[    0.039387] PM: hibernation: Registered nosave memory: [mem 0xfed45000-0xfed7ffff]
[    0.039388] PM: hibernation: Registered nosave memory: [mem 0xfed80000-0xfed8ffff]
[    0.039388] PM: hibernation: Registered nosave memory: [mem 0xfed90000-0xfedc1fff]
[    0.039389] PM: hibernation: Registered nosave memory: [mem 0xfedc2000-0xfedcffff]
[    0.039390] PM: hibernation: Registered nosave memory: [mem 0xfedd0000-0xfedd3fff]
[    0.039390] PM: hibernation: Registered nosave memory: [mem 0xfedd4000-0xfedd5fff]
[    0.039391] PM: hibernation: Registered nosave memory: [mem 0xfedd6000-0xffffffff]
[    0.039392] [mem 0xc0000000-0xfe9fffff] available for PCI devices
[    0.039394] Booting paravirtualized kernel on bare hardware
[    0.039397] clocksource: refined-jiffies: mask: 0xffffffff max_cycles: 0xffffffff, max_idle_ns: 6370452778343963 ns
[    0.044180] setup_percpu: NR_CPUS:320 nr_cpumask_bits:32 nr_cpu_ids:32 nr_node_ids:1
[    0.045620] percpu: Embedded 64 pages/cpu s225280 r8192 d28672 u262144
[    0.045630] pcpu-alloc: s225280 r8192 d28672 u262144 alloc=1*2097152
[    0.045633] pcpu-alloc: [0] 00 01 02 03 04 05 06 07 [0] 08 09 10 11 12 13 14 15 
[    0.045642] pcpu-alloc: [0] 16 17 18 19 20 21 22 23 [0] 24 25 26 27 28 29 30 31 
[    0.045668] Kernel command line: BOOT_IMAGE=/vmlinuz-linux root=UUID=9d784875-226a-41e3-a962-1787a74121a0 rw rootfstype=ext4 loglevel=6 quiet nvidia-drm.modeset=1
[    0.045748] Unknown kernel command line parameters "BOOT_IMAGE=/vmlinuz-linux", will be passed to user space.
[    0.045762] printk: log_buf_len individual max cpu contribution: 4096 bytes
[    0.045763] printk: log_buf_len total cpu_extra contributions: 126976 bytes
[    0.045763] printk: log_buf_len min size: 131072 bytes
[    0.045989] printk: log_buf_len: 262144 bytes
[    0.045990] printk: early log buf free: 113024(86%)
[    0.048009] Dentry cache hash table entries: 2097152 (order: 12, 16777216 bytes, linear)
[    0.048999] Inode-cache hash table entries: 1048576 (order: 11, 8388608 bytes, linear)
[    0.049230] Fallback order for Node 0: 0 
[    0.049240] Built 1 zonelists, mobility grouping on.  Total pages: 4108731
[    0.049241] Policy zone: Normal
[    0.049507] mem auto-init: stack:all(zero), heap alloc:on, heap free:off
[    0.049574] software IO TLB: area num 32.
[    0.101521] Memory: 16109264K/16696452K available (16384K kernel code, 2123K rwdata, 12952K rodata, 3384K init, 3916K bss, 586928K reserved, 0K cma-reserved)
[    0.101771] SLUB: HWalign=64, Order=0-3, MinObjects=0, CPUs=32, Nodes=1
[    0.101805] ftrace: allocating 48459 entries in 190 pages
[    0.109003] ftrace: allocated 190 pages with 6 groups
[    0.109102] Dynamic Preempt: full
[    0.109168] rcu: Preemptible hierarchical RCU implementation.
[    0.109169] rcu: 	RCU restricting CPUs from NR_CPUS=320 to nr_cpu_ids=32.
[    0.109170] rcu: 	RCU priority boosting: priority 1 delay 500 ms.
[    0.109170] 	Trampoline variant of Tasks RCU enabled.
[    0.109171] 	Rude variant of Tasks RCU enabled.
[    0.109171] 	Tracing variant of Tasks RCU enabled.
[    0.109172] rcu: RCU calculated value of scheduler-enlistment delay is 30 jiffies.
[    0.109172] rcu: Adjusting geometry for rcu_fanout_leaf=16, nr_cpu_ids=32
[    0.111658] NR_IRQS: 20736, nr_irqs: 1224, preallocated irqs: 16
[    0.111858] rcu: srcu_init: Setting srcu_struct sizes based on contention.
[    0.111979] kfence: initialized - using 2097152 bytes for 255 objects at 0x(____ptrval____)-0x(____ptrval____)
[    0.112029] Console: colour dummy device 80x25
[    0.112031] printk: console [tty0] enabled
[    0.112083] ACPI: Core revision 20230331
[    0.112268] clocksource: hpet: mask: 0xffffffff max_cycles: 0xffffffff, max_idle_ns: 133484873504 ns
[    0.112299] APIC: Switch to symmetric I/O mode setup
[    0.113219] AMD-Vi: Using global IVHD EFR:0xf77ef22294ada, EFR2:0x0
[    0.113533] Switched APIC routing to physical flat.
[    0.114302] ..TIMER: vector=0x30 apic1=0 pin1=2 apic2=-1 pin2=-1
[    0.128967] clocksource: tsc-early: mask: 0xffffffffffffffff max_cycles: 0x33caa276ae7, max_idle_ns: 440795293861 ns
[    0.128971] Calibrating delay loop (skipped), value calculated using timer frequency.. 7188.49 BogoMIPS (lpj=11976793)
[    0.128983] AMD Zen1 DIV0 bug detected. Disable SMT for full protection.
[    0.129006] LVT offset 1 assigned for vector 0xf9
[    0.129064] LVT offset 2 assigned for vector 0xf4
[    0.129080] Last level iTLB entries: 4KB 1024, 2MB 1024, 4MB 512
[    0.129081] Last level dTLB entries: 4KB 1536, 2MB 1536, 4MB 768, 1GB 0
[    0.129084] Spectre V1 : Mitigation: usercopy/swapgs barriers and __user pointer sanitization
[    0.129086] Spectre V2 : Mitigation: Retpolines
[    0.129087] Spectre V2 : Spectre v2 / SpectreRSB mitigation: Filling RSB on context switch
[    0.129087] Spectre V2 : Spectre v2 / SpectreRSB : Filling RSB on VMEXIT
[    0.129088] Spectre V2 : Enabling Speculation Barrier for firmware calls
[    0.129088] RETBleed: Mitigation: untrained return thunk
[    0.129090] Spectre V2 : mitigation: Enabling conditional Indirect Branch Prediction Barrier
[    0.129092] Speculative Store Bypass: Mitigation: Speculative Store Bypass disabled via prctl
[    0.129093] Speculative Return Stack Overflow: Mitigation: safe RET
[    0.129096] x86/fpu: Supporting XSAVE feature 0x001: 'x87 floating point registers'
[    0.129098] x86/fpu: Supporting XSAVE feature 0x002: 'SSE registers'
[    0.129098] x86/fpu: Supporting XSAVE feature 0x004: 'AVX registers'
[    0.129100] x86/fpu: xstate_offset[2]:  576, xstate_sizes[2]:  256
[    0.129101] x86/fpu: Enabled xstate features 0x7, context size is 832 bytes, using 'compacted' format.
[    0.149546] Freeing SMP alternatives memory: 40K
[    0.149551] pid_max: default: 32768 minimum: 301
[    0.154753] LSM: initializing lsm=capability,landlock,lockdown,yama,bpf,integrity
[    0.154791] landlock: Up and running.
[    0.154792] Yama: becoming mindful.
[    0.154799] LSM support for eBPF active
[    0.154856] Mount-cache hash table entries: 32768 (order: 6, 262144 bytes, linear)
[    0.154879] Mountpoint-cache hash table entries: 32768 (order: 6, 262144 bytes, linear)
[    0.265118] smpboot: CPU0: AMD Ryzen 7 1800X Eight-Core Processor (family: 0x17, model: 0x1, stepping: 0x1)
[    0.265336] RCU Tasks: Setting shift to 5 and lim to 1 rcu_task_cb_adjust=1.
[    0.265361] RCU Tasks Rude: Setting shift to 5 and lim to 1 rcu_task_cb_adjust=1.
[    0.265386] RCU Tasks Trace: Setting shift to 5 and lim to 1 rcu_task_cb_adjust=1.
[    0.265404] Performance Events: Fam17h+ core perfctr, AMD PMU driver.
[    0.265410] ... version:                0
[    0.265411] ... bit width:              48
[    0.265412] ... generic registers:      6
[    0.265413] ... value mask:             0000ffffffffffff
[    0.265415] ... max period:             00007fffffffffff
[    0.265416] ... fixed-purpose events:   0
[    0.265417] ... event mask:             000000000000003f
[    0.265521] signal: max sigframe size: 1776
[    0.265557] rcu: Hierarchical SRCU implementation.
[    0.265559] rcu: 	Max phase no-delay instances is 1000.
[    0.265944] NMI watchdog: Enabled. Permanently consumes one hw-PMU counter.
[    0.266273] smp: Bringing up secondary CPUs ...
[    0.266416] smpboot: x86: Booting SMP configuration:
[    0.266417] .... node  #0, CPUs:        #1  #2  #3  #4  #5  #6  #7  #8  #9 #10 #11 #12 #13 #14 #15
[    0.300971] smp: Brought up 1 node, 16 CPUs
[    0.300971] smpboot: Max logical packages: 2
[    0.300971] smpboot: Total of 16 processors activated (115023.93 BogoMIPS)
[    0.302903] devtmpfs: initialized
[    0.302903] x86/mm: Memory block size: 128MB
[    0.305743] ACPI: PM: Registering ACPI NVS region [mem 0x0a200000-0x0a20afff] (45056 bytes)
[    0.305743] ACPI: PM: Registering ACPI NVS region [mem 0xbc78f000-0xbce4efff] (7077888 bytes)
[    0.305916] clocksource: jiffies: mask: 0xffffffff max_cycles: 0xffffffff, max_idle_ns: 6370867519511994 ns
[    0.305944] futex hash table entries: 8192 (order: 7, 524288 bytes, linear)
[    0.306027] pinctrl core: initialized pinctrl subsystem
[    0.306041] PM: RTC time: 02:13:05, date: 2023-10-02
[    0.306321] NET: Registered PF_NETLINK/PF_ROUTE protocol family
[    0.306634] DMA: preallocated 2048 KiB GFP_KERNEL pool for atomic allocations
[    0.306807] DMA: preallocated 2048 KiB GFP_KERNEL|GFP_DMA pool for atomic allocations
[    0.307027] DMA: preallocated 2048 KiB GFP_KERNEL|GFP_DMA32 pool for atomic allocations
[    0.307054] audit: initializing netlink subsys (disabled)
[    0.307068] audit: type=2000 audit(1696212785.193:1): state=initialized audit_enabled=0 res=1
[    0.307068] thermal_sys: Registered thermal governor 'fair_share'
[    0.307068] thermal_sys: Registered thermal governor 'bang_bang'
[    0.307068] thermal_sys: Registered thermal governor 'step_wise'
[    0.307068] thermal_sys: Registered thermal governor 'user_space'
[    0.307068] thermal_sys: Registered thermal governor 'power_allocator'
[    0.307068] cpuidle: using governor ladder
[    0.307068] cpuidle: using governor menu
[    0.307068] acpiphp: ACPI Hot Plug PCI Controller Driver version: 0.5
[    0.307068] PCI: MMCONFIG for domain 0000 [bus 00-7f] at [mem 0xf0000000-0xf7ffffff] (base 0xf0000000)
[    0.307068] PCI: not using MMCONFIG
[    0.307068] PCI: Using configuration type 1 for base access
[    0.307068] PCI: Using configuration type 1 for extended access
[    0.307068] kprobes: kprobe jump-optimization is enabled. All kprobes are optimized if possible.
[    0.309093] HugeTLB: registered 1.00 GiB page size, pre-allocated 0 pages
[    0.309093] HugeTLB: 16380 KiB vmemmap can be freed for a 1.00 GiB page
[    0.309093] HugeTLB: registered 2.00 MiB page size, pre-allocated 0 pages
[    0.309093] HugeTLB: 28 KiB vmemmap can be freed for a 2.00 MiB page
[    0.309334] ACPI: Added _OSI(Module Device)
[    0.309334] ACPI: Added _OSI(Processor Device)
[    0.309334] ACPI: Added _OSI(3.0 _SCP Extensions)
[    0.309334] ACPI: Added _OSI(Processor Aggregator Device)
[    0.340909] ACPI: 10 ACPI AML tables successfully acquired and loaded
[    0.344390] ACPI: [Firmware Bug]: BIOS _OSI(Linux) query ignored
[    0.357272] ACPI: Interpreter enabled
[    0.357272] ACPI: PM: (supports S0 S3 S4 S5)
[    0.357272] ACPI: Using IOAPIC for interrupt routing
[    0.360987] PCI: MMCONFIG for domain 0000 [bus 00-7f] at [mem 0xf0000000-0xf7ffffff] (base 0xf0000000)
[    0.361059] PCI: MMCONFIG at [mem 0xf0000000-0xf7ffffff] reserved as ACPI motherboard resource
[    0.361072] PCI: Using host bridge windows from ACPI; if necessary, use "pci=nocrs" and report a bug
[    0.361074] PCI: Ignoring E820 reservations for host bridge windows
[    0.361823] ACPI: Enabled 3 GPEs in block 00 to 1F
[    0.382123] ACPI: PCI Root Bridge [PCI0] (domain 0000 [bus 00-ff])
[    0.382130] acpi PNP0A08:00: _OSC: OS supports [ExtendedConfig ASPM ClockPM Segments MSI EDR HPX-Type3]
[    0.382308] acpi PNP0A08:00: _OSC: platform does not support [SHPCHotplug LTR DPC]
[    0.382628] acpi PNP0A08:00: _OSC: OS now controls [PCIeHotplug PME AER PCIeCapability]
[    0.382641] acpi PNP0A08:00: [Firmware Info]: MMCONFIG for domain 0000 [bus 00-7f] only partially covers this bridge
[    0.383432] PCI host bridge to bus 0000:00
[    0.383435] pci_bus 0000:00: root bus resource [io  0x0000-0x03af window]
[    0.383437] pci_bus 0000:00: root bus resource [io  0x03e0-0x0cf7 window]
[    0.383440] pci_bus 0000:00: root bus resource [io  0x03b0-0x03df window]
[    0.383442] pci_bus 0000:00: root bus resource [io  0x0d00-0xffff window]
[    0.383444] pci_bus 0000:00: root bus resource [mem 0x000a0000-0x000dffff window]
[    0.383447] pci_bus 0000:00: root bus resource [mem 0xc0000000-0xfec2ffff window]
[    0.383449] pci_bus 0000:00: root bus resource [mem 0xfee00000-0xffffffff window]
[    0.383451] pci_bus 0000:00: root bus resource [bus 00-ff]
[    0.383468] pci 0000:00:00.0: [1022:1450] type 00 class 0x060000
[    0.383578] pci 0000:00:00.2: [1022:1451] type 00 class 0x080600
[    0.383694] pci 0000:00:01.0: [1022:1452] type 00 class 0x060000
[    0.383758] pci 0000:00:01.1: [1022:1453] type 01 class 0x060400
[    0.383796] pci 0000:00:01.1: enabling Extended Tags
[    0.383882] pci 0000:00:01.1: PME# supported from D0 D3hot D3cold
[    0.384064] pci 0000:00:01.3: [1022:1453] type 01 class 0x060400
[    0.384096] pci 0000:00:01.3: enabling Extended Tags
[    0.384170] pci 0000:00:01.3: PME# supported from D0 D3hot D3cold
[    0.384390] pci 0000:00:02.0: [1022:1452] type 00 class 0x060000
[    0.384466] pci 0000:00:03.0: [1022:1452] type 00 class 0x060000
[    0.384531] pci 0000:00:03.1: [1022:1453] type 01 class 0x060400
[    0.384647] pci 0000:00:03.1: PME# supported from D0 D3hot D3cold
[    0.384820] pci 0000:00:04.0: [1022:1452] type 00 class 0x060000
[    0.384899] pci 0000:00:07.0: [1022:1452] type 00 class 0x060000
[    0.384961] pci 0000:00:07.1: [1022:1454] type 01 class 0x060400
[    0.384992] pci 0000:00:07.1: enabling Extended Tags
[    0.385062] pci 0000:00:07.1: PME# supported from D0 D3hot D3cold
[    0.385223] pci 0000:00:08.0: [1022:1452] type 00 class 0x060000
[    0.385285] pci 0000:00:08.1: [1022:1454] type 01 class 0x060400
[    0.385315] pci 0000:00:08.1: enabling Extended Tags
[    0.385385] pci 0000:00:08.1: PME# supported from D0 D3hot D3cold
[    0.385577] pci 0000:00:14.0: [1022:790b] type 00 class 0x0c0500
[    0.385817] pci 0000:00:14.3: [1022:790e] type 00 class 0x060100
[    0.386073] pci 0000:00:18.0: [1022:1460] type 00 class 0x060000
[    0.386121] pci 0000:00:18.1: [1022:1461] type 00 class 0x060000
[    0.386168] pci 0000:00:18.2: [1022:1462] type 00 class 0x060000
[    0.386219] pci 0000:00:18.3: [1022:1463] type 00 class 0x060000
[    0.386267] pci 0000:00:18.4: [1022:1464] type 00 class 0x060000
[    0.386315] pci 0000:00:18.5: [1022:1465] type 00 class 0x060000
[    0.386362] pci 0000:00:18.6: [1022:1466] type 00 class 0x060000
[    0.386409] pci 0000:00:18.7: [1022:1467] type 00 class 0x060000
[    0.386554] pci 0000:01:00.0: [1cc1:8201] type 00 class 0x010802
[    0.386571] pci 0000:01:00.0: reg 0x10: [mem 0xfc900000-0xfc903fff 64bit]
[    0.386769] pci 0000:00:01.1: PCI bridge to [bus 01]
[    0.386774] pci 0000:00:01.1:   bridge window [mem 0xfc900000-0xfc9fffff]
[    0.386880] pci 0000:02:00.0: [1022:43b9] type 00 class 0x0c0330
[    0.386897] pci 0000:02:00.0: reg 0x10: [mem 0xfc7a0000-0xfc7a7fff 64bit]
[    0.386933] pci 0000:02:00.0: enabling Extended Tags
[    0.386983] pci 0000:02:00.0: PME# supported from D3hot D3cold
[    0.387182] pci 0000:02:00.1: [1022:43b5] type 00 class 0x010601
[    0.387224] pci 0000:02:00.1: reg 0x24: [mem 0xfc780000-0xfc79ffff]
[    0.387232] pci 0000:02:00.1: reg 0x30: [mem 0xfc700000-0xfc77ffff pref]
[    0.387239] pci 0000:02:00.1: enabling Extended Tags
[    0.387279] pci 0000:02:00.1: PME# supported from D3hot D3cold
[    0.387390] pci 0000:02:00.2: [1022:43b0] type 01 class 0x060400
[    0.387429] pci 0000:02:00.2: enabling Extended Tags
[    0.387473] pci 0000:02:00.2: PME# supported from D3hot D3cold
[    0.387613] pci 0000:00:01.3: PCI bridge to [bus 02-08]
[    0.387617] pci 0000:00:01.3:   bridge window [io  0xf000-0xffff]
[    0.387620] pci 0000:00:01.3:   bridge window [mem 0xfc500000-0xfc7fffff]
[    0.387623] pci 0000:00:01.3:   bridge window [mem 0xe2100000-0xe21fffff 64bit pref]
[    0.387765] pci 0000:03:00.0: [1022:43b4] type 01 class 0x060400
[    0.387808] pci 0000:03:00.0: enabling Extended Tags
[    0.387867] pci 0000:03:00.0: PME# supported from D3hot D3cold
[    0.388013] pci 0000:03:01.0: [1022:43b4] type 01 class 0x060400
[    0.388056] pci 0000:03:01.0: enabling Extended Tags
[    0.388114] pci 0000:03:01.0: PME# supported from D3hot D3cold
[    0.388253] pci 0000:03:02.0: [1022:43b4] type 01 class 0x060400
[    0.388296] pci 0000:03:02.0: enabling Extended Tags
[    0.388354] pci 0000:03:02.0: PME# supported from D3hot D3cold
[    0.388494] pci 0000:03:03.0: [1022:43b4] type 01 class 0x060400
[    0.388537] pci 0000:03:03.0: enabling Extended Tags
[    0.388595] pci 0000:03:03.0: PME# supported from D3hot D3cold
[    0.388740] pci 0000:03:04.0: [1022:43b4] type 01 class 0x060400
[    0.388782] pci 0000:03:04.0: enabling Extended Tags
[    0.388840] pci 0000:03:04.0: PME# supported from D3hot D3cold
[    0.388994] pci 0000:02:00.2: PCI bridge to [bus 03-08]
[    0.389000] pci 0000:02:00.2:   bridge window [io  0xf000-0xffff]
[    0.389003] pci 0000:02:00.2:   bridge window [mem 0xfc500000-0xfc6fffff]
[    0.389009] pci 0000:02:00.2:   bridge window [mem 0xe2100000-0xe21fffff 64bit pref]
[    0.389059] pci 0000:03:00.0: PCI bridge to [bus 04]
[    0.389145] pci 0000:05:00.0: [10ec:8168] type 00 class 0x020000
[    0.389172] pci 0000:05:00.0: reg 0x10: [io  0xf000-0xf0ff]
[    0.389208] pci 0000:05:00.0: reg 0x18: [mem 0xfc600000-0xfc600fff 64bit]
[    0.389231] pci 0000:05:00.0: reg 0x20: [mem 0xe2100000-0xe2103fff 64bit pref]
[    0.389377] pci 0000:05:00.0: supports D1 D2
[    0.389378] pci 0000:05:00.0: PME# supported from D0 D1 D2 D3hot D3cold
[    0.389598] pci 0000:03:01.0: PCI bridge to [bus 05]
[    0.389604] pci 0000:03:01.0:   bridge window [io  0xf000-0xffff]
[    0.389607] pci 0000:03:01.0:   bridge window [mem 0xfc600000-0xfc6fffff]
[    0.389613] pci 0000:03:01.0:   bridge window [mem 0xe2100000-0xe21fffff 64bit pref]
[    0.389665] pci 0000:03:02.0: PCI bridge to [bus 06]
[    0.389724] pci 0000:03:03.0: PCI bridge to [bus 07]
[    0.389805] pci 0000:08:00.0: [15b7:5017] type 00 class 0x010802
[    0.389832] pci 0000:08:00.0: reg 0x10: [mem 0xfc500000-0xfc503fff 64bit]
[    0.390099] pci 0000:08:00.0: 16.000 Gb/s available PCIe bandwidth, limited by 5.0 GT/s PCIe x4 link at 0000:03:04.0 (capable of 63.012 Gb/s with 16.0 GT/s PCIe x4 link)
[    0.390241] pci 0000:03:04.0: PCI bridge to [bus 08]
[    0.390248] pci 0000:03:04.0:   bridge window [mem 0xfc500000-0xfc5fffff]
[    0.390368] pci 0000:09:00.0: [10de:1b83] type 00 class 0x030000
[    0.390382] pci 0000:09:00.0: reg 0x10: [mem 0xfb000000-0xfbffffff]
[    0.390394] pci 0000:09:00.0: reg 0x14: [mem 0xd0000000-0xdfffffff 64bit pref]
[    0.390406] pci 0000:09:00.0: reg 0x1c: [mem 0xe0000000-0xe1ffffff 64bit pref]
[    0.390415] pci 0000:09:00.0: reg 0x24: [io  0xe000-0xe07f]
[    0.390423] pci 0000:09:00.0: reg 0x30: [mem 0xfc000000-0xfc07ffff pref]
[    0.390446] pci 0000:09:00.0: BAR 3: assigned to efifb
[    0.390452] pci 0000:09:00.0: Video device with shadowed ROM at [mem 0x000c0000-0x000dffff]
[    0.390561] pci 0000:09:00.0: 32.000 Gb/s available PCIe bandwidth, limited by 2.5 GT/s PCIe x16 link at 0000:00:03.1 (capable of 126.016 Gb/s with 8.0 GT/s PCIe x16 link)
[    0.390643] pci 0000:09:00.1: [10de:10f0] type 00 class 0x040300
[    0.390658] pci 0000:09:00.1: reg 0x10: [mem 0xfc080000-0xfc083fff]
[    0.390831] pci 0000:00:03.1: PCI bridge to [bus 09]
[    0.390835] pci 0000:00:03.1:   bridge window [io  0xe000-0xefff]
[    0.390838] pci 0000:00:03.1:   bridge window [mem 0xfb000000-0xfc0fffff]
[    0.390841] pci 0000:00:03.1:   bridge window [mem 0xd0000000-0xe1ffffff 64bit pref]
[    0.390927] pci 0000:0a:00.0: [1022:145a] type 00 class 0x130000
[    0.390950] pci 0000:0a:00.0: enabling Extended Tags
[    0.391053] pci 0000:0a:00.2: [1022:1456] type 00 class 0x108000
[    0.391065] pci 0000:0a:00.2: reg 0x18: [mem 0xfc300000-0xfc3fffff]
[    0.391074] pci 0000:0a:00.2: reg 0x24: [mem 0xfc400000-0xfc401fff]
[    0.391081] pci 0000:0a:00.2: enabling Extended Tags
[    0.391211] pci 0000:0a:00.3: [1022:145c] type 00 class 0x0c0330
[    0.391222] pci 0000:0a:00.3: reg 0x10: [mem 0xfc200000-0xfc2fffff 64bit]
[    0.391242] pci 0000:0a:00.3: enabling Extended Tags
[    0.391273] pci 0000:0a:00.3: PME# supported from D0 D3hot D3cold
[    0.391400] pci 0000:00:07.1: PCI bridge to [bus 0a]
[    0.391404] pci 0000:00:07.1:   bridge window [mem 0xfc200000-0xfc4fffff]
[    0.391499] pci 0000:0b:00.0: [1022:1455] type 00 class 0x130000
[    0.391524] pci 0000:0b:00.0: enabling Extended Tags
[    0.391635] pci 0000:0b:00.2: [1022:7901] type 00 class 0x010601
[    0.391661] pci 0000:0b:00.2: reg 0x24: [mem 0xfc808000-0xfc808fff]
[    0.391670] pci 0000:0b:00.2: enabling Extended Tags
[    0.391703] pci 0000:0b:00.2: PME# supported from D3hot D3cold
[    0.391810] pci 0000:0b:00.3: [1022:1457] type 00 class 0x040300
[    0.391818] pci 0000:0b:00.3: reg 0x10: [mem 0xfc800000-0xfc807fff]
[    0.391837] pci 0000:0b:00.3: enabling Extended Tags
[    0.391870] pci 0000:0b:00.3: PME# supported from D0 D3hot D3cold
[    0.391985] pci 0000:00:08.1: PCI bridge to [bus 0b]
[    0.391989] pci 0000:00:08.1:   bridge window [mem 0xfc800000-0xfc8fffff]
[    0.392742] ACPI: PCI: Interrupt link LNKA configured for IRQ 0
[    0.392837] ACPI: PCI: Interrupt link LNKB configured for IRQ 0
[    0.392925] ACPI: PCI: Interrupt link LNKC configured for IRQ 0
[    0.393035] ACPI: PCI: Interrupt link LNKD configured for IRQ 0
[    0.393128] ACPI: PCI: Interrupt link LNKE configured for IRQ 0
[    0.393205] ACPI: PCI: Interrupt link LNKF configured for IRQ 0
[    0.393282] ACPI: PCI: Interrupt link LNKG configured for IRQ 0
[    0.393360] ACPI: PCI: Interrupt link LNKH configured for IRQ 0
[    0.395657] iommu: Default domain type: Translated
[    0.395657] iommu: DMA domain TLB invalidation policy: lazy mode
[    0.396004] SCSI subsystem initialized
[    0.396019] libata version 3.00 loaded.
[    0.396019] ACPI: bus type USB registered
[    0.396019] usbcore: registered new interface driver usbfs
[    0.396019] usbcore: registered new interface driver hub
[    0.396019] usbcore: registered new device driver usb
[    0.396019] pps_core: LinuxPPS API ver. 1 registered
[    0.396019] pps_core: Software ver. 5.3.6 - Copyright 2005-2007 Rodolfo Giometti <giometti@linux.it>
[    0.396019] PTP clock support registered
[    0.396019] EDAC MC: Ver: 3.0.0
[    0.396019] efivars: Registered efivars operations
[    0.396019] NetLabel: Initializing
[    0.396019] NetLabel:  domain hash size = 128
[    0.396019] NetLabel:  protocols = UNLABELED CIPSOv4 CALIPSO
[    0.396019] NetLabel:  unlabeled traffic allowed by default
[    0.396019] mctp: management component transport protocol core
[    0.396019] NET: Registered PF_MCTP protocol family
[    0.396019] PCI: Using ACPI for IRQ routing
[    0.403612] PCI: pci_cache_line_size set to 64 bytes
[    0.403678] e820: reserve RAM buffer [mem 0x09c3f000-0x0bffffff]
[    0.403680] e820: reserve RAM buffer [mem 0x0a200000-0x0bffffff]
[    0.403682] e820: reserve RAM buffer [mem 0x0b000000-0x0bffffff]
[    0.403684] e820: reserve RAM buffer [mem 0xb6c9e000-0xb7ffffff]
[    0.403685] e820: reserve RAM buffer [mem 0xb7193018-0xb7ffffff]
[    0.403687] e820: reserve RAM buffer [mem 0xb71b3018-0xb7ffffff]
[    0.403688] e820: reserve RAM buffer [mem 0xb965a000-0xbbffffff]
[    0.403690] e820: reserve RAM buffer [mem 0xbafed000-0xbbffffff]
[    0.403691] e820: reserve RAM buffer [mem 0xbf000000-0xbfffffff]
[    0.403693] e820: reserve RAM buffer [mem 0x43f380000-0x43fffffff]
[    0.405668] pci 0000:09:00.0: vgaarb: setting as boot VGA device
[    0.405668] pci 0000:09:00.0: vgaarb: bridge control possible
[    0.405668] pci 0000:09:00.0: vgaarb: VGA device added: decodes=io+mem,owns=io+mem,locks=none
[    0.405668] vgaarb: loaded
[    0.405740] hpet0: at MMIO 0xfed00000, IRQs 2, 8, 0
[    0.405747] hpet0: 3 comparators, 32-bit 14.318180 MHz counter
[    0.407882] clocksource: Switched to clocksource tsc-early
[    0.420697] VFS: Disk quotas dquot_6.6.0
[    0.420725] VFS: Dquot-cache hash table entries: 512 (order 0, 4096 bytes)
[    0.420870] pnp: PnP ACPI init
[    0.421055] system 00:00: [mem 0xf0000000-0xf7ffffff] has been reserved
[    0.421473] system 00:02: [io  0x0a00-0x0a2f] has been reserved
[    0.421476] system 00:02: [io  0x0a30-0x0a3f] has been reserved
[    0.421478] system 00:02: [io  0x0a40-0x0a4f] has been reserved
[    0.421974] pnp 00:03: [dma 0 disabled]
[    0.422409] system 00:04: [io  0x04d0-0x04d1] has been reserved
[    0.422412] system 00:04: [io  0x040b] has been reserved
[    0.422415] system 00:04: [io  0x04d6] has been reserved
[    0.422417] system 00:04: [io  0x0c00-0x0c01] has been reserved
[    0.422419] system 00:04: [io  0x0c14] has been reserved
[    0.422421] system 00:04: [io  0x0c50-0x0c51] has been reserved
[    0.422423] system 00:04: [io  0x0c52] has been reserved
[    0.422425] system 00:04: [io  0x0c6c] has been reserved
[    0.422427] system 00:04: [io  0x0c6f] has been reserved
[    0.422429] system 00:04: [io  0x0cd8-0x0cdf] has been reserved
[    0.422432] system 00:04: [io  0x0800-0x089f] has been reserved
[    0.422434] system 00:04: [io  0x0b00-0x0b0f] has been reserved
[    0.422436] system 00:04: [io  0x0b20-0x0b3f] has been reserved
[    0.422438] system 00:04: [io  0x0900-0x090f] has been reserved
[    0.422440] system 00:04: [io  0x0910-0x091f] has been reserved
[    0.422443] system 00:04: [mem 0xfec00000-0xfec00fff] could not be reserved
[    0.422445] system 00:04: [mem 0xfec01000-0xfec01fff] could not be reserved
[    0.422448] system 00:04: [mem 0xfedc0000-0xfedc0fff] has been reserved
[    0.422451] system 00:04: [mem 0xfee00000-0xfee00fff] has been reserved
[    0.422453] system 00:04: [mem 0xfed80000-0xfed8ffff] could not be reserved
[    0.422456] system 00:04: [mem 0xfec10000-0xfec10fff] has been reserved
[    0.422458] system 00:04: [mem 0xff000000-0xffffffff] has been reserved
[    0.423493] pnp: PnP ACPI: found 5 devices
[    0.430000] clocksource: acpi_pm: mask: 0xffffff max_cycles: 0xffffff, max_idle_ns: 2085701024 ns
[    0.430081] NET: Registered PF_INET protocol family
[    0.430310] IP idents hash table entries: 262144 (order: 9, 2097152 bytes, linear)
[    0.433314] tcp_listen_portaddr_hash hash table entries: 8192 (order: 5, 131072 bytes, linear)
[    0.433351] Table-perturb hash table entries: 65536 (order: 6, 262144 bytes, linear)
[    0.433455] TCP established hash table entries: 131072 (order: 8, 1048576 bytes, linear)
[    0.433734] TCP bind hash table entries: 65536 (order: 9, 2097152 bytes, linear)
[    0.433843] TCP: Hash tables configured (established 131072 bind 65536)
[    0.433964] MPTCP token hash table entries: 16384 (order: 6, 393216 bytes, linear)
[    0.434019] UDP hash table entries: 8192 (order: 6, 262144 bytes, linear)
[    0.434060] UDP-Lite hash table entries: 8192 (order: 6, 262144 bytes, linear)
[    0.434149] NET: Registered PF_UNIX/PF_LOCAL protocol family
[    0.434157] NET: Registered PF_XDP protocol family
[    0.434176] pci 0000:00:01.1: PCI bridge to [bus 01]
[    0.434181] pci 0000:00:01.1:   bridge window [mem 0xfc900000-0xfc9fffff]
[    0.434187] pci 0000:03:00.0: PCI bridge to [bus 04]
[    0.434198] pci 0000:03:01.0: PCI bridge to [bus 05]
[    0.434201] pci 0000:03:01.0:   bridge window [io  0xf000-0xffff]
[    0.434205] pci 0000:03:01.0:   bridge window [mem 0xfc600000-0xfc6fffff]
[    0.434209] pci 0000:03:01.0:   bridge window [mem 0xe2100000-0xe21fffff 64bit pref]
[    0.434215] pci 0000:03:02.0: PCI bridge to [bus 06]
[    0.434225] pci 0000:03:03.0: PCI bridge to [bus 07]
[    0.434234] pci 0000:03:04.0: PCI bridge to [bus 08]
[    0.434239] pci 0000:03:04.0:   bridge window [mem 0xfc500000-0xfc5fffff]
[    0.434246] pci 0000:02:00.2: PCI bridge to [bus 03-08]
[    0.434248] pci 0000:02:00.2:   bridge window [io  0xf000-0xffff]
[    0.434253] pci 0000:02:00.2:   bridge window [mem 0xfc500000-0xfc6fffff]
[    0.434256] pci 0000:02:00.2:   bridge window [mem 0xe2100000-0xe21fffff 64bit pref]
[    0.434262] pci 0000:00:01.3: PCI bridge to [bus 02-08]
[    0.434264] pci 0000:00:01.3:   bridge window [io  0xf000-0xffff]
[    0.434267] pci 0000:00:01.3:   bridge window [mem 0xfc500000-0xfc7fffff]
[    0.434269] pci 0000:00:01.3:   bridge window [mem 0xe2100000-0xe21fffff 64bit pref]
[    0.434275] pci 0000:00:03.1: PCI bridge to [bus 09]
[    0.434277] pci 0000:00:03.1:   bridge window [io  0xe000-0xefff]
[    0.434280] pci 0000:00:03.1:   bridge window [mem 0xfb000000-0xfc0fffff]
[    0.434283] pci 0000:00:03.1:   bridge window [mem 0xd0000000-0xe1ffffff 64bit pref]
[    0.434288] pci 0000:00:07.1: PCI bridge to [bus 0a]
[    0.434291] pci 0000:00:07.1:   bridge window [mem 0xfc200000-0xfc4fffff]
[    0.434295] pci 0000:00:08.1: PCI bridge to [bus 0b]
[    0.434298] pci 0000:00:08.1:   bridge window [mem 0xfc800000-0xfc8fffff]
[    0.434304] pci_bus 0000:00: resource 4 [io  0x0000-0x03af window]
[    0.434307] pci_bus 0000:00: resource 5 [io  0x03e0-0x0cf7 window]
[    0.434309] pci_bus 0000:00: resource 6 [io  0x03b0-0x03df window]
[    0.434311] pci_bus 0000:00: resource 7 [io  0x0d00-0xffff window]
[    0.434313] pci_bus 0000:00: resource 8 [mem 0x000a0000-0x000dffff window]
[    0.434315] pci_bus 0000:00: resource 9 [mem 0xc0000000-0xfec2ffff window]
[    0.434317] pci_bus 0000:00: resource 10 [mem 0xfee00000-0xffffffff window]
[    0.434319] pci_bus 0000:01: resource 1 [mem 0xfc900000-0xfc9fffff]
[    0.434321] pci_bus 0000:02: resource 0 [io  0xf000-0xffff]
[    0.434323] pci_bus 0000:02: resource 1 [mem 0xfc500000-0xfc7fffff]
[    0.434325] pci_bus 0000:02: resource 2 [mem 0xe2100000-0xe21fffff 64bit pref]
[    0.434327] pci_bus 0000:03: resource 0 [io  0xf000-0xffff]
[    0.434329] pci_bus 0000:03: resource 1 [mem 0xfc500000-0xfc6fffff]
[    0.434331] pci_bus 0000:03: resource 2 [mem 0xe2100000-0xe21fffff 64bit pref]
[    0.434333] pci_bus 0000:05: resource 0 [io  0xf000-0xffff]
[    0.434335] pci_bus 0000:05: resource 1 [mem 0xfc600000-0xfc6fffff]
[    0.434337] pci_bus 0000:05: resource 2 [mem 0xe2100000-0xe21fffff 64bit pref]
[    0.434339] pci_bus 0000:08: resource 1 [mem 0xfc500000-0xfc5fffff]
[    0.434341] pci_bus 0000:09: resource 0 [io  0xe000-0xefff]
[    0.434343] pci_bus 0000:09: resource 1 [mem 0xfb000000-0xfc0fffff]
[    0.434345] pci_bus 0000:09: resource 2 [mem 0xd0000000-0xe1ffffff 64bit pref]
[    0.434347] pci_bus 0000:0a: resource 1 [mem 0xfc200000-0xfc4fffff]
[    0.434349] pci_bus 0000:0b: resource 1 [mem 0xfc800000-0xfc8fffff]
[    0.434677] pci 0000:09:00.1: extending delay after power-on from D3hot to 20 msec
[    0.434715] pci 0000:09:00.1: D0 power state depends on 0000:09:00.0
[    0.434927] PCI: CLS 64 bytes, default 64
[    0.434941] pci 0000:00:00.2: AMD-Vi: IOMMU performance counters supported
[    0.435002] pci 0000:00:01.0: Adding to iommu group 0
[    0.435005] Trying to unpack rootfs image as initramfs...
[    0.435022] pci 0000:00:01.1: Adding to iommu group 1
[    0.435041] pci 0000:00:01.3: Adding to iommu group 2
[    0.435070] pci 0000:00:02.0: Adding to iommu group 3
[    0.435100] pci 0000:00:03.0: Adding to iommu group 4
[    0.435119] pci 0000:00:03.1: Adding to iommu group 5
[    0.435147] pci 0000:00:04.0: Adding to iommu group 6
[    0.435175] pci 0000:00:07.0: Adding to iommu group 7
[    0.435195] pci 0000:00:07.1: Adding to iommu group 8
[    0.435223] pci 0000:00:08.0: Adding to iommu group 9
[    0.435243] pci 0000:00:08.1: Adding to iommu group 10
[    0.435280] pci 0000:00:14.0: Adding to iommu group 11
[    0.435299] pci 0000:00:14.3: Adding to iommu group 11
[    0.435392] pci 0000:00:18.0: Adding to iommu group 12
[    0.435411] pci 0000:00:18.1: Adding to iommu group 12
[    0.435430] pci 0000:00:18.2: Adding to iommu group 12
[    0.435448] pci 0000:00:18.3: Adding to iommu group 12
[    0.435466] pci 0000:00:18.4: Adding to iommu group 12
[    0.435485] pci 0000:00:18.5: Adding to iommu group 12
[    0.435503] pci 0000:00:18.6: Adding to iommu group 12
[    0.435523] pci 0000:00:18.7: Adding to iommu group 12
[    0.435541] pci 0000:01:00.0: Adding to iommu group 13
[    0.435585] pci 0000:02:00.0: Adding to iommu group 14
[    0.435606] pci 0000:02:00.1: Adding to iommu group 14
[    0.435626] pci 0000:02:00.2: Adding to iommu group 14
[    0.435632] pci 0000:03:00.0: Adding to iommu group 14
[    0.435642] pci 0000:03:01.0: Adding to iommu group 14
[    0.435648] pci 0000:03:02.0: Adding to iommu group 14
[    0.435654] pci 0000:03:03.0: Adding to iommu group 14
[    0.435660] pci 0000:03:04.0: Adding to iommu group 14
[    0.435667] pci 0000:05:00.0: Adding to iommu group 14
[    0.435673] pci 0000:08:00.0: Adding to iommu group 14
[    0.435708] pci 0000:09:00.0: Adding to iommu group 15
[    0.435732] pci 0000:09:00.1: Adding to iommu group 15
[    0.435752] pci 0000:0a:00.0: Adding to iommu group 16
[    0.435771] pci 0000:0a:00.2: Adding to iommu group 17
[    0.435790] pci 0000:0a:00.3: Adding to iommu group 18
[    0.435811] pci 0000:0b:00.0: Adding to iommu group 19
[    0.435830] pci 0000:0b:00.2: Adding to iommu group 20
[    0.435848] pci 0000:0b:00.3: Adding to iommu group 21
[    0.440406] pci 0000:00:00.2: AMD-Vi: Found IOMMU cap 0x40
[    0.440412] AMD-Vi: Extended features (0xf77ef22294ada, 0x0): PPR NX GT IA GA PC GA_vAPIC
[    0.440423] AMD-Vi: Interrupt remapping enabled
[    0.440431] AMD-Vi: Virtual APIC enabled
[    0.440556] PCI-DMA: Using software bounce buffering for IO (SWIOTLB)
[    0.440557] software IO TLB: mapped [mem 0x00000000b17ad000-0x00000000b57ad000] (64MB)
[    0.440641] perf/amd_iommu: Detected AMD IOMMU #0 (2 banks, 4 counters/bank).
[    0.442927] Initialise system trusted keyrings
[    0.442936] Key type blacklist registered
[    0.442985] workingset: timestamp_bits=41 max_order=22 bucket_order=0
[    0.443001] zbud: loaded
[    0.443252] integrity: Platform Keyring initialized
[    0.443255] integrity: Machine keyring initialized
[    0.451041] jitterentropy: Initialization failed with host not compliant with requirements: 9
[    0.451043] Key type asymmetric registered
[    0.451045] Asymmetric key parser 'x509' registered
[    0.451065] Block layer SCSI generic (bsg) driver version 0.4 loaded (major 242)
[    0.451147] io scheduler mq-deadline registered
[    0.451148] io scheduler kyber registered
[    0.451160] io scheduler bfq registered
[    0.453020] pcieport 0000:00:01.1: PME: Signaling with IRQ 26
[    0.453115] pcieport 0000:00:01.1: AER: enabled with IRQ 26
[    0.453339] pcieport 0000:00:01.3: PME: Signaling with IRQ 27
[    0.453415] pcieport 0000:00:01.3: AER: enabled with IRQ 27
[    0.453652] pcieport 0000:00:03.1: PME: Signaling with IRQ 28
[    0.453734] pcieport 0000:00:03.1: AER: enabled with IRQ 28
[    0.453942] pcieport 0000:00:07.1: PME: Signaling with IRQ 29
[    0.454018] pcieport 0000:00:07.1: AER: enabled with IRQ 29
[    0.454335] pcieport 0000:00:08.1: PME: Signaling with IRQ 31
[    0.454404] pcieport 0000:00:08.1: AER: enabled with IRQ 31
[    0.455407] shpchp: Standard Hot Plug PCI Controller Driver version: 0.4
[    0.455446] efifb: probing for efifb
[    0.455470] efifb: Ignoring BGRT: unexpected or invalid BMP data
[    0.455471] efifb: framebuffer at 0xe1000000, using 8100k, total 8100k
[    0.455473] efifb: mode is 1920x1080x32, linelength=7680, pages=1
[    0.455474] efifb: scrolling: redraw
[    0.455475] efifb: Truecolor: size=8:8:8:8, shift=24:16:8:0
[    0.455542] fbcon: Deferring console take-over
[    0.455543] fb0: EFI VGA frame buffer device
[    0.455695] input: Power Button as /devices/LNXSYSTM:00/LNXSYBUS:00/PNP0C0C:00/input/input0
[    0.455722] ACPI: button: Power Button [PWRB]
[    0.455767] input: Power Button as /devices/LNXSYSTM:00/LNXPWRBN:00/input/input1
[    0.458425] ACPI: button: Power Button [PWRF]
[    0.458476] [Firmware Bug]: ACPI MWAIT C-state 0x0 not supported by HW (0x0)
[    0.458485] ACPI: \_PR_.C000: Found 2 idle states
[    0.458598] [Firmware Bug]: ACPI MWAIT C-state 0x0 not supported by HW (0x0)
[    0.458604] ACPI: \_PR_.C002: Found 2 idle states
[    0.458771] [Firmware Bug]: ACPI MWAIT C-state 0x0 not supported by HW (0x0)
[    0.458780] ACPI: \_PR_.C004: Found 2 idle states
[    0.458946] [Firmware Bug]: ACPI MWAIT C-state 0x0 not supported by HW (0x0)
[    0.458955] ACPI: \_PR_.C006: Found 2 idle states
[    0.459063] [Firmware Bug]: ACPI MWAIT C-state 0x0 not supported by HW (0x0)
[    0.459072] ACPI: \_PR_.C008: Found 2 idle states
[    0.459213] [Firmware Bug]: ACPI MWAIT C-state 0x0 not supported by HW (0x0)
[    0.459223] ACPI: \_PR_.C00A: Found 2 idle states
[    0.459364] [Firmware Bug]: ACPI MWAIT C-state 0x0 not supported by HW (0x0)
[    0.459372] ACPI: \_PR_.C00C: Found 2 idle states
[    0.459514] [Firmware Bug]: ACPI MWAIT C-state 0x0 not supported by HW (0x0)
[    0.459523] ACPI: \_PR_.C00E: Found 2 idle states
[    0.459631] [Firmware Bug]: ACPI MWAIT C-state 0x0 not supported by HW (0x0)
[    0.459638] ACPI: \_PR_.C001: Found 2 idle states
[    0.459768] [Firmware Bug]: ACPI MWAIT C-state 0x0 not supported by HW (0x0)
[    0.459776] ACPI: \_PR_.C003: Found 2 idle states
[    0.459916] [Firmware Bug]: ACPI MWAIT C-state 0x0 not supported by HW (0x0)
[    0.459924] ACPI: \_PR_.C005: Found 2 idle states
[    0.460058] [Firmware Bug]: ACPI MWAIT C-state 0x0 not supported by HW (0x0)
[    0.460065] ACPI: \_PR_.C007: Found 2 idle states
[    0.460201] [Firmware Bug]: ACPI MWAIT C-state 0x0 not supported by HW (0x0)
[    0.460209] ACPI: \_PR_.C009: Found 2 idle states
[    0.460346] [Firmware Bug]: ACPI MWAIT C-state 0x0 not supported by HW (0x0)
[    0.460354] ACPI: \_PR_.C00B: Found 2 idle states
[    0.460485] [Firmware Bug]: ACPI MWAIT C-state 0x0 not supported by HW (0x0)
[    0.460493] ACPI: \_PR_.C00D: Found 2 idle states
[    0.460627] [Firmware Bug]: ACPI MWAIT C-state 0x0 not supported by HW (0x0)
[    0.460635] ACPI: \_PR_.C00F: Found 2 idle states
[    0.696301] Freeing initrd memory: 100216K
[    1.444153] tsc: Refined TSC clocksource calibration: 3593.249 MHz
[    1.444171] clocksource: tsc: mask: 0xffffffffffffffff max_cycles: 0x33cb698e952, max_idle_ns: 440795267109 ns
[    1.444393] clocksource: Switched to clocksource tsc
[    2.512866] ACPI: \_TZ_.TZ10: Invalid passive threshold
[    2.513190] thermal LNXTHERM:00: registered as thermal_zone0
[    2.513192] ACPI: thermal: Thermal Zone [TZ10] (17 C)
[    2.513307] ACPI: \_TZ_.UAD0: Invalid passive threshold
[    2.513401] thermal LNXTHERM:01: registered as thermal_zone1
[    2.513403] ACPI: thermal: Thermal Zone [UAD0] (17 C)
[    2.513771] Serial: 8250/16550 driver, 32 ports, IRQ sharing enabled
[    2.514017] 00:03: ttyS0 at I/O 0x3f8 (irq = 4, base_baud = 115200) is a 16550A
[    2.518322] Non-volatile memory driver v1.3
[    2.518324] Linux agpgart interface v0.103
[    2.560885] tpm_crb MSFT0101:00: Disabling hwrng
[    2.561467] AMD-Vi: AMD IOMMUv2 loaded and initialized
[    2.561522] ACPI: bus type drm_connector registered
[    2.563803] ahci 0000:02:00.1: version 3.0
[    2.563954] ahci 0000:02:00.1: SSS flag set, parallel bus scan disabled
[    2.564010] ahci 0000:02:00.1: AHCI 0001.0301 32 slots 8 ports 6 Gbps 0xff impl SATA mode
[    2.564013] ahci 0000:02:00.1: flags: 64bit ncq sntf stag pm led clo only pmp pio slum part sxs deso sadm sds apst 
[    2.564745] scsi host0: ahci
[    2.564885] scsi host1: ahci
[    2.565006] scsi host2: ahci
[    2.565124] scsi host3: ahci
[    2.565239] scsi host4: ahci
[    2.565352] scsi host5: ahci
[    2.565463] scsi host6: ahci
[    2.565583] scsi host7: ahci
[    2.565634] ata1: SATA max UDMA/133 abar m131072@0xfc780000 port 0xfc780100 irq 40
[    2.565637] ata2: SATA max UDMA/133 abar m131072@0xfc780000 port 0xfc780180 irq 40
[    2.565639] ata3: SATA max UDMA/133 abar m131072@0xfc780000 port 0xfc780200 irq 40
[    2.565642] ata4: SATA max UDMA/133 abar m131072@0xfc780000 port 0xfc780280 irq 40
[    2.565644] ata5: SATA max UDMA/133 abar m131072@0xfc780000 port 0xfc780300 irq 40
[    2.565646] ata6: SATA max UDMA/133 abar m131072@0xfc780000 port 0xfc780380 irq 40
[    2.565648] ata7: SATA max UDMA/133 abar m131072@0xfc780000 port 0xfc780400 irq 40
[    2.565651] ata8: SATA max UDMA/133 abar m131072@0xfc780000 port 0xfc780480 irq 40
[    2.565802] ahci 0000:0b:00.2: AHCI 0001.0301 32 slots 1 ports 6 Gbps 0x1 impl SATA mode
[    2.565806] ahci 0000:0b:00.2: flags: 64bit ncq sntf ilck pm led clo only pmp fbs pio slum part 
[    2.566026] scsi host8: ahci
[    2.566074] ata9: SATA max UDMA/133 abar m4096@0xfc808000 port 0xfc808100 irq 42
[    2.566167] usbcore: registered new interface driver usbserial_generic
[    2.566172] usbserial: USB Serial support registered for generic
[    2.566256] rtc_cmos 00:01: RTC can wake from S4
[    2.566678] rtc_cmos 00:01: registered as rtc0
[    2.566742] rtc_cmos 00:01: setting system clock to 2023-10-02T02:13:07 UTC (1696212787)
[    2.566781] rtc_cmos 00:01: alarms up to one month, y3k, 114 bytes nvram, hpet irqs
[    2.566826] amd_pstate: the _CPC object is not present in SBIOS or ACPI disabled
[    2.567036] ledtrig-cpu: registered to indicate activity on CPUs
[    2.567294] hid: raw HID events driver (C) Jiri Kosina
[    2.567407] drop_monitor: Initializing network drop monitor service
[    2.580609] Initializing XFRM netlink socket
[    2.580652] NET: Registered PF_INET6 protocol family
[    2.586694] Segment Routing with IPv6
[    2.586696] RPL Segment Routing with IPv6
[    2.586708] In-situ OAM (IOAM) with IPv6
[    2.586738] NET: Registered PF_PACKET protocol family
[    2.588306] microcode: CPU1: patch_level=0x08001138
[    2.588306] microcode: CPU0: patch_level=0x08001138
[    2.588308] microcode: CPU2: patch_level=0x08001138
[    2.588309] microcode: CPU3: patch_level=0x08001138
[    2.588311] microcode: CPU4: patch_level=0x08001138
[    2.588311] microcode: CPU5: patch_level=0x08001138
[    2.588312] microcode: CPU6: patch_level=0x08001138
[    2.588314] microcode: CPU7: patch_level=0x08001138
[    2.588315] microcode: CPU8: patch_level=0x08001138
[    2.588317] microcode: CPU10: patch_level=0x08001138
[    2.588318] microcode: CPU11: patch_level=0x08001138
[    2.588319] microcode: CPU12: patch_level=0x08001138
[    2.588320] microcode: CPU9: patch_level=0x08001138
[    2.588320] microcode: CPU13: patch_level=0x08001138
[    2.588322] microcode: CPU14: patch_level=0x08001138
[    2.588323] microcode: CPU15: patch_level=0x08001138
[    2.588346] microcode: Microcode Update Driver: v2.2.
[    2.588351] IPI shorthand broadcast: enabled
[    2.591004] sched_clock: Marking stable (2590000855, 383357)->(2599806424, -9422212)
[    2.591165] registered taskstats version 1
[    2.591800] Loading compiled-in X.509 certificates
[    2.594765] Loaded X.509 cert 'Build time autogenerated kernel key: 84625fc02c1a53756a889bb3ea4fa4e0b56462ee'
[    2.598498] zswap: loaded using pool zstd/zsmalloc
[    2.601701] Key type .fscrypt registered
[    2.601704] Key type fscrypt-provisioning registered
[    2.602956] PM:   Magic number: 11:550:206
[    2.603037] acpi device:2e: hash matches
[    2.609684] RAS: Correctable Errors collector initialized.
[    2.609762] clk: Disabling unused clocks
[    2.874193] ata1: SATA link down (SStatus 0 SControl 300)
[    2.877594] ata9: SATA link down (SStatus 0 SControl 300)
[    3.184490] ata2: SATA link down (SStatus 0 SControl 300)
[    4.217428] ata3: failed to resume link (SControl 0)
[    4.217445] ata3: SATA link down (SStatus 0 SControl 0)
[    5.250814] ata4: failed to resume link (SControl 0)
[    5.250831] ata4: SATA link down (SStatus 0 SControl 0)
[    5.561548] ata5: SATA link down (SStatus 0 SControl 300)
[    6.030812] ata6: SATA link up 6.0 Gbps (SStatus 133 SControl 300)
[    6.031350] ata6.00: ATA-10: WDC WD10EZEX-08WN4A0, 02.01A02, max UDMA/100
[    6.032249] ata6.00: 1953525168 sectors, multi 16: LBA48 NCQ (depth 32), AA
[    6.032251] ata6.00: Features: NCQ-prio
[    6.033632] ata6.00: configured for UDMA/100
[    6.033970] scsi 5:0:0:0: Direct-Access     ATA      WDC WD10EZEX-08W 1A02 PQ: 0 ANSI: 5
[    6.034356] sd 5:0:0:0: [sda] 1953525168 512-byte logical blocks: (1.00 TB/932 GiB)
[    6.034360] sd 5:0:0:0: [sda] 4096-byte physical blocks
[    6.034376] sd 5:0:0:0: [sda] Write Protect is off
[    6.034380] sd 5:0:0:0: [sda] Mode Sense: 00 3a 00 00
[    6.034405] sd 5:0:0:0: [sda] Write cache: enabled, read cache: enabled, doesn't support DPO or FUA
[    6.034440] sd 5:0:0:0: [sda] Preferred minimum I/O size 4096 bytes
[    6.097408]  sda: sda1
[    6.097526] sd 5:0:0:0: [sda] Attached SCSI disk
[    7.067480] ata7: failed to resume link (SControl 0)
[    7.067497] ata7: SATA link down (SStatus 0 SControl 0)
[    8.100800] ata8: failed to resume link (SControl 0)
[    8.100817] ata8: SATA link down (SStatus 0 SControl 0)
[    8.102519] Freeing unused decrypted memory: 2036K
[    8.102953] Freeing unused kernel image (initmem) memory: 3384K
[    8.102958] Write protecting the kernel read-only data: 30720k
[    8.103354] Freeing unused kernel image (rodata/data gap) memory: 1384K
[    8.162252] x86/mm: Checked W+X mappings: passed, no W+X pages found.
[    8.162256] rodata_test: all tests were successful
[    8.162270] Run /init as init process
[    8.162272]   with arguments:
[    8.162273]     /init
[    8.162274]   with environment:
[    8.162275]     HOME=/
[    8.162276]     TERM=linux
[    8.162277]     BOOT_IMAGE=/vmlinuz-linux
[    8.173948] systemd[1]: systemd 254.5-1-arch running in system mode (+PAM +AUDIT -SELINUX -APPARMOR -IMA +SMACK +SECCOMP +GCRYPT +GNUTLS +OPENSSL +ACL +BLKID +CURL +ELFUTILS +FIDO2 +IDN2 -IDN +IPTC +KMOD +LIBCRYPTSETUP +LIBFDISK +PCRE2 -PWQUALITY +P11KIT -QRENCODE +TPM2 +BZIP2 +LZ4 +XZ +ZLIB +ZSTD +BPF_FRAMEWORK +XKBCOMMON +UTMP -SYSVINIT default-hierarchy=unified)
[    8.173954] systemd[1]: Detected architecture x86-64.
[    8.173956] systemd[1]: Running in initrd.
[    8.174125] systemd[1]: Initializing machine ID from random generator.
[    8.233466] systemd[1]: Queued start job for default target Initrd Default Target.
[    8.251504] systemd[1]: Reached target Path Units.
[    8.251581] systemd[1]: Reached target Slice Units.
[    8.251597] systemd[1]: Reached target Swaps.
[    8.251609] systemd[1]: Reached target Timer Units.
[    8.251764] systemd[1]: Listening on Journal Socket (/dev/log).
[    8.251872] systemd[1]: Listening on Journal Socket.
[    8.251995] systemd[1]: Listening on udev Control Socket.
[    8.252086] systemd[1]: Listening on udev Kernel Socket.
[    8.252098] systemd[1]: Reached target Socket Units.
[    8.252118] systemd[1]: Create List of Static Device Nodes was skipped because of an unmet condition check (ConditionFileNotEmpty=/lib/modules/6.5.5-arch1-1/modules.devname).
[    8.252160] systemd[1]: Check battery level during early boot was skipped because of an unmet condition check (ConditionDirectoryNotEmpty=/sys/class/power_supply).
[    8.253942] systemd[1]: Starting Journal Service...
[    8.254831] systemd[1]: Starting Load Kernel Modules...
[    8.254862] systemd[1]: TPM2 PCR Barrier (initrd) was skipped because of an unmet condition check (ConditionPathExists=/sys/firmware/efi/efivars/StubPcrKernelImage-4a67b082-0a4c-41cf-b6c7-440b29bb8c4f).
[    8.255613] systemd[1]: Starting Create Static Device Nodes in /dev...
[    8.256391] systemd[1]: Starting Coldplug All udev Devices...
[    8.261303] systemd[1]: Finished Create Static Device Nodes in /dev.
[    8.261459] systemd[1]: Reached target Preparation for Local File Systems.
[    8.261472] systemd[1]: Reached target Local File Systems.
[    8.262442] systemd-journald[210]: Collecting audit messages is disabled.
[    8.262556] systemd[1]: Starting Rule-based Manager for Device Events and Files...
[    8.274614] systemd[1]: Started Rule-based Manager for Device Events and Files.
[    8.308446] nvidia: loading out-of-tree module taints kernel.
[    8.308458] nvidia: module license 'NVIDIA' taints kernel.
[    8.308460] Disabling lock debugging due to kernel taint
[    8.308463] nvidia: module verification failed: signature and/or required key missing - tainting kernel
[    8.308465] nvidia: module license taints kernel.
[    8.316168] systemd[1]: Started Journal Service.
[    8.880221] xhci_hcd 0000:02:00.0: xHCI Host Controller
[    8.880228] xhci_hcd 0000:02:00.0: new USB bus registered, assigned bus number 1
[    8.880683] nvidia-nvlink: Nvlink Core is being initialized, major device number 238

[    8.882153] nvidia 0000:09:00.0: vgaarb: changed VGA decodes: olddecodes=io+mem,decodes=none:owns=io+mem
[    8.890690] nvme nvme0: pci function 0000:01:00.0
[    8.890692] nvme nvme1: pci function 0000:08:00.0
[    8.901584] nvme nvme0: 15/0/0 default/read/poll queues
[    8.905825]  nvme0n1: p1 p2 p3 p4
[    8.931568] nvme nvme1: allocated 32 MiB host memory buffer.
[    8.935510] nvme nvme1: 32/0/0 default/read/poll queues
[    8.935685] xhci_hcd 0000:02:00.0: hcc params 0x0200ef81 hci version 0x110 quirks 0x0000010008000410
[    8.935984] xhci_hcd 0000:02:00.0: xHCI Host Controller
[    8.935988] xhci_hcd 0000:02:00.0: new USB bus registered, assigned bus number 2
[    8.935991] xhci_hcd 0000:02:00.0: Host supports USB 3.1 Enhanced SuperSpeed
[    8.936070] usb usb1: New USB device found, idVendor=1d6b, idProduct=0002, bcdDevice= 6.05
[    8.936073] usb usb1: New USB device strings: Mfr=3, Product=2, SerialNumber=1
[    8.936075] usb usb1: Product: xHCI Host Controller
[    8.936077] usb usb1: Manufacturer: Linux 6.5.5-arch1-1 xhci-hcd
[    8.936079] usb usb1: SerialNumber: 0000:02:00.0
[    8.936302] hub 1-0:1.0: USB hub found
[    8.936321] hub 1-0:1.0: 14 ports detected
[    8.937009] usb usb2: We don't know the algorithms for LPM for this host, disabling LPM.
[    8.937041] usb usb2: New USB device found, idVendor=1d6b, idProduct=0003, bcdDevice= 6.05
[    8.937044] usb usb2: New USB device strings: Mfr=3, Product=2, SerialNumber=1
[    8.937046] usb usb2: Product: xHCI Host Controller
[    8.937055] usb usb2: Manufacturer: Linux 6.5.5-arch1-1 xhci-hcd
[    8.937057] usb usb2: SerialNumber: 0000:02:00.0
[    8.937172] hub 2-0:1.0: USB hub found
[    8.937186] hub 2-0:1.0: 8 ports detected
[    8.937366] usb: port power management may be unreliable
[    8.937749] xhci_hcd 0000:0a:00.3: xHCI Host Controller
[    8.937754] xhci_hcd 0000:0a:00.3: new USB bus registered, assigned bus number 3
[    8.937866] xhci_hcd 0000:0a:00.3: hcc params 0x0270f665 hci version 0x100 quirks 0x0000000040000410
[    8.938057] xhci_hcd 0000:0a:00.3: xHCI Host Controller
[    8.938061] xhci_hcd 0000:0a:00.3: new USB bus registered, assigned bus number 4
[    8.938063] xhci_hcd 0000:0a:00.3: Host supports USB 3.0 SuperSpeed
[    8.938104] usb usb3: New USB device found, idVendor=1d6b, idProduct=0002, bcdDevice= 6.05
[    8.938106] usb usb3: New USB device strings: Mfr=3, Product=2, SerialNumber=1
[    8.938108] usb usb3: Product: xHCI Host Controller
[    8.938110] usb usb3: Manufacturer: Linux 6.5.5-arch1-1 xhci-hcd
[    8.938112] usb usb3: SerialNumber: 0000:0a:00.3
[    8.938244] hub 3-0:1.0: USB hub found
[    8.938254] hub 3-0:1.0: 4 ports detected
[    8.938503] usb usb4: We don't know the algorithms for LPM for this host, disabling LPM.
[    8.938531] usb usb4: New USB device found, idVendor=1d6b, idProduct=0003, bcdDevice= 6.05
[    8.938534] usb usb4: New USB device strings: Mfr=3, Product=2, SerialNumber=1
[    8.938536] usb usb4: Product: xHCI Host Controller
[    8.938537] usb usb4: Manufacturer: Linux 6.5.5-arch1-1 xhci-hcd
[    8.938539] usb usb4: SerialNumber: 0000:0a:00.3
[    8.938661] hub 4-0:1.0: USB hub found
[    8.938670] hub 4-0:1.0: 4 ports detected
[    8.941963]  nvme1n1: p1 p2
[    8.998830] NVRM: loading NVIDIA UNIX x86_64 Kernel Module  535.113.01  Tue Sep 12 19:41:24 UTC 2023
[    9.024228] nvidia-modeset: Loading NVIDIA Kernel Mode Setting Driver for UNIX platforms  535.113.01  Tue Sep 12 19:45:42 UTC 2023
[    9.026306] [drm] [nvidia-drm] [GPU ID 0x00000900] Loading driver
[    9.027557] nvidia_uvm: module uses symbols nvUvmInterfaceDisableAccessCntr from proprietary module nvidia, inheriting taint.
[    9.183724] usb 1-9: new full-speed USB device number 2 using xhci_hcd
[    9.187055] usb 3-1: new full-speed USB device number 2 using xhci_hcd
[    9.302037] EXT4-fs (nvme1n1p2): mounted filesystem 9d784875-226a-41e3-a962-1787a74121a0 r/w with ordered data mode. Quota mode: none.
[    9.451924] usb 1-9: New USB device found, idVendor=3233, idProduct=5311, bcdDevice= 0.00
[    9.451929] usb 1-9: New USB device strings: Mfr=1, Product=2, SerialNumber=3
[    9.451931] usb 1-9: Product: Ducky One 3 SF RGB
[    9.451933] usb 1-9: Manufacturer: Ducky
[    9.451934] usb 1-9: SerialNumber: DK-V1.11-220819
[    9.487824] input: Ducky Ducky One 3 SF RGB as /devices/pci0000:00/0000:00:01.3/0000:02:00.0/usb1/1-9/1-9:1.0/0003:3233:5311.0001/input/input2
[    9.543949] hid-generic 0003:3233:5311.0001: input,hidraw0: USB HID v1.10 Device [Ducky Ducky One 3 SF RGB] on usb-0000:02:00.0-9/input0
[    9.549131] usb 3-1: New USB device found, idVendor=0951, idProduct=16a4, bcdDevice= 0.10
[    9.549135] usb 3-1: New USB device strings: Mfr=1, Product=2, SerialNumber=3
[    9.549137] usb 3-1: Product: HyperX Virtual Surround Sound
[    9.549139] usb 3-1: Manufacturer: Kingston
[    9.549141] usb 3-1: SerialNumber: 00000000
[    9.562054] input: Ducky Ducky One 3 SF RGB as /devices/pci0000:00/0000:00:01.3/0000:02:00.0/usb1/1-9/1-9:1.1/0003:3233:5311.0002/input/input3
[    9.617672] hid-generic 0003:3233:5311.0002: input,hidraw1: USB HID v1.10 Keyboard [Ducky Ducky One 3 SF RGB] on usb-0000:02:00.0-9/input1
[    9.634946] input: Ducky Ducky One 3 SF RGB as /devices/pci0000:00/0000:00:01.3/0000:02:00.0/usb1/1-9/1-9:1.2/0003:3233:5311.0003/input/input4
[    9.635048] hid-generic 0003:3233:5311.0003: input,hidraw2: USB HID v1.10 Mouse [Ducky Ducky One 3 SF RGB] on usb-0000:02:00.0-9/input2
[    9.652588] input: Ducky Ducky One 3 SF RGB as /devices/pci0000:00/0000:00:01.3/0000:02:00.0/usb1/1-9/1-9:1.3/0003:3233:5311.0004/input/input5
[    9.670658] input: Kingston HyperX Virtual Surround Sound Consumer Control as /devices/pci0000:00/0000:00:07.1/0000:0a:00.3/usb3/3-1/3-1:1.3/0003:0951:16A4.0005/input/input6
[    9.707218] hid-generic 0003:3233:5311.0004: input,hidraw3: USB HID v1.10 Keyboard [Ducky Ducky One 3 SF RGB] on usb-0000:02:00.0-9/input3
[    9.724861] input: Ducky Ducky One 3 SF RGB as /devices/pci0000:00/0000:00:01.3/0000:02:00.0/usb1/1-9/1-9:1.4/0003:3233:5311.0006/input/input8
[    9.763940] input: Kingston HyperX Virtual Surround Sound as /devices/pci0000:00/0000:00:07.1/0000:0a:00.3/usb3/3-1/3-1:1.3/0003:0951:16A4.0005/input/input7
[    9.775023] nvidia-uvm: Loaded the UVM driver, major device number 234.
[    9.820606] hid-generic 0003:3233:5311.0006: input,hidraw4: USB HID v1.10 Device [Ducky Ducky One 3 SF RGB] on usb-0000:02:00.0-9/input4
[    9.820751] hid-generic 0003:0951:16A4.0005: input,hiddev96,hidraw5: USB HID v1.11 Device [Kingston HyperX Virtual Surround Sound] on usb-0000:0a:00.3-1/input3
[    9.820832] usbcore: registered new interface driver usbhid
[    9.820834] usbhid: USB HID core driver
[    9.943734] usb 3-2: new full-speed USB device number 3 using xhci_hcd
[    9.947486] [drm] Initialized nvidia-drm 0.0.0 20160202 for 0000:09:00.0 on minor 0
[   10.110154] usb 3-2: New USB device found, idVendor=046d, idProduct=c332, bcdDevice= 3.02
[   10.110162] usb 3-2: New USB device strings: Mfr=1, Product=2, SerialNumber=3
[   10.110165] usb 3-2: Product: Gaming Mouse G502
[   10.110168] usb 3-2: Manufacturer: Logitech
[   10.110170] usb 3-2: SerialNumber: 016638543730
[   10.133041] input: Logitech Gaming Mouse G502 as /devices/pci0000:00/0000:00:07.1/0000:0a:00.3/usb3/3-2/3-2:1.0/0003:046D:C332.0007/input/input9
[   10.133137] hid-generic 0003:046D:C332.0007: input,hidraw6: USB HID v1.11 Mouse [Logitech Gaming Mouse G502] on usb-0000:0a:00.3-2/input0
[   10.141505] input: Logitech Gaming Mouse G502 Keyboard as /devices/pci0000:00/0000:00:07.1/0000:0a:00.3/usb3/3-2/3-2:1.1/0003:046D:C332.0008/input/input10
[   10.152107] systemd-journald[210]: Received SIGTERM from PID 1 (systemd).
[   10.197199] hid-generic 0003:046D:C332.0008: input,hiddev97,hidraw7: USB HID v1.11 Keyboard [Logitech Gaming Mouse G502] on usb-0000:0a:00.3-2/input1
[   10.228229] systemd[1]: systemd 254.5-1-arch running in system mode (+PAM +AUDIT -SELINUX -APPARMOR -IMA +SMACK +SECCOMP +GCRYPT +GNUTLS +OPENSSL +ACL +BLKID +CURL +ELFUTILS +FIDO2 +IDN2 -IDN +IPTC +KMOD +LIBCRYPTSETUP +LIBFDISK +PCRE2 -PWQUALITY +P11KIT -QRENCODE +TPM2 +BZIP2 +LZ4 +XZ +ZLIB +ZSTD +BPF_FRAMEWORK +XKBCOMMON +UTMP -SYSVINIT default-hierarchy=unified)
[   10.228235] systemd[1]: Detected architecture x86-64.
[   10.229164] systemd[1]: Hostname set to <archbox>.
[   10.490531] systemd[1]: bpf-lsm: LSM BPF program attached
[   10.570035] systemd-fstab-generator[327]: Mount point  is not a valid path, ignoring.
[   10.570607] systemd-fstab-generator[327]: Mount point  is not a valid path, ignoring.
[   10.583071] zram: Added device: zram0
[   10.731537] systemd[1]: initrd-switch-root.service: Deactivated successfully.
[   10.751363] systemd[1]: Stopped Switch Root.
[   10.752212] systemd[1]: systemd-journald.service: Scheduled restart job, restart counter is at 1.
[   10.752600] systemd[1]: Created slice Slice /system/getty.
[   10.752923] systemd[1]: Created slice Slice /system/modprobe.
[   10.753274] systemd[1]: Created slice Slice /system/systemd-zram-setup.
[   10.753532] systemd[1]: Created slice User and Session Slice.
[   10.753594] systemd[1]: Started Dispatch Password Requests to Console Directory Watch.
[   10.753641] systemd[1]: Started Forward Password Requests to Wall Directory Watch.
[   10.753808] systemd[1]: Set up automount Arbitrary Executable File Formats File System Automount Point.
[   10.753839] systemd[1]: Reached target Local Encrypted Volumes.
[   10.753851] systemd[1]: Reached target Login Prompts.
[   10.753868] systemd[1]: Stopped target Switch Root.
[   10.753882] systemd[1]: Stopped target Initrd File Systems.
[   10.753889] systemd[1]: Stopped target Initrd Root File System.
[   10.753900] systemd[1]: Reached target Local Integrity Protected Volumes.
[   10.753918] systemd[1]: Reached target Path Units.
[   10.753930] systemd[1]: Reached target Remote File Systems.
[   10.753940] systemd[1]: Reached target Slice Units.
[   10.754000] systemd[1]: Reached target Local Verity Protected Volumes.
[   10.754062] systemd[1]: Listening on Device-mapper event daemon FIFOs.
[   10.754187] systemd[1]: Listening on LVM2 poll daemon socket.
[   10.755297] systemd[1]: Listening on Process Core Dump Socket.
[   10.755490] systemd[1]: Listening on udev Control Socket.
[   10.755589] systemd[1]: Listening on udev Kernel Socket.
[   10.777715] systemd[1]: Mounting Huge Pages File System...
[   10.778813] systemd[1]: Mounting POSIX Message Queue File System...
[   10.779721] systemd[1]: Mounting Kernel Debug File System...
[   10.780603] systemd[1]: Mounting Kernel Trace File System...
[   10.781579] systemd[1]: Starting Create List of Static Device Nodes...
[   10.782452] systemd[1]: Starting Monitoring of LVM2 mirrors, snapshots etc. using dmeventd or progress polling...
[   10.783386] systemd[1]: Starting Load Kernel Module configfs...
[   10.784389] systemd[1]: Starting Load Kernel Module dm_mod...
[   10.785327] systemd[1]: Starting Load Kernel Module drm...
[   10.786264] systemd[1]: Starting Load Kernel Module fuse...
[   10.787235] systemd[1]: Starting Load Kernel Module loop...
[   10.788893] systemd[1]: Starting Journal Service...
[   10.790243] systemd[1]: Starting Load Kernel Modules...
[   10.790272] systemd[1]: TPM2 PCR Machine ID Measurement was skipped because of an unmet condition check (ConditionPathExists=/sys/firmware/efi/efivars/StubPcrKernelImage-4a67b082-0a4c-41cf-b6c7-440b29bb8c4f).
[   10.791232] systemd[1]: Starting Remount Root and Kernel File Systems...
[   10.792151] systemd[1]: Starting Coldplug All udev Devices...
[   10.793585] systemd[1]: Mounted Huge Pages File System.
[   10.793709] systemd[1]: Mounted POSIX Message Queue File System.
[   10.793828] loop: module loaded
[   10.793916] systemd[1]: Mounted Kernel Debug File System.
[   10.794006] systemd[1]: Mounted Kernel Trace File System.
[   10.797499] EXT4-fs (nvme1n1p2): re-mounted 9d784875-226a-41e3-a962-1787a74121a0 r/w. Quota mode: none.
[   10.798154] systemd-journald[353]: Collecting audit messages is disabled.
[   10.798491] device-mapper: uevent: version 1.0.3
[   10.798634] device-mapper: ioctl: 4.48.0-ioctl (2023-03-01) initialised: dm-devel@redhat.com
[   10.802581] fuse: init (API version 7.38)
[   10.806837] Asymmetric key parser 'pkcs8' registered
[   10.830887] systemd[1]: Finished Create List of Static Device Nodes.
[   10.831527] systemd[1]: Started Journal Service.
[   10.841820] vboxdrv: Found 16 processor cores/threads
[   10.864076] vboxdrv: TSC mode is Invariant, tentative frequency 3593246680 Hz
[   10.864079] vboxdrv: Successfully loaded version 7.0.10 r158379 (interface 0x00330004)
[   10.866921] VBoxNetAdp: Successfully started.
[   10.871292] VBoxNetFlt: Successfully started.
[   11.102048] systemd-journald[353]: Received client request to flush runtime journal.
[   11.108431] systemd-journald[353]: /var/log/journal/9534cf8a9c854558b14556980f23024f/system.journal: Journal file uses a different sequence number ID, rotating.
[   11.108435] systemd-journald[353]: Rotating system journal.
[   11.503685] ACPI Warning: SystemIO range 0x0000000000000B00-0x0000000000000B08 conflicts with OpRegion 0x0000000000000B00-0x0000000000000B0F (\GSA1.SMBI) (20230331/utaddress-204)
[   11.503698] ACPI: OSL: Resource conflict; ACPI support missing from driver?
[   11.505583] acpi_cpufreq: overriding BIOS provided _PSD data
[   11.513407] sp5100_tco: SP5100/SB800 TCO WatchDog Timer Driver
[   11.513516] input: PC Speaker as /devices/platform/pcspkr/input/input13
[   11.513529] sp5100-tco sp5100-tco: Using 0xfeb00000 for watchdog MMIO address
[   11.513615] ccp 0000:0a:00.2: enabling device (0000 -> 0002)
[   11.513648] sp5100-tco sp5100-tco: initialized. heartbeat=60 sec (nowayout=0)
[   11.517825] ccp 0000:0a:00.2: ccp enabled
[   11.517854] ccp 0000:0a:00.2: psp enabled
[   11.520279] RAPL PMU: API unit is 2^-32 Joules, 1 fixed counters, 163840 ms ovfl timer
[   11.520283] RAPL PMU: hw unit of domain package 2^-16 Joules
[   11.526343] cryptd: max_cpu_qlen set to 1000
[   11.570035] AVX2 version of gcm_enc/dec engaged.
[   11.570103] AES CTR mode by8 optimization enabled
[   11.580190] r8169 0000:05:00.0 eth0: RTL8168g/8111g, e0:d5:5e:a2:2f:d1, XID 4c0, IRQ 101
[   11.580199] r8169 0000:05:00.0 eth0: jumbo features [frames: 9194 bytes, tx checksumming: ko]
[   11.582352] mousedev: PS/2 mouse device common for all mice
[   11.583139] mc: Linux media interface: v0.10
[   11.591631] zram0: detected capacity change from 0 to 8388608
[   11.598891] FAT-fs (nvme1n1p1): Volume was not properly unmounted. Some data may be corrupt. Please run fsck.
[   11.607195] r8169 0000:05:00.0 enp5s0: renamed from eth0
[   11.683661] snd_hda_intel 0000:09:00.1: Disabling MSI
[   11.683674] snd_hda_intel 0000:09:00.1: Handle vga_switcheroo audio client
[   11.683782] snd_hda_intel 0000:0b:00.3: enabling device (0000 -> 0002)
[   11.709013] input: HDA NVidia HDMI/DP,pcm=3 as /devices/pci0000:00/0000:00:03.1/0000:09:00.1/sound/card0/input14
[   11.709092] input: HDA NVidia HDMI/DP,pcm=7 as /devices/pci0000:00/0000:00:03.1/0000:09:00.1/sound/card0/input15
[   11.709163] input: HDA NVidia HDMI/DP,pcm=8 as /devices/pci0000:00/0000:00:03.1/0000:09:00.1/sound/card0/input16
[   11.709238] input: HDA NVidia HDMI/DP,pcm=9 as /devices/pci0000:00/0000:00:03.1/0000:09:00.1/sound/card0/input17
[   11.768668] Adding 4194300k swap on /dev/zram0.  Priority:100 extents:1 across:4194300k SSDscFS
[   11.779496] snd_hda_codec_realtek hdaudioC1D0: autoconfig for ALC887-VD: line_outs=1 (0x14/0x0/0x0/0x0/0x0) type:line
[   11.779503] snd_hda_codec_realtek hdaudioC1D0:    speaker_outs=0 (0x0/0x0/0x0/0x0/0x0)
[   11.779505] snd_hda_codec_realtek hdaudioC1D0:    hp_outs=1 (0x1b/0x0/0x0/0x0/0x0)
[   11.779508] snd_hda_codec_realtek hdaudioC1D0:    mono: mono_out=0x0
[   11.779510] snd_hda_codec_realtek hdaudioC1D0:    dig-out=0x11/0x0
[   11.779512] snd_hda_codec_realtek hdaudioC1D0:    inputs:
[   11.779514] snd_hda_codec_realtek hdaudioC1D0:      Front Mic=0x19
[   11.779516] snd_hda_codec_realtek hdaudioC1D0:      Rear Mic=0x18
[   11.779518] snd_hda_codec_realtek hdaudioC1D0:      Line=0x1a
[   11.792784] kvm_amd: SVM disabled (by BIOS) in MSR_VM_CR on CPU 8
[   11.793245] input: HD-Audio Generic Front Mic as /devices/pci0000:00/0000:00:08.1/0000:0b:00.3/sound/card1/input18
[   11.793321] input: HD-Audio Generic Rear Mic as /devices/pci0000:00/0000:00:08.1/0000:0b:00.3/sound/card1/input19
[   11.793404] input: HD-Audio Generic Line as /devices/pci0000:00/0000:00:08.1/0000:0b:00.3/sound/card1/input20
[   11.793485] input: HD-Audio Generic Line Out as /devices/pci0000:00/0000:00:08.1/0000:0b:00.3/sound/card1/input21
[   11.793566] input: HD-Audio Generic Front Headphone as /devices/pci0000:00/0000:00:08.1/0000:0b:00.3/sound/card1/input22
[   11.864984] MCE: In-kernel MCE decoding enabled.
[   11.877494] usbcore: registered new interface driver snd-usb-audio
[   11.972931] intel_rapl_common: Found RAPL domain package
[   11.972937] intel_rapl_common: Found RAPL domain core
[   12.287738] Generic FE-GE Realtek PHY r8169-0-500:00: attached PHY driver (mii_bus:phy_addr=r8169-0-500:00, irq=MAC)
[   12.484376] r8169 0000:05:00.0 enp5s0: Link is Down
[   13.351003] Xorg[665]: memfd_create() called without MFD_EXEC or MFD_NOEXEC_SEAL set
[   14.862878] r8169 0000:05:00.0 enp5s0: Link is Up - 1Gbps/Full - flow control rx/tx
[   35.882091] fbcon: Taking over console
[   35.882209] Console: switching to colour frame buffer device 240x67
[   48.085191] systemd-journald[353]: /var/log/journal/9534cf8a9c854558b14556980f23024f/user-1000.journal: Journal file uses a different sequence number ID, rotating.
[  543.123138] FAT-fs (nvme1n1p1): Volume was not properly unmounted. Some data may be corrupt. Please run fsck.
