Oct 01 22:13:13 archlinux kernel: Linux version 6.5.5-arch1-1 (linux@archlinux) (gcc (GCC) 13.2.1 20230801, GNU ld (GNU Binutils) 2.41.0) #1 SMP PREEMPT_DYNAMIC Sat, 23 Sep 2023 22:55:13 +0000
Oct 01 22:13:13 archlinux kernel: Command line: BOOT_IMAGE=/vmlinuz-linux root=UUID=9d784875-226a-41e3-a962-1787a74121a0 rw rootfstype=ext4 loglevel=6 quiet nvidia-drm.modeset=1
Oct 01 22:13:13 archlinux kernel: BIOS-provided physical RAM map:
Oct 01 22:13:13 archlinux kernel: BIOS-e820: [mem 0x0000000000000000-0x000000000009ffff] usable
Oct 01 22:13:13 archlinux kernel: BIOS-e820: [mem 0x00000000000a0000-0x00000000000fffff] reserved
Oct 01 22:13:13 archlinux kernel: BIOS-e820: [mem 0x0000000000100000-0x0000000009c3efff] usable
Oct 01 22:13:13 archlinux kernel: BIOS-e820: [mem 0x0000000009c3f000-0x0000000009ffffff] reserved
Oct 01 22:13:13 archlinux kernel: BIOS-e820: [mem 0x000000000a000000-0x000000000a1fffff] usable
Oct 01 22:13:13 archlinux kernel: BIOS-e820: [mem 0x000000000a200000-0x000000000a20afff] ACPI NVS
Oct 01 22:13:13 archlinux kernel: BIOS-e820: [mem 0x000000000a20b000-0x000000000affffff] usable
Oct 01 22:13:13 archlinux kernel: BIOS-e820: [mem 0x000000000b000000-0x000000000b01ffff] reserved
Oct 01 22:13:13 archlinux kernel: BIOS-e820: [mem 0x000000000b020000-0x00000000bafecfff] usable
Oct 01 22:13:13 archlinux kernel: BIOS-e820: [mem 0x00000000bafed000-0x00000000bc750fff] reserved
Oct 01 22:13:13 archlinux kernel: BIOS-e820: [mem 0x00000000bc751000-0x00000000bc78efff] ACPI data
Oct 01 22:13:13 archlinux kernel: BIOS-e820: [mem 0x00000000bc78f000-0x00000000bce4efff] ACPI NVS
Oct 01 22:13:13 archlinux kernel: BIOS-e820: [mem 0x00000000bce4f000-0x00000000bddfefff] reserved
Oct 01 22:13:13 archlinux kernel: BIOS-e820: [mem 0x00000000bddff000-0x00000000beffffff] usable
Oct 01 22:13:13 archlinux kernel: BIOS-e820: [mem 0x00000000bf000000-0x00000000bfffffff] reserved
Oct 01 22:13:13 archlinux kernel: BIOS-e820: [mem 0x00000000f0000000-0x00000000f7ffffff] reserved
Oct 01 22:13:13 archlinux kernel: BIOS-e820: [mem 0x00000000fd100000-0x00000000fd1fffff] reserved
Oct 01 22:13:13 archlinux kernel: BIOS-e820: [mem 0x00000000fea00000-0x00000000fea0ffff] reserved
Oct 01 22:13:13 archlinux kernel: BIOS-e820: [mem 0x00000000feb80000-0x00000000fec01fff] reserved
Oct 01 22:13:13 archlinux kernel: BIOS-e820: [mem 0x00000000fec10000-0x00000000fec10fff] reserved
Oct 01 22:13:13 archlinux kernel: BIOS-e820: [mem 0x00000000fec30000-0x00000000fec30fff] reserved
Oct 01 22:13:13 archlinux kernel: BIOS-e820: [mem 0x00000000fed00000-0x00000000fed00fff] reserved
Oct 01 22:13:13 archlinux kernel: BIOS-e820: [mem 0x00000000fed40000-0x00000000fed44fff] reserved
Oct 01 22:13:13 archlinux kernel: BIOS-e820: [mem 0x00000000fed80000-0x00000000fed8ffff] reserved
Oct 01 22:13:13 archlinux kernel: BIOS-e820: [mem 0x00000000fedc2000-0x00000000fedcffff] reserved
Oct 01 22:13:13 archlinux kernel: BIOS-e820: [mem 0x00000000fedd4000-0x00000000fedd5fff] reserved
Oct 01 22:13:13 archlinux kernel: BIOS-e820: [mem 0x00000000ff000000-0x00000000ffffffff] reserved
Oct 01 22:13:13 archlinux kernel: BIOS-e820: [mem 0x0000000100000000-0x000000043f37ffff] usable
Oct 01 22:13:13 archlinux kernel: BIOS-e820: [mem 0x000000043f380000-0x000000043fffffff] reserved
Oct 01 22:13:13 archlinux kernel: The simpledrm driver will not be probed
Oct 01 22:13:13 archlinux kernel: NX (Execute Disable) protection: active
Oct 01 22:13:13 archlinux kernel: e820: update [mem 0xb71b3018-0xb71c1057] usable ==> usable
Oct 01 22:13:13 archlinux kernel: e820: update [mem 0xb71b3018-0xb71c1057] usable ==> usable
Oct 01 22:13:13 archlinux kernel: e820: update [mem 0xb7193018-0xb71b2c57] usable ==> usable
Oct 01 22:13:13 archlinux kernel: e820: update [mem 0xb7193018-0xb71b2c57] usable ==> usable
Oct 01 22:13:13 archlinux kernel: extended physical RAM map:
Oct 01 22:13:13 archlinux kernel: reserve setup_data: [mem 0x0000000000000000-0x000000000009ffff] usable
Oct 01 22:13:13 archlinux kernel: reserve setup_data: [mem 0x00000000000a0000-0x00000000000fffff] reserved
Oct 01 22:13:13 archlinux kernel: reserve setup_data: [mem 0x0000000000100000-0x0000000009c3efff] usable
Oct 01 22:13:13 archlinux kernel: reserve setup_data: [mem 0x0000000009c3f000-0x0000000009ffffff] reserved
Oct 01 22:13:13 archlinux kernel: reserve setup_data: [mem 0x000000000a000000-0x000000000a1fffff] usable
Oct 01 22:13:13 archlinux kernel: reserve setup_data: [mem 0x000000000a200000-0x000000000a20afff] ACPI NVS
Oct 01 22:13:13 archlinux kernel: reserve setup_data: [mem 0x000000000a20b000-0x000000000affffff] usable
Oct 01 22:13:13 archlinux kernel: reserve setup_data: [mem 0x000000000b000000-0x000000000b01ffff] reserved
Oct 01 22:13:13 archlinux kernel: reserve setup_data: [mem 0x000000000b020000-0x00000000b7193017] usable
Oct 01 22:13:13 archlinux kernel: reserve setup_data: [mem 0x00000000b7193018-0x00000000b71b2c57] usable
Oct 01 22:13:13 archlinux kernel: reserve setup_data: [mem 0x00000000b71b2c58-0x00000000b71b3017] usable
Oct 01 22:13:13 archlinux kernel: reserve setup_data: [mem 0x00000000b71b3018-0x00000000b71c1057] usable
Oct 01 22:13:13 archlinux kernel: reserve setup_data: [mem 0x00000000b71c1058-0x00000000bafecfff] usable
Oct 01 22:13:13 archlinux kernel: reserve setup_data: [mem 0x00000000bafed000-0x00000000bc750fff] reserved
Oct 01 22:13:13 archlinux kernel: reserve setup_data: [mem 0x00000000bc751000-0x00000000bc78efff] ACPI data
Oct 01 22:13:13 archlinux kernel: reserve setup_data: [mem 0x00000000bc78f000-0x00000000bce4efff] ACPI NVS
Oct 01 22:13:13 archlinux kernel: reserve setup_data: [mem 0x00000000bce4f000-0x00000000bddfefff] reserved
Oct 01 22:13:13 archlinux kernel: reserve setup_data: [mem 0x00000000bddff000-0x00000000beffffff] usable
Oct 01 22:13:13 archlinux kernel: reserve setup_data: [mem 0x00000000bf000000-0x00000000bfffffff] reserved
Oct 01 22:13:13 archlinux kernel: reserve setup_data: [mem 0x00000000f0000000-0x00000000f7ffffff] reserved
Oct 01 22:13:13 archlinux kernel: reserve setup_data: [mem 0x00000000fd100000-0x00000000fd1fffff] reserved
Oct 01 22:13:13 archlinux kernel: reserve setup_data: [mem 0x00000000fea00000-0x00000000fea0ffff] reserved
Oct 01 22:13:13 archlinux kernel: reserve setup_data: [mem 0x00000000feb80000-0x00000000fec01fff] reserved
Oct 01 22:13:13 archlinux kernel: reserve setup_data: [mem 0x00000000fec10000-0x00000000fec10fff] reserved
Oct 01 22:13:13 archlinux kernel: reserve setup_data: [mem 0x00000000fec30000-0x00000000fec30fff] reserved
Oct 01 22:13:13 archlinux kernel: reserve setup_data: [mem 0x00000000fed00000-0x00000000fed00fff] reserved
Oct 01 22:13:13 archlinux kernel: reserve setup_data: [mem 0x00000000fed40000-0x00000000fed44fff] reserved
Oct 01 22:13:13 archlinux kernel: reserve setup_data: [mem 0x00000000fed80000-0x00000000fed8ffff] reserved
Oct 01 22:13:13 archlinux kernel: reserve setup_data: [mem 0x00000000fedc2000-0x00000000fedcffff] reserved
Oct 01 22:13:13 archlinux kernel: reserve setup_data: [mem 0x00000000fedd4000-0x00000000fedd5fff] reserved
Oct 01 22:13:13 archlinux kernel: reserve setup_data: [mem 0x00000000ff000000-0x00000000ffffffff] reserved
Oct 01 22:13:13 archlinux kernel: reserve setup_data: [mem 0x0000000100000000-0x000000043f37ffff] usable
Oct 01 22:13:13 archlinux kernel: reserve setup_data: [mem 0x000000043f380000-0x000000043fffffff] reserved
Oct 01 22:13:13 archlinux kernel: efi: EFI v2.7 by American Megatrends
Oct 01 22:13:13 archlinux kernel: efi: ACPI=0xbce38000 ACPI 2.0=0xbce38014 TPMFinalLog=0xbce03000 SMBIOS=0xbdc25000 SMBIOS 3.0=0xbdc24000 MEMATTR=0xb7721018 ESRT=0xb965a898 INITRD=0xb744d198 RNG=0xbc75c018 TPMEventLog=0xb7449018 
Oct 01 22:13:13 archlinux kernel: random: crng init done
Oct 01 22:13:13 archlinux kernel: efi: Remove mem306: MMIO range=[0xf0000000-0xf7ffffff] (128MB) from e820 map
Oct 01 22:13:13 archlinux kernel: e820: remove [mem 0xf0000000-0xf7ffffff] reserved
Oct 01 22:13:13 archlinux kernel: efi: Remove mem307: MMIO range=[0xfd100000-0xfd1fffff] (1MB) from e820 map
Oct 01 22:13:13 archlinux kernel: e820: remove [mem 0xfd100000-0xfd1fffff] reserved
Oct 01 22:13:13 archlinux kernel: efi: Not removing mem308: MMIO range=[0xfea00000-0xfea0ffff] (64KB) from e820 map
Oct 01 22:13:13 archlinux kernel: efi: Remove mem309: MMIO range=[0xfeb80000-0xfec01fff] (0MB) from e820 map
Oct 01 22:13:13 archlinux kernel: e820: remove [mem 0xfeb80000-0xfec01fff] reserved
Oct 01 22:13:13 archlinux kernel: efi: Not removing mem310: MMIO range=[0xfec10000-0xfec10fff] (4KB) from e820 map
Oct 01 22:13:13 archlinux kernel: efi: Not removing mem311: MMIO range=[0xfec30000-0xfec30fff] (4KB) from e820 map
Oct 01 22:13:13 archlinux kernel: efi: Not removing mem312: MMIO range=[0xfed00000-0xfed00fff] (4KB) from e820 map
Oct 01 22:13:13 archlinux kernel: efi: Not removing mem313: MMIO range=[0xfed40000-0xfed44fff] (20KB) from e820 map
Oct 01 22:13:13 archlinux kernel: efi: Not removing mem314: MMIO range=[0xfed80000-0xfed8ffff] (64KB) from e820 map
Oct 01 22:13:13 archlinux kernel: efi: Not removing mem315: MMIO range=[0xfedc2000-0xfedcffff] (56KB) from e820 map
Oct 01 22:13:13 archlinux kernel: efi: Not removing mem316: MMIO range=[0xfedd4000-0xfedd5fff] (8KB) from e820 map
Oct 01 22:13:13 archlinux kernel: efi: Remove mem317: MMIO range=[0xff000000-0xffffffff] (16MB) from e820 map
Oct 01 22:13:13 archlinux kernel: e820: remove [mem 0xff000000-0xffffffff] reserved
Oct 01 22:13:13 archlinux kernel: SMBIOS 3.3.0 present.
Oct 01 22:13:13 archlinux kernel: DMI: Gigabyte Technology Co., Ltd. AB350M-DS3H/AB350M-DS3H-CF, BIOS F51h 02/09/2023
Oct 01 22:13:13 archlinux kernel: tsc: Fast TSC calibration using PIT
Oct 01 22:13:13 archlinux kernel: tsc: Detected 3593.038 MHz processor
Oct 01 22:13:13 archlinux kernel: e820: update [mem 0x00000000-0x00000fff] usable ==> reserved
Oct 01 22:13:13 archlinux kernel: e820: remove [mem 0x000a0000-0x000fffff] usable
Oct 01 22:13:13 archlinux kernel: last_pfn = 0x43f380 max_arch_pfn = 0x400000000
Oct 01 22:13:13 archlinux kernel: MTRR map: 5 entries (3 fixed + 2 variable; max 20), built from 9 variable MTRRs
Oct 01 22:13:13 archlinux kernel: x86/PAT: Configuration [0-7]: WB  WC  UC- UC  WB  WP  UC- WT  
Oct 01 22:13:13 archlinux kernel: e820: update [mem 0xc0000000-0xffffffff] usable ==> reserved
Oct 01 22:13:13 archlinux kernel: last_pfn = 0xbf000 max_arch_pfn = 0x400000000
Oct 01 22:13:13 archlinux kernel: esrt: Reserving ESRT space from 0x00000000b965a898 to 0x00000000b965a8d0.
Oct 01 22:13:13 archlinux kernel: e820: update [mem 0xb965a000-0xb965afff] usable ==> reserved
Oct 01 22:13:13 archlinux kernel: Using GB pages for direct mapping
Oct 01 22:13:13 archlinux kernel: Secure boot disabled
Oct 01 22:13:13 archlinux kernel: RAMDISK: [mem 0xa7cab000-0xade88fff]
Oct 01 22:13:13 archlinux kernel: ACPI: Early table checksum verification disabled
Oct 01 22:13:13 archlinux kernel: ACPI: RSDP 0x00000000BCE38014 000024 (v02 ALASKA)
Oct 01 22:13:13 archlinux kernel: ACPI: XSDT 0x00000000BCE37728 0000CC (v01 ALASKA A M I    01072009 AMI  01000013)
Oct 01 22:13:13 archlinux kernel: ACPI: FACP 0x00000000BC779000 000114 (v06 ALASKA A M I    01072009 AMI  00010013)
Oct 01 22:13:13 archlinux kernel: ACPI: DSDT 0x00000000BC773000 005F87 (v02 ALASKA A M I    01072009 INTL 20190509)
Oct 01 22:13:13 archlinux kernel: ACPI: FACS 0x00000000BCE01000 000040
Oct 01 22:13:13 archlinux kernel: ACPI: SSDT 0x00000000BC788000 006EEC (v02 GBT    GSWApp   00000001 INTL 20190509)
Oct 01 22:13:13 archlinux kernel: ACPI: SSDT 0x00000000BC77F000 008C98 (v02 AMD    AmdTable 00000002 MSFT 04000000)
Oct 01 22:13:13 archlinux kernel: ACPI: SSDT 0x00000000BC77B000 003CC8 (v02 AMD    AMD AOD  00000001 INTL 20190509)
Oct 01 22:13:13 archlinux kernel: ACPI: SSDT 0x00000000BC77A000 0000FC (v02 ALASKA CPUSSDT  01072009 AMI  01072009)
Oct 01 22:13:13 archlinux kernel: ACPI: FIDT 0x00000000BC772000 00009C (v01 ALASKA A M I    01072009 AMI  00010013)
Oct 01 22:13:13 archlinux kernel: ACPI: MCFG 0x00000000BC771000 00003C (v01 ALASKA A M I    01072009 MSFT 00010013)
Oct 01 22:13:13 archlinux kernel: ACPI: HPET 0x00000000BC770000 000038 (v01 ALASKA A M I    01072009 AMI  00000005)
Oct 01 22:13:13 archlinux kernel: ACPI: SSDT 0x00000000BC76F000 000024 (v01 AMD    FCHZP    00001000 INTL 20190509)
Oct 01 22:13:13 archlinux kernel: ACPI: FPDT 0x00000000BC76E000 000044 (v01 ALASKA A M I    01072009 AMI  01000013)
Oct 01 22:13:13 archlinux kernel: ACPI: BGRT 0x00000000BC76D000 000038 (v01 ALASKA A M I    01072009 AMI  00010013)
Oct 01 22:13:13 archlinux kernel: ACPI: TPM2 0x00000000BC76C000 00004C (v04 ALASKA A M I    00000001 AMI  00000000)
Oct 01 22:13:13 archlinux kernel: ACPI: IVRS 0x00000000BC76B000 0000D0 (v02 AMD    AmdTable 00000001 AMD  00000000)
Oct 01 22:13:13 archlinux kernel: ACPI: SSDT 0x00000000BC768000 002314 (v02 AMD    AmdTable 00000001 AMD  00000001)
Oct 01 22:13:13 archlinux kernel: ACPI: CRAT 0x00000000BC767000 000F50 (v01 AMD    AmdTable 00000001 AMD  00000001)
Oct 01 22:13:13 archlinux kernel: ACPI: CDIT 0x00000000BC766000 000029 (v01 AMD    AmdTable 00000001 AMD  00000001)
Oct 01 22:13:13 archlinux kernel: ACPI: SSDT 0x00000000BC762000 003A23 (v02 AMD    MYRTLE   00000001 INTL 20190509)
Oct 01 22:13:13 archlinux kernel: ACPI: SSDT 0x00000000BC761000 0000BF (v01 AMD    AmdTable 00001000 INTL 20190509)
Oct 01 22:13:13 archlinux kernel: ACPI: WSMT 0x00000000BC760000 000028 (v01 ALASKA A M I    01072009 AMI  00010013)
Oct 01 22:13:13 archlinux kernel: ACPI: APIC 0x00000000BC75F000 00015E (v04 ALASKA A M I    01072009 AMI  00010013)
Oct 01 22:13:13 archlinux kernel: ACPI: SSDT 0x00000000BC75D000 00147F (v02 AMD    MYRTLE   00000001 INTL 20190509)
Oct 01 22:13:13 archlinux kernel: ACPI: Reserving FACP table memory at [mem 0xbc779000-0xbc779113]
Oct 01 22:13:13 archlinux kernel: ACPI: Reserving DSDT table memory at [mem 0xbc773000-0xbc778f86]
Oct 01 22:13:13 archlinux kernel: ACPI: Reserving FACS table memory at [mem 0xbce01000-0xbce0103f]
Oct 01 22:13:13 archlinux kernel: ACPI: Reserving SSDT table memory at [mem 0xbc788000-0xbc78eeeb]
Oct 01 22:13:13 archlinux kernel: ACPI: Reserving SSDT table memory at [mem 0xbc77f000-0xbc787c97]
Oct 01 22:13:13 archlinux kernel: ACPI: Reserving SSDT table memory at [mem 0xbc77b000-0xbc77ecc7]
Oct 01 22:13:13 archlinux kernel: ACPI: Reserving SSDT table memory at [mem 0xbc77a000-0xbc77a0fb]
Oct 01 22:13:13 archlinux kernel: ACPI: Reserving FIDT table memory at [mem 0xbc772000-0xbc77209b]
Oct 01 22:13:13 archlinux kernel: ACPI: Reserving MCFG table memory at [mem 0xbc771000-0xbc77103b]
Oct 01 22:13:13 archlinux kernel: ACPI: Reserving HPET table memory at [mem 0xbc770000-0xbc770037]
Oct 01 22:13:13 archlinux kernel: ACPI: Reserving SSDT table memory at [mem 0xbc76f000-0xbc76f023]
Oct 01 22:13:13 archlinux kernel: ACPI: Reserving FPDT table memory at [mem 0xbc76e000-0xbc76e043]
Oct 01 22:13:13 archlinux kernel: ACPI: Reserving BGRT table memory at [mem 0xbc76d000-0xbc76d037]
Oct 01 22:13:13 archlinux kernel: ACPI: Reserving TPM2 table memory at [mem 0xbc76c000-0xbc76c04b]
Oct 01 22:13:13 archlinux kernel: ACPI: Reserving IVRS table memory at [mem 0xbc76b000-0xbc76b0cf]
Oct 01 22:13:13 archlinux kernel: ACPI: Reserving SSDT table memory at [mem 0xbc768000-0xbc76a313]
Oct 01 22:13:13 archlinux kernel: ACPI: Reserving CRAT table memory at [mem 0xbc767000-0xbc767f4f]
Oct 01 22:13:13 archlinux kernel: ACPI: Reserving CDIT table memory at [mem 0xbc766000-0xbc766028]
Oct 01 22:13:13 archlinux kernel: ACPI: Reserving SSDT table memory at [mem 0xbc762000-0xbc765a22]
Oct 01 22:13:13 archlinux kernel: ACPI: Reserving SSDT table memory at [mem 0xbc761000-0xbc7610be]
Oct 01 22:13:13 archlinux kernel: ACPI: Reserving WSMT table memory at [mem 0xbc760000-0xbc760027]
Oct 01 22:13:13 archlinux kernel: ACPI: Reserving APIC table memory at [mem 0xbc75f000-0xbc75f15d]
Oct 01 22:13:13 archlinux kernel: ACPI: Reserving SSDT table memory at [mem 0xbc75d000-0xbc75e47e]
Oct 01 22:13:13 archlinux kernel: No NUMA configuration found
Oct 01 22:13:13 archlinux kernel: Faking a node at [mem 0x0000000000000000-0x000000043f37ffff]
Oct 01 22:13:13 archlinux kernel: NODE_DATA(0) allocated [mem 0x43f37b000-0x43f37ffff]
Oct 01 22:13:13 archlinux kernel: Zone ranges:
Oct 01 22:13:13 archlinux kernel:   DMA      [mem 0x0000000000001000-0x0000000000ffffff]
Oct 01 22:13:13 archlinux kernel:   DMA32    [mem 0x0000000001000000-0x00000000ffffffff]
Oct 01 22:13:13 archlinux kernel:   Normal   [mem 0x0000000100000000-0x000000043f37ffff]
Oct 01 22:13:13 archlinux kernel:   Device   empty
Oct 01 22:13:13 archlinux kernel: Movable zone start for each node
Oct 01 22:13:13 archlinux kernel: Early memory node ranges
Oct 01 22:13:13 archlinux kernel:   node   0: [mem 0x0000000000001000-0x000000000009ffff]
Oct 01 22:13:13 archlinux kernel:   node   0: [mem 0x0000000000100000-0x0000000009c3efff]
Oct 01 22:13:13 archlinux kernel:   node   0: [mem 0x000000000a000000-0x000000000a1fffff]
Oct 01 22:13:13 archlinux kernel:   node   0: [mem 0x000000000a20b000-0x000000000affffff]
Oct 01 22:13:13 archlinux kernel:   node   0: [mem 0x000000000b020000-0x00000000bafecfff]
Oct 01 22:13:13 archlinux kernel:   node   0: [mem 0x00000000bddff000-0x00000000beffffff]
Oct 01 22:13:13 archlinux kernel:   node   0: [mem 0x0000000100000000-0x000000043f37ffff]
Oct 01 22:13:13 archlinux kernel: Initmem setup node 0 [mem 0x0000000000001000-0x000000043f37ffff]
Oct 01 22:13:13 archlinux kernel: On node 0, zone DMA: 1 pages in unavailable ranges
Oct 01 22:13:13 archlinux kernel: On node 0, zone DMA: 96 pages in unavailable ranges
Oct 01 22:13:13 archlinux kernel: On node 0, zone DMA32: 961 pages in unavailable ranges
Oct 01 22:13:13 archlinux kernel: On node 0, zone DMA32: 11 pages in unavailable ranges
Oct 01 22:13:13 archlinux kernel: On node 0, zone DMA32: 32 pages in unavailable ranges
Oct 01 22:13:13 archlinux kernel: On node 0, zone DMA32: 11794 pages in unavailable ranges
Oct 01 22:13:13 archlinux kernel: On node 0, zone Normal: 4096 pages in unavailable ranges
Oct 01 22:13:13 archlinux kernel: On node 0, zone Normal: 3200 pages in unavailable ranges
Oct 01 22:13:13 archlinux kernel: ACPI: PM-Timer IO Port: 0x808
Oct 01 22:13:13 archlinux kernel: ACPI: LAPIC_NMI (acpi_id[0xff] high edge lint[0x1])
Oct 01 22:13:13 archlinux kernel: IOAPIC[0]: apic_id 17, version 33, address 0xfec00000, GSI 0-23
Oct 01 22:13:13 archlinux kernel: IOAPIC[1]: apic_id 18, version 33, address 0xfec01000, GSI 24-55
Oct 01 22:13:13 archlinux kernel: ACPI: INT_SRC_OVR (bus 0 bus_irq 0 global_irq 2 dfl dfl)
Oct 01 22:13:13 archlinux kernel: ACPI: INT_SRC_OVR (bus 0 bus_irq 9 global_irq 9 low level)
Oct 01 22:13:13 archlinux kernel: ACPI: Using ACPI (MADT) for SMP configuration information
Oct 01 22:13:13 archlinux kernel: ACPI: HPET id: 0x10228201 base: 0xfed00000
Oct 01 22:13:13 archlinux kernel: e820: update [mem 0xb6c9e000-0xb6ce2fff] usable ==> reserved
Oct 01 22:13:13 archlinux kernel: smpboot: Allowing 32 CPUs, 16 hotplug CPUs
Oct 01 22:13:13 archlinux kernel: PM: hibernation: Registered nosave memory: [mem 0x00000000-0x00000fff]
Oct 01 22:13:13 archlinux kernel: PM: hibernation: Registered nosave memory: [mem 0x000a0000-0x000fffff]
Oct 01 22:13:13 archlinux kernel: PM: hibernation: Registered nosave memory: [mem 0x09c3f000-0x09ffffff]
Oct 01 22:13:13 archlinux kernel: PM: hibernation: Registered nosave memory: [mem 0x0a200000-0x0a20afff]
Oct 01 22:13:13 archlinux kernel: PM: hibernation: Registered nosave memory: [mem 0x0b000000-0x0b01ffff]
Oct 01 22:13:13 archlinux kernel: PM: hibernation: Registered nosave memory: [mem 0xb6c9e000-0xb6ce2fff]
Oct 01 22:13:13 archlinux kernel: PM: hibernation: Registered nosave memory: [mem 0xb7193000-0xb7193fff]
Oct 01 22:13:13 archlinux kernel: PM: hibernation: Registered nosave memory: [mem 0xb71b2000-0xb71b2fff]
Oct 01 22:13:13 archlinux kernel: PM: hibernation: Registered nosave memory: [mem 0xb71b3000-0xb71b3fff]
Oct 01 22:13:13 archlinux kernel: PM: hibernation: Registered nosave memory: [mem 0xb71c1000-0xb71c1fff]
Oct 01 22:13:13 archlinux kernel: PM: hibernation: Registered nosave memory: [mem 0xb965a000-0xb965afff]
Oct 01 22:13:13 archlinux kernel: PM: hibernation: Registered nosave memory: [mem 0xbafed000-0xbc750fff]
Oct 01 22:13:13 archlinux kernel: PM: hibernation: Registered nosave memory: [mem 0xbc751000-0xbc78efff]
Oct 01 22:13:13 archlinux kernel: PM: hibernation: Registered nosave memory: [mem 0xbc78f000-0xbce4efff]
Oct 01 22:13:13 archlinux kernel: PM: hibernation: Registered nosave memory: [mem 0xbce4f000-0xbddfefff]
Oct 01 22:13:13 archlinux kernel: PM: hibernation: Registered nosave memory: [mem 0xbf000000-0xbfffffff]
Oct 01 22:13:13 archlinux kernel: PM: hibernation: Registered nosave memory: [mem 0xc0000000-0xfe9fffff]
Oct 01 22:13:13 archlinux kernel: PM: hibernation: Registered nosave memory: [mem 0xfea00000-0xfea0ffff]
Oct 01 22:13:13 archlinux kernel: PM: hibernation: Registered nosave memory: [mem 0xfea10000-0xfec0ffff]
Oct 01 22:13:13 archlinux kernel: PM: hibernation: Registered nosave memory: [mem 0xfec10000-0xfec10fff]
Oct 01 22:13:13 archlinux kernel: PM: hibernation: Registered nosave memory: [mem 0xfec11000-0xfec2ffff]
Oct 01 22:13:13 archlinux kernel: PM: hibernation: Registered nosave memory: [mem 0xfec30000-0xfec30fff]
Oct 01 22:13:13 archlinux kernel: PM: hibernation: Registered nosave memory: [mem 0xfec31000-0xfecfffff]
Oct 01 22:13:13 archlinux kernel: PM: hibernation: Registered nosave memory: [mem 0xfed00000-0xfed00fff]
Oct 01 22:13:13 archlinux kernel: PM: hibernation: Registered nosave memory: [mem 0xfed01000-0xfed3ffff]
Oct 01 22:13:13 archlinux kernel: PM: hibernation: Registered nosave memory: [mem 0xfed40000-0xfed44fff]
Oct 01 22:13:13 archlinux kernel: PM: hibernation: Registered nosave memory: [mem 0xfed45000-0xfed7ffff]
Oct 01 22:13:13 archlinux kernel: PM: hibernation: Registered nosave memory: [mem 0xfed80000-0xfed8ffff]
Oct 01 22:13:13 archlinux kernel: PM: hibernation: Registered nosave memory: [mem 0xfed90000-0xfedc1fff]
Oct 01 22:13:13 archlinux kernel: PM: hibernation: Registered nosave memory: [mem 0xfedc2000-0xfedcffff]
Oct 01 22:13:13 archlinux kernel: PM: hibernation: Registered nosave memory: [mem 0xfedd0000-0xfedd3fff]
Oct 01 22:13:13 archlinux kernel: PM: hibernation: Registered nosave memory: [mem 0xfedd4000-0xfedd5fff]
Oct 01 22:13:13 archlinux kernel: PM: hibernation: Registered nosave memory: [mem 0xfedd6000-0xffffffff]
Oct 01 22:13:13 archlinux kernel: [mem 0xc0000000-0xfe9fffff] available for PCI devices
Oct 01 22:13:13 archlinux kernel: Booting paravirtualized kernel on bare hardware
Oct 01 22:13:13 archlinux kernel: clocksource: refined-jiffies: mask: 0xffffffff max_cycles: 0xffffffff, max_idle_ns: 6370452778343963 ns
Oct 01 22:13:13 archlinux kernel: setup_percpu: NR_CPUS:320 nr_cpumask_bits:32 nr_cpu_ids:32 nr_node_ids:1
Oct 01 22:13:13 archlinux kernel: percpu: Embedded 64 pages/cpu s225280 r8192 d28672 u262144
Oct 01 22:13:13 archlinux kernel: pcpu-alloc: s225280 r8192 d28672 u262144 alloc=1*2097152
Oct 01 22:13:13 archlinux kernel: pcpu-alloc: [0] 00 01 02 03 04 05 06 07 [0] 08 09 10 11 12 13 14 15 
Oct 01 22:13:13 archlinux kernel: pcpu-alloc: [0] 16 17 18 19 20 21 22 23 [0] 24 25 26 27 28 29 30 31 
Oct 01 22:13:13 archlinux kernel: Kernel command line: BOOT_IMAGE=/vmlinuz-linux root=UUID=9d784875-226a-41e3-a962-1787a74121a0 rw rootfstype=ext4 loglevel=6 quiet nvidia-drm.modeset=1
Oct 01 22:13:13 archlinux kernel: Unknown kernel command line parameters "BOOT_IMAGE=/vmlinuz-linux", will be passed to user space.
Oct 01 22:13:13 archlinux kernel: printk: log_buf_len individual max cpu contribution: 4096 bytes
Oct 01 22:13:13 archlinux kernel: printk: log_buf_len total cpu_extra contributions: 126976 bytes
Oct 01 22:13:13 archlinux kernel: printk: log_buf_len min size: 131072 bytes
Oct 01 22:13:13 archlinux kernel: printk: log_buf_len: 262144 bytes
Oct 01 22:13:13 archlinux kernel: printk: early log buf free: 113024(86%)
Oct 01 22:13:13 archlinux kernel: Dentry cache hash table entries: 2097152 (order: 12, 16777216 bytes, linear)
Oct 01 22:13:13 archlinux kernel: Inode-cache hash table entries: 1048576 (order: 11, 8388608 bytes, linear)
Oct 01 22:13:13 archlinux kernel: Fallback order for Node 0: 0 
Oct 01 22:13:13 archlinux kernel: Built 1 zonelists, mobility grouping on.  Total pages: 4108731
Oct 01 22:13:13 archlinux kernel: Policy zone: Normal
Oct 01 22:13:13 archlinux kernel: mem auto-init: stack:all(zero), heap alloc:on, heap free:off
Oct 01 22:13:13 archlinux kernel: software IO TLB: area num 32.
Oct 01 22:13:13 archlinux kernel: Memory: 16109264K/16696452K available (16384K kernel code, 2123K rwdata, 12952K rodata, 3384K init, 3916K bss, 586928K reserved, 0K cma-reserved)
Oct 01 22:13:13 archlinux kernel: SLUB: HWalign=64, Order=0-3, MinObjects=0, CPUs=32, Nodes=1
Oct 01 22:13:13 archlinux kernel: ftrace: allocating 48459 entries in 190 pages
Oct 01 22:13:13 archlinux kernel: ftrace: allocated 190 pages with 6 groups
Oct 01 22:13:13 archlinux kernel: Dynamic Preempt: full
Oct 01 22:13:13 archlinux kernel: rcu: Preemptible hierarchical RCU implementation.
Oct 01 22:13:13 archlinux kernel: rcu:         RCU restricting CPUs from NR_CPUS=320 to nr_cpu_ids=32.
Oct 01 22:13:13 archlinux kernel: rcu:         RCU priority boosting: priority 1 delay 500 ms.
Oct 01 22:13:13 archlinux kernel:         Trampoline variant of Tasks RCU enabled.
Oct 01 22:13:13 archlinux kernel:         Rude variant of Tasks RCU enabled.
Oct 01 22:13:13 archlinux kernel:         Tracing variant of Tasks RCU enabled.
Oct 01 22:13:13 archlinux kernel: rcu: RCU calculated value of scheduler-enlistment delay is 30 jiffies.
Oct 01 22:13:13 archlinux kernel: rcu: Adjusting geometry for rcu_fanout_leaf=16, nr_cpu_ids=32
Oct 01 22:13:13 archlinux kernel: NR_IRQS: 20736, nr_irqs: 1224, preallocated irqs: 16
Oct 01 22:13:13 archlinux kernel: rcu: srcu_init: Setting srcu_struct sizes based on contention.
Oct 01 22:13:13 archlinux kernel: kfence: initialized - using 2097152 bytes for 255 objects at 0x(____ptrval____)-0x(____ptrval____)
Oct 01 22:13:13 archlinux kernel: Console: colour dummy device 80x25
Oct 01 22:13:13 archlinux kernel: printk: console [tty0] enabled
Oct 01 22:13:13 archlinux kernel: ACPI: Core revision 20230331
Oct 01 22:13:13 archlinux kernel: clocksource: hpet: mask: 0xffffffff max_cycles: 0xffffffff, max_idle_ns: 133484873504 ns
Oct 01 22:13:13 archlinux kernel: APIC: Switch to symmetric I/O mode setup
Oct 01 22:13:13 archlinux kernel: AMD-Vi: Using global IVHD EFR:0xf77ef22294ada, EFR2:0x0
Oct 01 22:13:13 archlinux kernel: Switched APIC routing to physical flat.
Oct 01 22:13:13 archlinux kernel: ..TIMER: vector=0x30 apic1=0 pin1=2 apic2=-1 pin2=-1
Oct 01 22:13:13 archlinux kernel: clocksource: tsc-early: mask: 0xffffffffffffffff max_cycles: 0x33caa276ae7, max_idle_ns: 440795293861 ns
Oct 01 22:13:13 archlinux kernel: Calibrating delay loop (skipped), value calculated using timer frequency.. 7188.49 BogoMIPS (lpj=11976793)
Oct 01 22:13:13 archlinux kernel: AMD Zen1 DIV0 bug detected. Disable SMT for full protection.
Oct 01 22:13:13 archlinux kernel: LVT offset 1 assigned for vector 0xf9
Oct 01 22:13:13 archlinux kernel: LVT offset 2 assigned for vector 0xf4
Oct 01 22:13:13 archlinux kernel: Last level iTLB entries: 4KB 1024, 2MB 1024, 4MB 512
Oct 01 22:13:13 archlinux kernel: Last level dTLB entries: 4KB 1536, 2MB 1536, 4MB 768, 1GB 0
Oct 01 22:13:13 archlinux kernel: Spectre V1 : Mitigation: usercopy/swapgs barriers and __user pointer sanitization
Oct 01 22:13:13 archlinux kernel: Spectre V2 : Mitigation: Retpolines
Oct 01 22:13:13 archlinux kernel: Spectre V2 : Spectre v2 / SpectreRSB mitigation: Filling RSB on context switch
Oct 01 22:13:13 archlinux kernel: Spectre V2 : Spectre v2 / SpectreRSB : Filling RSB on VMEXIT
Oct 01 22:13:13 archlinux kernel: Spectre V2 : Enabling Speculation Barrier for firmware calls
Oct 01 22:13:13 archlinux kernel: RETBleed: Mitigation: untrained return thunk
Oct 01 22:13:13 archlinux kernel: Spectre V2 : mitigation: Enabling conditional Indirect Branch Prediction Barrier
Oct 01 22:13:13 archlinux kernel: Speculative Store Bypass: Mitigation: Speculative Store Bypass disabled via prctl
Oct 01 22:13:13 archlinux kernel: Speculative Return Stack Overflow: Mitigation: safe RET
Oct 01 22:13:13 archlinux kernel: x86/fpu: Supporting XSAVE feature 0x001: 'x87 floating point registers'
Oct 01 22:13:13 archlinux kernel: x86/fpu: Supporting XSAVE feature 0x002: 'SSE registers'
Oct 01 22:13:13 archlinux kernel: x86/fpu: Supporting XSAVE feature 0x004: 'AVX registers'
Oct 01 22:13:13 archlinux kernel: x86/fpu: xstate_offset[2]:  576, xstate_sizes[2]:  256
Oct 01 22:13:13 archlinux kernel: x86/fpu: Enabled xstate features 0x7, context size is 832 bytes, using 'compacted' format.
Oct 01 22:13:13 archlinux kernel: Freeing SMP alternatives memory: 40K
Oct 01 22:13:13 archlinux kernel: pid_max: default: 32768 minimum: 301
Oct 01 22:13:13 archlinux kernel: LSM: initializing lsm=capability,landlock,lockdown,yama,bpf,integrity
Oct 01 22:13:13 archlinux kernel: landlock: Up and running.
Oct 01 22:13:13 archlinux kernel: Yama: becoming mindful.
Oct 01 22:13:13 archlinux kernel: LSM support for eBPF active
Oct 01 22:13:13 archlinux kernel: Mount-cache hash table entries: 32768 (order: 6, 262144 bytes, linear)
Oct 01 22:13:13 archlinux kernel: Mountpoint-cache hash table entries: 32768 (order: 6, 262144 bytes, linear)
Oct 01 22:13:13 archlinux kernel: smpboot: CPU0: AMD Ryzen 7 1800X Eight-Core Processor (family: 0x17, model: 0x1, stepping: 0x1)
Oct 01 22:13:13 archlinux kernel: RCU Tasks: Setting shift to 5 and lim to 1 rcu_task_cb_adjust=1.
Oct 01 22:13:13 archlinux kernel: RCU Tasks Rude: Setting shift to 5 and lim to 1 rcu_task_cb_adjust=1.
Oct 01 22:13:13 archlinux kernel: RCU Tasks Trace: Setting shift to 5 and lim to 1 rcu_task_cb_adjust=1.
Oct 01 22:13:13 archlinux kernel: Performance Events: Fam17h+ core perfctr, AMD PMU driver.
Oct 01 22:13:13 archlinux kernel: ... version:                0
Oct 01 22:13:13 archlinux kernel: ... bit width:              48
Oct 01 22:13:13 archlinux kernel: ... generic registers:      6
Oct 01 22:13:13 archlinux kernel: ... value mask:             0000ffffffffffff
Oct 01 22:13:13 archlinux kernel: ... max period:             00007fffffffffff
Oct 01 22:13:13 archlinux kernel: ... fixed-purpose events:   0
Oct 01 22:13:13 archlinux kernel: ... event mask:             000000000000003f
Oct 01 22:13:13 archlinux kernel: signal: max sigframe size: 1776
Oct 01 22:13:13 archlinux kernel: rcu: Hierarchical SRCU implementation.
Oct 01 22:13:13 archlinux kernel: rcu:         Max phase no-delay instances is 1000.
Oct 01 22:13:13 archlinux kernel: NMI watchdog: Enabled. Permanently consumes one hw-PMU counter.
Oct 01 22:13:13 archlinux kernel: smp: Bringing up secondary CPUs ...
Oct 01 22:13:13 archlinux kernel: smpboot: x86: Booting SMP configuration:
Oct 01 22:13:13 archlinux kernel: .... node  #0, CPUs:        #1  #2  #3  #4  #5  #6  #7  #8  #9 #10 #11 #12 #13 #14 #15
Oct 01 22:13:13 archlinux kernel: smp: Brought up 1 node, 16 CPUs
Oct 01 22:13:13 archlinux kernel: smpboot: Max logical packages: 2
Oct 01 22:13:13 archlinux kernel: smpboot: Total of 16 processors activated (115023.93 BogoMIPS)
Oct 01 22:13:13 archlinux kernel: devtmpfs: initialized
Oct 01 22:13:13 archlinux kernel: x86/mm: Memory block size: 128MB
Oct 01 22:13:13 archlinux kernel: ACPI: PM: Registering ACPI NVS region [mem 0x0a200000-0x0a20afff] (45056 bytes)
Oct 01 22:13:13 archlinux kernel: ACPI: PM: Registering ACPI NVS region [mem 0xbc78f000-0xbce4efff] (7077888 bytes)
Oct 01 22:13:13 archlinux kernel: clocksource: jiffies: mask: 0xffffffff max_cycles: 0xffffffff, max_idle_ns: 6370867519511994 ns
Oct 01 22:13:13 archlinux kernel: futex hash table entries: 8192 (order: 7, 524288 bytes, linear)
Oct 01 22:13:13 archlinux kernel: pinctrl core: initialized pinctrl subsystem
Oct 01 22:13:13 archlinux kernel: PM: RTC time: 02:13:05, date: 2023-10-02
Oct 01 22:13:13 archlinux kernel: NET: Registered PF_NETLINK/PF_ROUTE protocol family
Oct 01 22:13:13 archlinux kernel: DMA: preallocated 2048 KiB GFP_KERNEL pool for atomic allocations
Oct 01 22:13:13 archlinux kernel: DMA: preallocated 2048 KiB GFP_KERNEL|GFP_DMA pool for atomic allocations
Oct 01 22:13:13 archlinux kernel: DMA: preallocated 2048 KiB GFP_KERNEL|GFP_DMA32 pool for atomic allocations
Oct 01 22:13:13 archlinux kernel: audit: initializing netlink subsys (disabled)
Oct 01 22:13:13 archlinux kernel: audit: type=2000 audit(1696212785.193:1): state=initialized audit_enabled=0 res=1
Oct 01 22:13:13 archlinux kernel: thermal_sys: Registered thermal governor 'fair_share'
Oct 01 22:13:13 archlinux kernel: thermal_sys: Registered thermal governor 'bang_bang'
Oct 01 22:13:13 archlinux kernel: thermal_sys: Registered thermal governor 'step_wise'
Oct 01 22:13:13 archlinux kernel: thermal_sys: Registered thermal governor 'user_space'
Oct 01 22:13:13 archlinux kernel: thermal_sys: Registered thermal governor 'power_allocator'
Oct 01 22:13:13 archlinux kernel: cpuidle: using governor ladder
Oct 01 22:13:13 archlinux kernel: cpuidle: using governor menu
Oct 01 22:13:13 archlinux kernel: acpiphp: ACPI Hot Plug PCI Controller Driver version: 0.5
Oct 01 22:13:13 archlinux kernel: PCI: MMCONFIG for domain 0000 [bus 00-7f] at [mem 0xf0000000-0xf7ffffff] (base 0xf0000000)
Oct 01 22:13:13 archlinux kernel: PCI: not using MMCONFIG
Oct 01 22:13:13 archlinux kernel: PCI: Using configuration type 1 for base access
Oct 01 22:13:13 archlinux kernel: PCI: Using configuration type 1 for extended access
Oct 01 22:13:13 archlinux kernel: kprobes: kprobe jump-optimization is enabled. All kprobes are optimized if possible.
Oct 01 22:13:13 archlinux kernel: HugeTLB: registered 1.00 GiB page size, pre-allocated 0 pages
Oct 01 22:13:13 archlinux kernel: HugeTLB: 16380 KiB vmemmap can be freed for a 1.00 GiB page
Oct 01 22:13:13 archlinux kernel: HugeTLB: registered 2.00 MiB page size, pre-allocated 0 pages
Oct 01 22:13:13 archlinux kernel: HugeTLB: 28 KiB vmemmap can be freed for a 2.00 MiB page
Oct 01 22:13:13 archlinux kernel: ACPI: Added _OSI(Module Device)
Oct 01 22:13:13 archlinux kernel: ACPI: Added _OSI(Processor Device)
Oct 01 22:13:13 archlinux kernel: ACPI: Added _OSI(3.0 _SCP Extensions)
Oct 01 22:13:13 archlinux kernel: ACPI: Added _OSI(Processor Aggregator Device)
Oct 01 22:13:13 archlinux kernel: ACPI: 10 ACPI AML tables successfully acquired and loaded
Oct 01 22:13:13 archlinux kernel: ACPI: [Firmware Bug]: BIOS _OSI(Linux) query ignored
Oct 01 22:13:13 archlinux kernel: ACPI: Interpreter enabled
Oct 01 22:13:13 archlinux kernel: ACPI: PM: (supports S0 S3 S4 S5)
Oct 01 22:13:13 archlinux kernel: ACPI: Using IOAPIC for interrupt routing
Oct 01 22:13:13 archlinux kernel: PCI: MMCONFIG for domain 0000 [bus 00-7f] at [mem 0xf0000000-0xf7ffffff] (base 0xf0000000)
Oct 01 22:13:13 archlinux kernel: PCI: MMCONFIG at [mem 0xf0000000-0xf7ffffff] reserved as ACPI motherboard resource
Oct 01 22:13:13 archlinux kernel: PCI: Using host bridge windows from ACPI; if necessary, use "pci=nocrs" and report a bug
Oct 01 22:13:13 archlinux kernel: PCI: Ignoring E820 reservations for host bridge windows
Oct 01 22:13:13 archlinux kernel: ACPI: Enabled 3 GPEs in block 00 to 1F
Oct 01 22:13:13 archlinux kernel: ACPI: PCI Root Bridge [PCI0] (domain 0000 [bus 00-ff])
Oct 01 22:13:13 archlinux kernel: acpi PNP0A08:00: _OSC: OS supports [ExtendedConfig ASPM ClockPM Segments MSI EDR HPX-Type3]
Oct 01 22:13:13 archlinux kernel: acpi PNP0A08:00: _OSC: platform does not support [SHPCHotplug LTR DPC]
Oct 01 22:13:13 archlinux kernel: acpi PNP0A08:00: _OSC: OS now controls [PCIeHotplug PME AER PCIeCapability]
Oct 01 22:13:13 archlinux kernel: acpi PNP0A08:00: [Firmware Info]: MMCONFIG for domain 0000 [bus 00-7f] only partially covers this bridge
Oct 01 22:13:13 archlinux kernel: PCI host bridge to bus 0000:00
Oct 01 22:13:13 archlinux kernel: pci_bus 0000:00: root bus resource [io  0x0000-0x03af window]
Oct 01 22:13:13 archlinux kernel: pci_bus 0000:00: root bus resource [io  0x03e0-0x0cf7 window]
Oct 01 22:13:13 archlinux kernel: pci_bus 0000:00: root bus resource [io  0x03b0-0x03df window]
Oct 01 22:13:13 archlinux kernel: pci_bus 0000:00: root bus resource [io  0x0d00-0xffff window]
Oct 01 22:13:13 archlinux kernel: pci_bus 0000:00: root bus resource [mem 0x000a0000-0x000dffff window]
Oct 01 22:13:13 archlinux kernel: pci_bus 0000:00: root bus resource [mem 0xc0000000-0xfec2ffff window]
Oct 01 22:13:13 archlinux kernel: pci_bus 0000:00: root bus resource [mem 0xfee00000-0xffffffff window]
Oct 01 22:13:13 archlinux kernel: pci_bus 0000:00: root bus resource [bus 00-ff]
Oct 01 22:13:13 archlinux kernel: pci 0000:00:00.0: [1022:1450] type 00 class 0x060000
Oct 01 22:13:13 archlinux kernel: pci 0000:00:00.2: [1022:1451] type 00 class 0x080600
Oct 01 22:13:13 archlinux kernel: pci 0000:00:01.0: [1022:1452] type 00 class 0x060000
Oct 01 22:13:13 archlinux kernel: pci 0000:00:01.1: [1022:1453] type 01 class 0x060400
Oct 01 22:13:13 archlinux kernel: pci 0000:00:01.1: enabling Extended Tags
Oct 01 22:13:13 archlinux kernel: pci 0000:00:01.1: PME# supported from D0 D3hot D3cold
Oct 01 22:13:13 archlinux kernel: pci 0000:00:01.3: [1022:1453] type 01 class 0x060400
Oct 01 22:13:13 archlinux kernel: pci 0000:00:01.3: enabling Extended Tags
Oct 01 22:13:13 archlinux kernel: pci 0000:00:01.3: PME# supported from D0 D3hot D3cold
Oct 01 22:13:13 archlinux kernel: pci 0000:00:02.0: [1022:1452] type 00 class 0x060000
Oct 01 22:13:13 archlinux kernel: pci 0000:00:03.0: [1022:1452] type 00 class 0x060000
Oct 01 22:13:13 archlinux kernel: pci 0000:00:03.1: [1022:1453] type 01 class 0x060400
Oct 01 22:13:13 archlinux kernel: pci 0000:00:03.1: PME# supported from D0 D3hot D3cold
Oct 01 22:13:13 archlinux kernel: pci 0000:00:04.0: [1022:1452] type 00 class 0x060000
Oct 01 22:13:13 archlinux kernel: pci 0000:00:07.0: [1022:1452] type 00 class 0x060000
Oct 01 22:13:13 archlinux kernel: pci 0000:00:07.1: [1022:1454] type 01 class 0x060400
Oct 01 22:13:13 archlinux kernel: pci 0000:00:07.1: enabling Extended Tags
Oct 01 22:13:13 archlinux kernel: pci 0000:00:07.1: PME# supported from D0 D3hot D3cold
Oct 01 22:13:13 archlinux kernel: pci 0000:00:08.0: [1022:1452] type 00 class 0x060000
Oct 01 22:13:13 archlinux kernel: pci 0000:00:08.1: [1022:1454] type 01 class 0x060400
Oct 01 22:13:13 archlinux kernel: pci 0000:00:08.1: enabling Extended Tags
Oct 01 22:13:13 archlinux kernel: pci 0000:00:08.1: PME# supported from D0 D3hot D3cold
Oct 01 22:13:13 archlinux kernel: pci 0000:00:14.0: [1022:790b] type 00 class 0x0c0500
Oct 01 22:13:13 archlinux kernel: pci 0000:00:14.3: [1022:790e] type 00 class 0x060100
Oct 01 22:13:13 archlinux kernel: pci 0000:00:18.0: [1022:1460] type 00 class 0x060000
Oct 01 22:13:13 archlinux kernel: pci 0000:00:18.1: [1022:1461] type 00 class 0x060000
Oct 01 22:13:13 archlinux kernel: pci 0000:00:18.2: [1022:1462] type 00 class 0x060000
Oct 01 22:13:13 archlinux kernel: pci 0000:00:18.3: [1022:1463] type 00 class 0x060000
Oct 01 22:13:13 archlinux kernel: pci 0000:00:18.4: [1022:1464] type 00 class 0x060000
Oct 01 22:13:13 archlinux kernel: pci 0000:00:18.5: [1022:1465] type 00 class 0x060000
Oct 01 22:13:13 archlinux kernel: pci 0000:00:18.6: [1022:1466] type 00 class 0x060000
Oct 01 22:13:13 archlinux kernel: pci 0000:00:18.7: [1022:1467] type 00 class 0x060000
Oct 01 22:13:13 archlinux kernel: pci 0000:01:00.0: [1cc1:8201] type 00 class 0x010802
Oct 01 22:13:13 archlinux kernel: pci 0000:01:00.0: reg 0x10: [mem 0xfc900000-0xfc903fff 64bit]
Oct 01 22:13:13 archlinux kernel: pci 0000:00:01.1: PCI bridge to [bus 01]
Oct 01 22:13:13 archlinux kernel: pci 0000:00:01.1:   bridge window [mem 0xfc900000-0xfc9fffff]
Oct 01 22:13:13 archlinux kernel: pci 0000:02:00.0: [1022:43b9] type 00 class 0x0c0330
Oct 01 22:13:13 archlinux kernel: pci 0000:02:00.0: reg 0x10: [mem 0xfc7a0000-0xfc7a7fff 64bit]
Oct 01 22:13:13 archlinux kernel: pci 0000:02:00.0: enabling Extended Tags
Oct 01 22:13:13 archlinux kernel: pci 0000:02:00.0: PME# supported from D3hot D3cold
Oct 01 22:13:13 archlinux kernel: pci 0000:02:00.1: [1022:43b5] type 00 class 0x010601
Oct 01 22:13:13 archlinux kernel: pci 0000:02:00.1: reg 0x24: [mem 0xfc780000-0xfc79ffff]
Oct 01 22:13:13 archlinux kernel: pci 0000:02:00.1: reg 0x30: [mem 0xfc700000-0xfc77ffff pref]
Oct 01 22:13:13 archlinux kernel: pci 0000:02:00.1: enabling Extended Tags
Oct 01 22:13:13 archlinux kernel: pci 0000:02:00.1: PME# supported from D3hot D3cold
Oct 01 22:13:13 archlinux kernel: pci 0000:02:00.2: [1022:43b0] type 01 class 0x060400
Oct 01 22:13:13 archlinux kernel: pci 0000:02:00.2: enabling Extended Tags
Oct 01 22:13:13 archlinux kernel: pci 0000:02:00.2: PME# supported from D3hot D3cold
Oct 01 22:13:13 archlinux kernel: pci 0000:00:01.3: PCI bridge to [bus 02-08]
Oct 01 22:13:13 archlinux kernel: pci 0000:00:01.3:   bridge window [io  0xf000-0xffff]
Oct 01 22:13:13 archlinux kernel: pci 0000:00:01.3:   bridge window [mem 0xfc500000-0xfc7fffff]
Oct 01 22:13:13 archlinux kernel: pci 0000:00:01.3:   bridge window [mem 0xe2100000-0xe21fffff 64bit pref]
Oct 01 22:13:13 archlinux kernel: pci 0000:03:00.0: [1022:43b4] type 01 class 0x060400
Oct 01 22:13:13 archlinux kernel: pci 0000:03:00.0: enabling Extended Tags
Oct 01 22:13:13 archlinux kernel: pci 0000:03:00.0: PME# supported from D3hot D3cold
Oct 01 22:13:13 archlinux kernel: pci 0000:03:01.0: [1022:43b4] type 01 class 0x060400
Oct 01 22:13:13 archlinux kernel: pci 0000:03:01.0: enabling Extended Tags
Oct 01 22:13:13 archlinux kernel: pci 0000:03:01.0: PME# supported from D3hot D3cold
Oct 01 22:13:13 archlinux kernel: pci 0000:03:02.0: [1022:43b4] type 01 class 0x060400
Oct 01 22:13:13 archlinux kernel: pci 0000:03:02.0: enabling Extended Tags
Oct 01 22:13:13 archlinux kernel: pci 0000:03:02.0: PME# supported from D3hot D3cold
Oct 01 22:13:13 archlinux kernel: pci 0000:03:03.0: [1022:43b4] type 01 class 0x060400
Oct 01 22:13:13 archlinux kernel: pci 0000:03:03.0: enabling Extended Tags
Oct 01 22:13:13 archlinux kernel: pci 0000:03:03.0: PME# supported from D3hot D3cold
Oct 01 22:13:13 archlinux kernel: pci 0000:03:04.0: [1022:43b4] type 01 class 0x060400
Oct 01 22:13:13 archlinux kernel: pci 0000:03:04.0: enabling Extended Tags
Oct 01 22:13:13 archlinux kernel: pci 0000:03:04.0: PME# supported from D3hot D3cold
Oct 01 22:13:13 archlinux kernel: pci 0000:02:00.2: PCI bridge to [bus 03-08]
Oct 01 22:13:13 archlinux kernel: pci 0000:02:00.2:   bridge window [io  0xf000-0xffff]
Oct 01 22:13:13 archlinux kernel: pci 0000:02:00.2:   bridge window [mem 0xfc500000-0xfc6fffff]
Oct 01 22:13:13 archlinux kernel: pci 0000:02:00.2:   bridge window [mem 0xe2100000-0xe21fffff 64bit pref]
Oct 01 22:13:13 archlinux kernel: pci 0000:03:00.0: PCI bridge to [bus 04]
Oct 01 22:13:13 archlinux kernel: pci 0000:05:00.0: [10ec:8168] type 00 class 0x020000
Oct 01 22:13:13 archlinux kernel: pci 0000:05:00.0: reg 0x10: [io  0xf000-0xf0ff]
Oct 01 22:13:13 archlinux kernel: pci 0000:05:00.0: reg 0x18: [mem 0xfc600000-0xfc600fff 64bit]
Oct 01 22:13:13 archlinux kernel: pci 0000:05:00.0: reg 0x20: [mem 0xe2100000-0xe2103fff 64bit pref]
Oct 01 22:13:13 archlinux kernel: pci 0000:05:00.0: supports D1 D2
Oct 01 22:13:13 archlinux kernel: pci 0000:05:00.0: PME# supported from D0 D1 D2 D3hot D3cold
Oct 01 22:13:13 archlinux kernel: pci 0000:03:01.0: PCI bridge to [bus 05]
Oct 01 22:13:13 archlinux kernel: pci 0000:03:01.0:   bridge window [io  0xf000-0xffff]
Oct 01 22:13:13 archlinux kernel: pci 0000:03:01.0:   bridge window [mem 0xfc600000-0xfc6fffff]
Oct 01 22:13:13 archlinux kernel: pci 0000:03:01.0:   bridge window [mem 0xe2100000-0xe21fffff 64bit pref]
Oct 01 22:13:13 archlinux kernel: pci 0000:03:02.0: PCI bridge to [bus 06]
Oct 01 22:13:13 archlinux kernel: pci 0000:03:03.0: PCI bridge to [bus 07]
Oct 01 22:13:13 archlinux kernel: pci 0000:08:00.0: [15b7:5017] type 00 class 0x010802
Oct 01 22:13:13 archlinux kernel: pci 0000:08:00.0: reg 0x10: [mem 0xfc500000-0xfc503fff 64bit]
Oct 01 22:13:13 archlinux kernel: pci 0000:08:00.0: 16.000 Gb/s available PCIe bandwidth, limited by 5.0 GT/s PCIe x4 link at 0000:03:04.0 (capable of 63.012 Gb/s with 16.0 GT/s PCIe x4 link)
Oct 01 22:13:13 archlinux kernel: pci 0000:03:04.0: PCI bridge to [bus 08]
Oct 01 22:13:13 archlinux kernel: pci 0000:03:04.0:   bridge window [mem 0xfc500000-0xfc5fffff]
Oct 01 22:13:13 archlinux kernel: pci 0000:09:00.0: [10de:1b83] type 00 class 0x030000
Oct 01 22:13:13 archlinux kernel: pci 0000:09:00.0: reg 0x10: [mem 0xfb000000-0xfbffffff]
Oct 01 22:13:13 archlinux kernel: pci 0000:09:00.0: reg 0x14: [mem 0xd0000000-0xdfffffff 64bit pref]
Oct 01 22:13:13 archlinux kernel: pci 0000:09:00.0: reg 0x1c: [mem 0xe0000000-0xe1ffffff 64bit pref]
Oct 01 22:13:13 archlinux kernel: pci 0000:09:00.0: reg 0x24: [io  0xe000-0xe07f]
Oct 01 22:13:13 archlinux kernel: pci 0000:09:00.0: reg 0x30: [mem 0xfc000000-0xfc07ffff pref]
Oct 01 22:13:13 archlinux kernel: pci 0000:09:00.0: BAR 3: assigned to efifb
Oct 01 22:13:13 archlinux kernel: pci 0000:09:00.0: Video device with shadowed ROM at [mem 0x000c0000-0x000dffff]
Oct 01 22:13:13 archlinux kernel: pci 0000:09:00.0: 32.000 Gb/s available PCIe bandwidth, limited by 2.5 GT/s PCIe x16 link at 0000:00:03.1 (capable of 126.016 Gb/s with 8.0 GT/s PCIe x16 link)
Oct 01 22:13:13 archlinux kernel: pci 0000:09:00.1: [10de:10f0] type 00 class 0x040300
Oct 01 22:13:13 archlinux kernel: pci 0000:09:00.1: reg 0x10: [mem 0xfc080000-0xfc083fff]
Oct 01 22:13:13 archlinux kernel: pci 0000:00:03.1: PCI bridge to [bus 09]
Oct 01 22:13:13 archlinux kernel: pci 0000:00:03.1:   bridge window [io  0xe000-0xefff]
Oct 01 22:13:13 archlinux kernel: pci 0000:00:03.1:   bridge window [mem 0xfb000000-0xfc0fffff]
Oct 01 22:13:13 archlinux kernel: pci 0000:00:03.1:   bridge window [mem 0xd0000000-0xe1ffffff 64bit pref]
Oct 01 22:13:13 archlinux kernel: pci 0000:0a:00.0: [1022:145a] type 00 class 0x130000
Oct 01 22:13:13 archlinux kernel: pci 0000:0a:00.0: enabling Extended Tags
Oct 01 22:13:13 archlinux kernel: pci 0000:0a:00.2: [1022:1456] type 00 class 0x108000
Oct 01 22:13:13 archlinux kernel: pci 0000:0a:00.2: reg 0x18: [mem 0xfc300000-0xfc3fffff]
Oct 01 22:13:13 archlinux kernel: pci 0000:0a:00.2: reg 0x24: [mem 0xfc400000-0xfc401fff]
Oct 01 22:13:13 archlinux kernel: pci 0000:0a:00.2: enabling Extended Tags
Oct 01 22:13:13 archlinux kernel: pci 0000:0a:00.3: [1022:145c] type 00 class 0x0c0330
Oct 01 22:13:13 archlinux kernel: pci 0000:0a:00.3: reg 0x10: [mem 0xfc200000-0xfc2fffff 64bit]
Oct 01 22:13:13 archlinux kernel: pci 0000:0a:00.3: enabling Extended Tags
Oct 01 22:13:13 archlinux kernel: pci 0000:0a:00.3: PME# supported from D0 D3hot D3cold
Oct 01 22:13:13 archlinux kernel: pci 0000:00:07.1: PCI bridge to [bus 0a]
Oct 01 22:13:13 archlinux kernel: pci 0000:00:07.1:   bridge window [mem 0xfc200000-0xfc4fffff]
Oct 01 22:13:13 archlinux kernel: pci 0000:0b:00.0: [1022:1455] type 00 class 0x130000
Oct 01 22:13:13 archlinux kernel: pci 0000:0b:00.0: enabling Extended Tags
Oct 01 22:13:13 archlinux kernel: pci 0000:0b:00.2: [1022:7901] type 00 class 0x010601
Oct 01 22:13:13 archlinux kernel: pci 0000:0b:00.2: reg 0x24: [mem 0xfc808000-0xfc808fff]
Oct 01 22:13:13 archlinux kernel: pci 0000:0b:00.2: enabling Extended Tags
Oct 01 22:13:13 archlinux kernel: pci 0000:0b:00.2: PME# supported from D3hot D3cold
Oct 01 22:13:13 archlinux kernel: pci 0000:0b:00.3: [1022:1457] type 00 class 0x040300
Oct 01 22:13:13 archlinux kernel: pci 0000:0b:00.3: reg 0x10: [mem 0xfc800000-0xfc807fff]
Oct 01 22:13:13 archlinux kernel: pci 0000:0b:00.3: enabling Extended Tags
Oct 01 22:13:13 archlinux kernel: pci 0000:0b:00.3: PME# supported from D0 D3hot D3cold
Oct 01 22:13:13 archlinux kernel: pci 0000:00:08.1: PCI bridge to [bus 0b]
Oct 01 22:13:13 archlinux kernel: pci 0000:00:08.1:   bridge window [mem 0xfc800000-0xfc8fffff]
Oct 01 22:13:13 archlinux kernel: ACPI: PCI: Interrupt link LNKA configured for IRQ 0
Oct 01 22:13:13 archlinux kernel: ACPI: PCI: Interrupt link LNKB configured for IRQ 0
Oct 01 22:13:13 archlinux kernel: ACPI: PCI: Interrupt link LNKC configured for IRQ 0
Oct 01 22:13:13 archlinux kernel: ACPI: PCI: Interrupt link LNKD configured for IRQ 0
Oct 01 22:13:13 archlinux kernel: ACPI: PCI: Interrupt link LNKE configured for IRQ 0
Oct 01 22:13:13 archlinux kernel: ACPI: PCI: Interrupt link LNKF configured for IRQ 0
Oct 01 22:13:13 archlinux kernel: ACPI: PCI: Interrupt link LNKG configured for IRQ 0
Oct 01 22:13:13 archlinux kernel: ACPI: PCI: Interrupt link LNKH configured for IRQ 0
Oct 01 22:13:13 archlinux kernel: iommu: Default domain type: Translated
Oct 01 22:13:13 archlinux kernel: iommu: DMA domain TLB invalidation policy: lazy mode
Oct 01 22:13:13 archlinux kernel: SCSI subsystem initialized
Oct 01 22:13:13 archlinux kernel: libata version 3.00 loaded.
Oct 01 22:13:13 archlinux kernel: ACPI: bus type USB registered
Oct 01 22:13:13 archlinux kernel: usbcore: registered new interface driver usbfs
Oct 01 22:13:13 archlinux kernel: usbcore: registered new interface driver hub
Oct 01 22:13:13 archlinux kernel: usbcore: registered new device driver usb
Oct 01 22:13:13 archlinux kernel: pps_core: LinuxPPS API ver. 1 registered
Oct 01 22:13:13 archlinux kernel: pps_core: Software ver. 5.3.6 - Copyright 2005-2007 Rodolfo Giometti <giometti@linux.it>
Oct 01 22:13:13 archlinux kernel: PTP clock support registered
Oct 01 22:13:13 archlinux kernel: EDAC MC: Ver: 3.0.0
Oct 01 22:13:13 archlinux kernel: efivars: Registered efivars operations
Oct 01 22:13:13 archlinux kernel: NetLabel: Initializing
Oct 01 22:13:13 archlinux kernel: NetLabel:  domain hash size = 128
Oct 01 22:13:13 archlinux kernel: NetLabel:  protocols = UNLABELED CIPSOv4 CALIPSO
Oct 01 22:13:13 archlinux kernel: NetLabel:  unlabeled traffic allowed by default
Oct 01 22:13:13 archlinux kernel: mctp: management component transport protocol core
Oct 01 22:13:13 archlinux kernel: NET: Registered PF_MCTP protocol family
Oct 01 22:13:13 archlinux kernel: PCI: Using ACPI for IRQ routing
Oct 01 22:13:13 archlinux kernel: PCI: pci_cache_line_size set to 64 bytes
Oct 01 22:13:13 archlinux kernel: e820: reserve RAM buffer [mem 0x09c3f000-0x0bffffff]
Oct 01 22:13:13 archlinux kernel: e820: reserve RAM buffer [mem 0x0a200000-0x0bffffff]
Oct 01 22:13:13 archlinux kernel: e820: reserve RAM buffer [mem 0x0b000000-0x0bffffff]
Oct 01 22:13:13 archlinux kernel: e820: reserve RAM buffer [mem 0xb6c9e000-0xb7ffffff]
Oct 01 22:13:13 archlinux kernel: e820: reserve RAM buffer [mem 0xb7193018-0xb7ffffff]
Oct 01 22:13:13 archlinux kernel: e820: reserve RAM buffer [mem 0xb71b3018-0xb7ffffff]
Oct 01 22:13:13 archlinux kernel: e820: reserve RAM buffer [mem 0xb965a000-0xbbffffff]
Oct 01 22:13:13 archlinux kernel: e820: reserve RAM buffer [mem 0xbafed000-0xbbffffff]
Oct 01 22:13:13 archlinux kernel: e820: reserve RAM buffer [mem 0xbf000000-0xbfffffff]
Oct 01 22:13:13 archlinux kernel: e820: reserve RAM buffer [mem 0x43f380000-0x43fffffff]
Oct 01 22:13:13 archlinux kernel: pci 0000:09:00.0: vgaarb: setting as boot VGA device
Oct 01 22:13:13 archlinux kernel: pci 0000:09:00.0: vgaarb: bridge control possible
Oct 01 22:13:13 archlinux kernel: pci 0000:09:00.0: vgaarb: VGA device added: decodes=io+mem,owns=io+mem,locks=none
Oct 01 22:13:13 archlinux kernel: vgaarb: loaded
Oct 01 22:13:13 archlinux kernel: hpet0: at MMIO 0xfed00000, IRQs 2, 8, 0
Oct 01 22:13:13 archlinux kernel: hpet0: 3 comparators, 32-bit 14.318180 MHz counter
Oct 01 22:13:13 archlinux kernel: clocksource: Switched to clocksource tsc-early
Oct 01 22:13:13 archlinux kernel: VFS: Disk quotas dquot_6.6.0
Oct 01 22:13:13 archlinux kernel: VFS: Dquot-cache hash table entries: 512 (order 0, 4096 bytes)
Oct 01 22:13:13 archlinux kernel: pnp: PnP ACPI init
Oct 01 22:13:13 archlinux kernel: system 00:00: [mem 0xf0000000-0xf7ffffff] has been reserved
Oct 01 22:13:13 archlinux kernel: system 00:02: [io  0x0a00-0x0a2f] has been reserved
Oct 01 22:13:13 archlinux kernel: system 00:02: [io  0x0a30-0x0a3f] has been reserved
Oct 01 22:13:13 archlinux kernel: system 00:02: [io  0x0a40-0x0a4f] has been reserved
Oct 01 22:13:13 archlinux kernel: pnp 00:03: [dma 0 disabled]
Oct 01 22:13:13 archlinux kernel: system 00:04: [io  0x04d0-0x04d1] has been reserved
Oct 01 22:13:13 archlinux kernel: system 00:04: [io  0x040b] has been reserved
Oct 01 22:13:13 archlinux kernel: system 00:04: [io  0x04d6] has been reserved
Oct 01 22:13:13 archlinux kernel: system 00:04: [io  0x0c00-0x0c01] has been reserved
Oct 01 22:13:13 archlinux kernel: system 00:04: [io  0x0c14] has been reserved
Oct 01 22:13:13 archlinux kernel: system 00:04: [io  0x0c50-0x0c51] has been reserved
Oct 01 22:13:13 archlinux kernel: system 00:04: [io  0x0c52] has been reserved
Oct 01 22:13:13 archlinux kernel: system 00:04: [io  0x0c6c] has been reserved
Oct 01 22:13:13 archlinux kernel: system 00:04: [io  0x0c6f] has been reserved
Oct 01 22:13:13 archlinux kernel: system 00:04: [io  0x0cd8-0x0cdf] has been reserved
Oct 01 22:13:13 archlinux kernel: system 00:04: [io  0x0800-0x089f] has been reserved
Oct 01 22:13:13 archlinux kernel: system 00:04: [io  0x0b00-0x0b0f] has been reserved
Oct 01 22:13:13 archlinux kernel: system 00:04: [io  0x0b20-0x0b3f] has been reserved
Oct 01 22:13:13 archlinux kernel: system 00:04: [io  0x0900-0x090f] has been reserved
Oct 01 22:13:13 archlinux kernel: system 00:04: [io  0x0910-0x091f] has been reserved
Oct 01 22:13:13 archlinux kernel: system 00:04: [mem 0xfec00000-0xfec00fff] could not be reserved
Oct 01 22:13:13 archlinux kernel: system 00:04: [mem 0xfec01000-0xfec01fff] could not be reserved
Oct 01 22:13:13 archlinux kernel: system 00:04: [mem 0xfedc0000-0xfedc0fff] has been reserved
Oct 01 22:13:13 archlinux kernel: system 00:04: [mem 0xfee00000-0xfee00fff] has been reserved
Oct 01 22:13:13 archlinux kernel: system 00:04: [mem 0xfed80000-0xfed8ffff] could not be reserved
Oct 01 22:13:13 archlinux kernel: system 00:04: [mem 0xfec10000-0xfec10fff] has been reserved
Oct 01 22:13:13 archlinux kernel: system 00:04: [mem 0xff000000-0xffffffff] has been reserved
Oct 01 22:13:13 archlinux kernel: pnp: PnP ACPI: found 5 devices
Oct 01 22:13:13 archlinux kernel: clocksource: acpi_pm: mask: 0xffffff max_cycles: 0xffffff, max_idle_ns: 2085701024 ns
Oct 01 22:13:13 archlinux kernel: NET: Registered PF_INET protocol family
Oct 01 22:13:13 archlinux kernel: IP idents hash table entries: 262144 (order: 9, 2097152 bytes, linear)
Oct 01 22:13:13 archlinux kernel: tcp_listen_portaddr_hash hash table entries: 8192 (order: 5, 131072 bytes, linear)
Oct 01 22:13:13 archlinux kernel: Table-perturb hash table entries: 65536 (order: 6, 262144 bytes, linear)
Oct 01 22:13:13 archlinux kernel: TCP established hash table entries: 131072 (order: 8, 1048576 bytes, linear)
Oct 01 22:13:13 archlinux kernel: TCP bind hash table entries: 65536 (order: 9, 2097152 bytes, linear)
Oct 01 22:13:13 archlinux kernel: TCP: Hash tables configured (established 131072 bind 65536)
Oct 01 22:13:13 archlinux kernel: MPTCP token hash table entries: 16384 (order: 6, 393216 bytes, linear)
Oct 01 22:13:13 archlinux kernel: UDP hash table entries: 8192 (order: 6, 262144 bytes, linear)
Oct 01 22:13:13 archlinux kernel: UDP-Lite hash table entries: 8192 (order: 6, 262144 bytes, linear)
Oct 01 22:13:13 archlinux kernel: NET: Registered PF_UNIX/PF_LOCAL protocol family
Oct 01 22:13:13 archlinux kernel: NET: Registered PF_XDP protocol family
Oct 01 22:13:13 archlinux kernel: pci 0000:00:01.1: PCI bridge to [bus 01]
Oct 01 22:13:13 archlinux kernel: pci 0000:00:01.1:   bridge window [mem 0xfc900000-0xfc9fffff]
Oct 01 22:13:13 archlinux kernel: pci 0000:03:00.0: PCI bridge to [bus 04]
Oct 01 22:13:13 archlinux kernel: pci 0000:03:01.0: PCI bridge to [bus 05]
Oct 01 22:13:13 archlinux kernel: pci 0000:03:01.0:   bridge window [io  0xf000-0xffff]
Oct 01 22:13:13 archlinux kernel: pci 0000:03:01.0:   bridge window [mem 0xfc600000-0xfc6fffff]
Oct 01 22:13:13 archlinux kernel: pci 0000:03:01.0:   bridge window [mem 0xe2100000-0xe21fffff 64bit pref]
Oct 01 22:13:13 archlinux kernel: pci 0000:03:02.0: PCI bridge to [bus 06]
Oct 01 22:13:13 archlinux kernel: pci 0000:03:03.0: PCI bridge to [bus 07]
Oct 01 22:13:13 archlinux kernel: pci 0000:03:04.0: PCI bridge to [bus 08]
Oct 01 22:13:13 archlinux kernel: pci 0000:03:04.0:   bridge window [mem 0xfc500000-0xfc5fffff]
Oct 01 22:13:13 archlinux kernel: pci 0000:02:00.2: PCI bridge to [bus 03-08]
Oct 01 22:13:13 archlinux kernel: pci 0000:02:00.2:   bridge window [io  0xf000-0xffff]
Oct 01 22:13:13 archlinux kernel: pci 0000:02:00.2:   bridge window [mem 0xfc500000-0xfc6fffff]
Oct 01 22:13:13 archlinux kernel: pci 0000:02:00.2:   bridge window [mem 0xe2100000-0xe21fffff 64bit pref]
Oct 01 22:13:13 archlinux kernel: pci 0000:00:01.3: PCI bridge to [bus 02-08]
Oct 01 22:13:13 archlinux kernel: pci 0000:00:01.3:   bridge window [io  0xf000-0xffff]
Oct 01 22:13:13 archlinux kernel: pci 0000:00:01.3:   bridge window [mem 0xfc500000-0xfc7fffff]
Oct 01 22:13:13 archlinux kernel: pci 0000:00:01.3:   bridge window [mem 0xe2100000-0xe21fffff 64bit pref]
Oct 01 22:13:13 archlinux kernel: pci 0000:00:03.1: PCI bridge to [bus 09]
Oct 01 22:13:13 archlinux kernel: pci 0000:00:03.1:   bridge window [io  0xe000-0xefff]
Oct 01 22:13:13 archlinux kernel: pci 0000:00:03.1:   bridge window [mem 0xfb000000-0xfc0fffff]
Oct 01 22:13:13 archlinux kernel: pci 0000:00:03.1:   bridge window [mem 0xd0000000-0xe1ffffff 64bit pref]
Oct 01 22:13:13 archlinux kernel: pci 0000:00:07.1: PCI bridge to [bus 0a]
Oct 01 22:13:13 archlinux kernel: pci 0000:00:07.1:   bridge window [mem 0xfc200000-0xfc4fffff]
Oct 01 22:13:13 archlinux kernel: pci 0000:00:08.1: PCI bridge to [bus 0b]
Oct 01 22:13:13 archlinux kernel: pci 0000:00:08.1:   bridge window [mem 0xfc800000-0xfc8fffff]
Oct 01 22:13:13 archlinux kernel: pci_bus 0000:00: resource 4 [io  0x0000-0x03af window]
Oct 01 22:13:13 archlinux kernel: pci_bus 0000:00: resource 5 [io  0x03e0-0x0cf7 window]
Oct 01 22:13:13 archlinux kernel: pci_bus 0000:00: resource 6 [io  0x03b0-0x03df window]
Oct 01 22:13:13 archlinux kernel: pci_bus 0000:00: resource 7 [io  0x0d00-0xffff window]
Oct 01 22:13:13 archlinux kernel: pci_bus 0000:00: resource 8 [mem 0x000a0000-0x000dffff window]
Oct 01 22:13:13 archlinux kernel: pci_bus 0000:00: resource 9 [mem 0xc0000000-0xfec2ffff window]
Oct 01 22:13:13 archlinux kernel: pci_bus 0000:00: resource 10 [mem 0xfee00000-0xffffffff window]
Oct 01 22:13:13 archlinux kernel: pci_bus 0000:01: resource 1 [mem 0xfc900000-0xfc9fffff]
Oct 01 22:13:13 archlinux kernel: pci_bus 0000:02: resource 0 [io  0xf000-0xffff]
Oct 01 22:13:13 archlinux kernel: pci_bus 0000:02: resource 1 [mem 0xfc500000-0xfc7fffff]
Oct 01 22:13:13 archlinux kernel: pci_bus 0000:02: resource 2 [mem 0xe2100000-0xe21fffff 64bit pref]
Oct 01 22:13:13 archlinux kernel: pci_bus 0000:03: resource 0 [io  0xf000-0xffff]
Oct 01 22:13:13 archlinux kernel: pci_bus 0000:03: resource 1 [mem 0xfc500000-0xfc6fffff]
Oct 01 22:13:13 archlinux kernel: pci_bus 0000:03: resource 2 [mem 0xe2100000-0xe21fffff 64bit pref]
Oct 01 22:13:13 archlinux kernel: pci_bus 0000:05: resource 0 [io  0xf000-0xffff]
Oct 01 22:13:13 archlinux kernel: pci_bus 0000:05: resource 1 [mem 0xfc600000-0xfc6fffff]
Oct 01 22:13:13 archlinux kernel: pci_bus 0000:05: resource 2 [mem 0xe2100000-0xe21fffff 64bit pref]
Oct 01 22:13:13 archlinux kernel: pci_bus 0000:08: resource 1 [mem 0xfc500000-0xfc5fffff]
Oct 01 22:13:13 archlinux kernel: pci_bus 0000:09: resource 0 [io  0xe000-0xefff]
Oct 01 22:13:13 archlinux kernel: pci_bus 0000:09: resource 1 [mem 0xfb000000-0xfc0fffff]
Oct 01 22:13:13 archlinux kernel: pci_bus 0000:09: resource 2 [mem 0xd0000000-0xe1ffffff 64bit pref]
Oct 01 22:13:13 archlinux kernel: pci_bus 0000:0a: resource 1 [mem 0xfc200000-0xfc4fffff]
Oct 01 22:13:13 archlinux kernel: pci_bus 0000:0b: resource 1 [mem 0xfc800000-0xfc8fffff]
Oct 01 22:13:13 archlinux kernel: pci 0000:09:00.1: extending delay after power-on from D3hot to 20 msec
Oct 01 22:13:13 archlinux kernel: pci 0000:09:00.1: D0 power state depends on 0000:09:00.0
Oct 01 22:13:13 archlinux kernel: PCI: CLS 64 bytes, default 64
Oct 01 22:13:13 archlinux kernel: pci 0000:00:00.2: AMD-Vi: IOMMU performance counters supported
Oct 01 22:13:13 archlinux kernel: pci 0000:00:01.0: Adding to iommu group 0
Oct 01 22:13:13 archlinux kernel: Trying to unpack rootfs image as initramfs...
Oct 01 22:13:13 archlinux kernel: pci 0000:00:01.1: Adding to iommu group 1
Oct 01 22:13:13 archlinux kernel: pci 0000:00:01.3: Adding to iommu group 2
Oct 01 22:13:13 archlinux kernel: pci 0000:00:02.0: Adding to iommu group 3
Oct 01 22:13:13 archlinux kernel: pci 0000:00:03.0: Adding to iommu group 4
Oct 01 22:13:13 archlinux kernel: pci 0000:00:03.1: Adding to iommu group 5
Oct 01 22:13:13 archlinux kernel: pci 0000:00:04.0: Adding to iommu group 6
Oct 01 22:13:13 archlinux kernel: pci 0000:00:07.0: Adding to iommu group 7
Oct 01 22:13:13 archlinux kernel: pci 0000:00:07.1: Adding to iommu group 8
Oct 01 22:13:13 archlinux kernel: pci 0000:00:08.0: Adding to iommu group 9
Oct 01 22:13:13 archlinux kernel: pci 0000:00:08.1: Adding to iommu group 10
Oct 01 22:13:13 archlinux kernel: pci 0000:00:14.0: Adding to iommu group 11
Oct 01 22:13:13 archlinux kernel: pci 0000:00:14.3: Adding to iommu group 11
Oct 01 22:13:13 archlinux kernel: pci 0000:00:18.0: Adding to iommu group 12
Oct 01 22:13:13 archlinux kernel: pci 0000:00:18.1: Adding to iommu group 12
Oct 01 22:13:13 archlinux kernel: pci 0000:00:18.2: Adding to iommu group 12
Oct 01 22:13:13 archlinux kernel: pci 0000:00:18.3: Adding to iommu group 12
Oct 01 22:13:13 archlinux kernel: pci 0000:00:18.4: Adding to iommu group 12
Oct 01 22:13:13 archlinux kernel: pci 0000:00:18.5: Adding to iommu group 12
Oct 01 22:13:13 archlinux kernel: pci 0000:00:18.6: Adding to iommu group 12
Oct 01 22:13:13 archlinux kernel: pci 0000:00:18.7: Adding to iommu group 12
Oct 01 22:13:13 archlinux kernel: pci 0000:01:00.0: Adding to iommu group 13
Oct 01 22:13:13 archlinux kernel: pci 0000:02:00.0: Adding to iommu group 14
Oct 01 22:13:13 archlinux kernel: pci 0000:02:00.1: Adding to iommu group 14
Oct 01 22:13:13 archlinux kernel: pci 0000:02:00.2: Adding to iommu group 14
Oct 01 22:13:13 archlinux kernel: pci 0000:03:00.0: Adding to iommu group 14
Oct 01 22:13:13 archlinux kernel: pci 0000:03:01.0: Adding to iommu group 14
Oct 01 22:13:13 archlinux kernel: pci 0000:03:02.0: Adding to iommu group 14
Oct 01 22:13:13 archlinux kernel: pci 0000:03:03.0: Adding to iommu group 14
Oct 01 22:13:13 archlinux kernel: pci 0000:03:04.0: Adding to iommu group 14
Oct 01 22:13:13 archlinux kernel: pci 0000:05:00.0: Adding to iommu group 14
Oct 01 22:13:13 archlinux kernel: pci 0000:08:00.0: Adding to iommu group 14
Oct 01 22:13:13 archlinux kernel: pci 0000:09:00.0: Adding to iommu group 15
Oct 01 22:13:13 archlinux kernel: pci 0000:09:00.1: Adding to iommu group 15
Oct 01 22:13:13 archlinux kernel: pci 0000:0a:00.0: Adding to iommu group 16
Oct 01 22:13:13 archlinux kernel: pci 0000:0a:00.2: Adding to iommu group 17
Oct 01 22:13:13 archlinux kernel: pci 0000:0a:00.3: Adding to iommu group 18
Oct 01 22:13:13 archlinux kernel: pci 0000:0b:00.0: Adding to iommu group 19
Oct 01 22:13:13 archlinux kernel: pci 0000:0b:00.2: Adding to iommu group 20
Oct 01 22:13:13 archlinux kernel: pci 0000:0b:00.3: Adding to iommu group 21
Oct 01 22:13:13 archlinux kernel: pci 0000:00:00.2: AMD-Vi: Found IOMMU cap 0x40
Oct 01 22:13:13 archlinux kernel: AMD-Vi: Extended features (0xf77ef22294ada, 0x0): PPR NX GT IA GA PC GA_vAPIC
Oct 01 22:13:13 archlinux kernel: AMD-Vi: Interrupt remapping enabled
Oct 01 22:13:13 archlinux kernel: AMD-Vi: Virtual APIC enabled
Oct 01 22:13:13 archlinux kernel: PCI-DMA: Using software bounce buffering for IO (SWIOTLB)
Oct 01 22:13:13 archlinux kernel: software IO TLB: mapped [mem 0x00000000b17ad000-0x00000000b57ad000] (64MB)
Oct 01 22:13:13 archlinux kernel: perf/amd_iommu: Detected AMD IOMMU #0 (2 banks, 4 counters/bank).
Oct 01 22:13:13 archlinux kernel: Initialise system trusted keyrings
Oct 01 22:13:13 archlinux kernel: Key type blacklist registered
Oct 01 22:13:13 archlinux kernel: workingset: timestamp_bits=41 max_order=22 bucket_order=0
Oct 01 22:13:13 archlinux kernel: zbud: loaded
Oct 01 22:13:13 archlinux kernel: integrity: Platform Keyring initialized
Oct 01 22:13:13 archlinux kernel: integrity: Machine keyring initialized
Oct 01 22:13:13 archlinux kernel: jitterentropy: Initialization failed with host not compliant with requirements: 9
Oct 01 22:13:13 archlinux kernel: Key type asymmetric registered
Oct 01 22:13:13 archlinux kernel: Asymmetric key parser 'x509' registered
Oct 01 22:13:13 archlinux kernel: Block layer SCSI generic (bsg) driver version 0.4 loaded (major 242)
Oct 01 22:13:13 archlinux kernel: io scheduler mq-deadline registered
Oct 01 22:13:13 archlinux kernel: io scheduler kyber registered
Oct 01 22:13:13 archlinux kernel: io scheduler bfq registered
Oct 01 22:13:13 archlinux kernel: pcieport 0000:00:01.1: PME: Signaling with IRQ 26
Oct 01 22:13:13 archlinux kernel: pcieport 0000:00:01.1: AER: enabled with IRQ 26
Oct 01 22:13:13 archlinux kernel: pcieport 0000:00:01.3: PME: Signaling with IRQ 27
Oct 01 22:13:13 archlinux kernel: pcieport 0000:00:01.3: AER: enabled with IRQ 27
Oct 01 22:13:13 archlinux kernel: pcieport 0000:00:03.1: PME: Signaling with IRQ 28
Oct 01 22:13:13 archlinux kernel: pcieport 0000:00:03.1: AER: enabled with IRQ 28
Oct 01 22:13:13 archlinux kernel: pcieport 0000:00:07.1: PME: Signaling with IRQ 29
Oct 01 22:13:13 archlinux kernel: pcieport 0000:00:07.1: AER: enabled with IRQ 29
Oct 01 22:13:13 archlinux kernel: pcieport 0000:00:08.1: PME: Signaling with IRQ 31
Oct 01 22:13:13 archlinux kernel: pcieport 0000:00:08.1: AER: enabled with IRQ 31
Oct 01 22:13:13 archlinux kernel: shpchp: Standard Hot Plug PCI Controller Driver version: 0.4
Oct 01 22:13:13 archlinux kernel: efifb: probing for efifb
Oct 01 22:13:13 archlinux kernel: efifb: Ignoring BGRT: unexpected or invalid BMP data
Oct 01 22:13:13 archlinux kernel: efifb: framebuffer at 0xe1000000, using 8100k, total 8100k
Oct 01 22:13:13 archlinux kernel: efifb: mode is 1920x1080x32, linelength=7680, pages=1
Oct 01 22:13:13 archlinux kernel: efifb: scrolling: redraw
Oct 01 22:13:13 archlinux kernel: efifb: Truecolor: size=8:8:8:8, shift=24:16:8:0
Oct 01 22:13:13 archlinux kernel: fbcon: Deferring console take-over
Oct 01 22:13:13 archlinux kernel: fb0: EFI VGA frame buffer device
Oct 01 22:13:13 archlinux kernel: input: Power Button as /devices/LNXSYSTM:00/LNXSYBUS:00/PNP0C0C:00/input/input0
Oct 01 22:13:13 archlinux kernel: ACPI: button: Power Button [PWRB]
Oct 01 22:13:13 archlinux kernel: input: Power Button as /devices/LNXSYSTM:00/LNXPWRBN:00/input/input1
Oct 01 22:13:13 archlinux kernel: ACPI: button: Power Button [PWRF]
Oct 01 22:13:13 archlinux kernel: [Firmware Bug]: ACPI MWAIT C-state 0x0 not supported by HW (0x0)
Oct 01 22:13:13 archlinux kernel: ACPI: \_PR_.C000: Found 2 idle states
Oct 01 22:13:13 archlinux kernel: [Firmware Bug]: ACPI MWAIT C-state 0x0 not supported by HW (0x0)
Oct 01 22:13:13 archlinux kernel: ACPI: \_PR_.C002: Found 2 idle states
Oct 01 22:13:13 archlinux kernel: [Firmware Bug]: ACPI MWAIT C-state 0x0 not supported by HW (0x0)
Oct 01 22:13:13 archlinux kernel: ACPI: \_PR_.C004: Found 2 idle states
Oct 01 22:13:13 archlinux kernel: [Firmware Bug]: ACPI MWAIT C-state 0x0 not supported by HW (0x0)
Oct 01 22:13:13 archlinux kernel: ACPI: \_PR_.C006: Found 2 idle states
Oct 01 22:13:13 archlinux kernel: [Firmware Bug]: ACPI MWAIT C-state 0x0 not supported by HW (0x0)
Oct 01 22:13:13 archlinux kernel: ACPI: \_PR_.C008: Found 2 idle states
Oct 01 22:13:13 archlinux kernel: [Firmware Bug]: ACPI MWAIT C-state 0x0 not supported by HW (0x0)
Oct 01 22:13:13 archlinux kernel: ACPI: \_PR_.C00A: Found 2 idle states
Oct 01 22:13:13 archlinux kernel: [Firmware Bug]: ACPI MWAIT C-state 0x0 not supported by HW (0x0)
Oct 01 22:13:13 archlinux kernel: ACPI: \_PR_.C00C: Found 2 idle states
Oct 01 22:13:13 archlinux kernel: [Firmware Bug]: ACPI MWAIT C-state 0x0 not supported by HW (0x0)
Oct 01 22:13:13 archlinux kernel: ACPI: \_PR_.C00E: Found 2 idle states
Oct 01 22:13:13 archlinux kernel: [Firmware Bug]: ACPI MWAIT C-state 0x0 not supported by HW (0x0)
Oct 01 22:13:13 archlinux kernel: ACPI: \_PR_.C001: Found 2 idle states
Oct 01 22:13:13 archlinux kernel: [Firmware Bug]: ACPI MWAIT C-state 0x0 not supported by HW (0x0)
Oct 01 22:13:13 archlinux kernel: ACPI: \_PR_.C003: Found 2 idle states
Oct 01 22:13:13 archlinux kernel: [Firmware Bug]: ACPI MWAIT C-state 0x0 not supported by HW (0x0)
Oct 01 22:13:13 archlinux kernel: ACPI: \_PR_.C005: Found 2 idle states
Oct 01 22:13:13 archlinux kernel: [Firmware Bug]: ACPI MWAIT C-state 0x0 not supported by HW (0x0)
Oct 01 22:13:13 archlinux kernel: ACPI: \_PR_.C007: Found 2 idle states
Oct 01 22:13:13 archlinux kernel: [Firmware Bug]: ACPI MWAIT C-state 0x0 not supported by HW (0x0)
Oct 01 22:13:13 archlinux kernel: ACPI: \_PR_.C009: Found 2 idle states
Oct 01 22:13:13 archlinux kernel: [Firmware Bug]: ACPI MWAIT C-state 0x0 not supported by HW (0x0)
Oct 01 22:13:13 archlinux kernel: ACPI: \_PR_.C00B: Found 2 idle states
Oct 01 22:13:13 archlinux kernel: [Firmware Bug]: ACPI MWAIT C-state 0x0 not supported by HW (0x0)
Oct 01 22:13:13 archlinux kernel: ACPI: \_PR_.C00D: Found 2 idle states
Oct 01 22:13:13 archlinux kernel: [Firmware Bug]: ACPI MWAIT C-state 0x0 not supported by HW (0x0)
Oct 01 22:13:13 archlinux kernel: ACPI: \_PR_.C00F: Found 2 idle states
Oct 01 22:13:13 archlinux kernel: Freeing initrd memory: 100216K
Oct 01 22:13:13 archlinux kernel: tsc: Refined TSC clocksource calibration: 3593.249 MHz
Oct 01 22:13:13 archlinux kernel: clocksource: tsc: mask: 0xffffffffffffffff max_cycles: 0x33cb698e952, max_idle_ns: 440795267109 ns
Oct 01 22:13:13 archlinux kernel: clocksource: Switched to clocksource tsc
Oct 01 22:13:13 archlinux kernel: ACPI: \_TZ_.TZ10: Invalid passive threshold
Oct 01 22:13:13 archlinux kernel: thermal LNXTHERM:00: registered as thermal_zone0
Oct 01 22:13:13 archlinux kernel: ACPI: thermal: Thermal Zone [TZ10] (17 C)
Oct 01 22:13:13 archlinux kernel: ACPI: \_TZ_.UAD0: Invalid passive threshold
Oct 01 22:13:13 archlinux kernel: thermal LNXTHERM:01: registered as thermal_zone1
Oct 01 22:13:13 archlinux kernel: ACPI: thermal: Thermal Zone [UAD0] (17 C)
Oct 01 22:13:13 archlinux kernel: Serial: 8250/16550 driver, 32 ports, IRQ sharing enabled
Oct 01 22:13:13 archlinux kernel: 00:03: ttyS0 at I/O 0x3f8 (irq = 4, base_baud = 115200) is a 16550A
Oct 01 22:13:13 archlinux kernel: Non-volatile memory driver v1.3
Oct 01 22:13:13 archlinux kernel: Linux agpgart interface v0.103
Oct 01 22:13:13 archlinux kernel: tpm_crb MSFT0101:00: Disabling hwrng
Oct 01 22:13:13 archlinux kernel: AMD-Vi: AMD IOMMUv2 loaded and initialized
Oct 01 22:13:13 archlinux kernel: ACPI: bus type drm_connector registered
Oct 01 22:13:13 archlinux kernel: ahci 0000:02:00.1: version 3.0
Oct 01 22:13:13 archlinux kernel: ahci 0000:02:00.1: SSS flag set, parallel bus scan disabled
Oct 01 22:13:13 archlinux kernel: ahci 0000:02:00.1: AHCI 0001.0301 32 slots 8 ports 6 Gbps 0xff impl SATA mode
Oct 01 22:13:13 archlinux kernel: ahci 0000:02:00.1: flags: 64bit ncq sntf stag pm led clo only pmp pio slum part sxs deso sadm sds apst 
Oct 01 22:13:13 archlinux kernel: scsi host0: ahci
Oct 01 22:13:13 archlinux kernel: scsi host1: ahci
Oct 01 22:13:13 archlinux kernel: scsi host2: ahci
Oct 01 22:13:13 archlinux kernel: scsi host3: ahci
Oct 01 22:13:13 archlinux kernel: scsi host4: ahci
Oct 01 22:13:13 archlinux kernel: scsi host5: ahci
Oct 01 22:13:13 archlinux kernel: scsi host6: ahci
Oct 01 22:13:13 archlinux kernel: scsi host7: ahci
Oct 01 22:13:13 archlinux kernel: ata1: SATA max UDMA/133 abar m131072@0xfc780000 port 0xfc780100 irq 40
Oct 01 22:13:13 archlinux kernel: ata2: SATA max UDMA/133 abar m131072@0xfc780000 port 0xfc780180 irq 40
Oct 01 22:13:13 archlinux kernel: ata3: SATA max UDMA/133 abar m131072@0xfc780000 port 0xfc780200 irq 40
Oct 01 22:13:13 archlinux kernel: ata4: SATA max UDMA/133 abar m131072@0xfc780000 port 0xfc780280 irq 40
Oct 01 22:13:13 archlinux kernel: ata5: SATA max UDMA/133 abar m131072@0xfc780000 port 0xfc780300 irq 40
Oct 01 22:13:13 archlinux kernel: ata6: SATA max UDMA/133 abar m131072@0xfc780000 port 0xfc780380 irq 40
Oct 01 22:13:13 archlinux kernel: ata7: SATA max UDMA/133 abar m131072@0xfc780000 port 0xfc780400 irq 40
Oct 01 22:13:13 archlinux kernel: ata8: SATA max UDMA/133 abar m131072@0xfc780000 port 0xfc780480 irq 40
Oct 01 22:13:13 archlinux kernel: ahci 0000:0b:00.2: AHCI 0001.0301 32 slots 1 ports 6 Gbps 0x1 impl SATA mode
Oct 01 22:13:13 archlinux kernel: ahci 0000:0b:00.2: flags: 64bit ncq sntf ilck pm led clo only pmp fbs pio slum part 
Oct 01 22:13:13 archlinux kernel: scsi host8: ahci
Oct 01 22:13:13 archlinux kernel: ata9: SATA max UDMA/133 abar m4096@0xfc808000 port 0xfc808100 irq 42
Oct 01 22:13:13 archlinux kernel: usbcore: registered new interface driver usbserial_generic
Oct 01 22:13:13 archlinux kernel: usbserial: USB Serial support registered for generic
Oct 01 22:13:13 archlinux kernel: rtc_cmos 00:01: RTC can wake from S4
Oct 01 22:13:13 archlinux kernel: rtc_cmos 00:01: registered as rtc0
Oct 01 22:13:13 archlinux kernel: rtc_cmos 00:01: setting system clock to 2023-10-02T02:13:07 UTC (1696212787)
Oct 01 22:13:13 archlinux kernel: rtc_cmos 00:01: alarms up to one month, y3k, 114 bytes nvram, hpet irqs
Oct 01 22:13:13 archlinux kernel: amd_pstate: the _CPC object is not present in SBIOS or ACPI disabled
Oct 01 22:13:13 archlinux kernel: ledtrig-cpu: registered to indicate activity on CPUs
Oct 01 22:13:13 archlinux kernel: hid: raw HID events driver (C) Jiri Kosina
Oct 01 22:13:13 archlinux kernel: drop_monitor: Initializing network drop monitor service
Oct 01 22:13:13 archlinux kernel: Initializing XFRM netlink socket
Oct 01 22:13:13 archlinux kernel: NET: Registered PF_INET6 protocol family
Oct 01 22:13:13 archlinux kernel: Segment Routing with IPv6
Oct 01 22:13:13 archlinux kernel: RPL Segment Routing with IPv6
Oct 01 22:13:13 archlinux kernel: In-situ OAM (IOAM) with IPv6
Oct 01 22:13:13 archlinux kernel: NET: Registered PF_PACKET protocol family
Oct 01 22:13:13 archlinux kernel: microcode: CPU1: patch_level=0x08001138
Oct 01 22:13:13 archlinux kernel: microcode: CPU0: patch_level=0x08001138
Oct 01 22:13:13 archlinux kernel: microcode: CPU2: patch_level=0x08001138
Oct 01 22:13:13 archlinux kernel: microcode: CPU3: patch_level=0x08001138
Oct 01 22:13:13 archlinux kernel: microcode: CPU4: patch_level=0x08001138
Oct 01 22:13:13 archlinux kernel: microcode: CPU5: patch_level=0x08001138
Oct 01 22:13:13 archlinux kernel: microcode: CPU6: patch_level=0x08001138
Oct 01 22:13:13 archlinux kernel: microcode: CPU7: patch_level=0x08001138
Oct 01 22:13:13 archlinux kernel: microcode: CPU8: patch_level=0x08001138
Oct 01 22:13:13 archlinux kernel: microcode: CPU10: patch_level=0x08001138
Oct 01 22:13:13 archlinux kernel: microcode: CPU11: patch_level=0x08001138
Oct 01 22:13:13 archlinux kernel: microcode: CPU12: patch_level=0x08001138
Oct 01 22:13:13 archlinux kernel: microcode: CPU9: patch_level=0x08001138
Oct 01 22:13:13 archlinux kernel: microcode: CPU13: patch_level=0x08001138
Oct 01 22:13:13 archlinux kernel: microcode: CPU14: patch_level=0x08001138
Oct 01 22:13:13 archlinux kernel: microcode: CPU15: patch_level=0x08001138
Oct 01 22:13:13 archlinux kernel: microcode: Microcode Update Driver: v2.2.
Oct 01 22:13:13 archlinux kernel: IPI shorthand broadcast: enabled
Oct 01 22:13:13 archlinux kernel: sched_clock: Marking stable (2590000855, 383357)->(2599806424, -9422212)
Oct 01 22:13:13 archlinux kernel: registered taskstats version 1
Oct 01 22:13:13 archlinux kernel: Loading compiled-in X.509 certificates
Oct 01 22:13:13 archlinux kernel: Loaded X.509 cert 'Build time autogenerated kernel key: 84625fc02c1a53756a889bb3ea4fa4e0b56462ee'
Oct 01 22:13:13 archlinux kernel: zswap: loaded using pool zstd/zsmalloc
Oct 01 22:13:13 archlinux kernel: Key type .fscrypt registered
Oct 01 22:13:13 archlinux kernel: Key type fscrypt-provisioning registered
Oct 01 22:13:13 archlinux kernel: PM:   Magic number: 11:550:206
Oct 01 22:13:13 archlinux kernel: acpi device:2e: hash matches
Oct 01 22:13:13 archlinux kernel: RAS: Correctable Errors collector initialized.
Oct 01 22:13:13 archlinux kernel: clk: Disabling unused clocks
Oct 01 22:13:13 archlinux kernel: ata1: SATA link down (SStatus 0 SControl 300)
Oct 01 22:13:13 archlinux kernel: ata9: SATA link down (SStatus 0 SControl 300)
Oct 01 22:13:13 archlinux kernel: ata2: SATA link down (SStatus 0 SControl 300)
Oct 01 22:13:13 archlinux kernel: ata3: failed to resume link (SControl 0)
Oct 01 22:13:13 archlinux kernel: ata3: SATA link down (SStatus 0 SControl 0)
Oct 01 22:13:13 archlinux kernel: ata4: failed to resume link (SControl 0)
Oct 01 22:13:13 archlinux kernel: ata4: SATA link down (SStatus 0 SControl 0)
Oct 01 22:13:13 archlinux kernel: ata5: SATA link down (SStatus 0 SControl 300)
Oct 01 22:13:13 archlinux kernel: ata6: SATA link up 6.0 Gbps (SStatus 133 SControl 300)
Oct 01 22:13:13 archlinux kernel: ata6.00: ATA-10: WDC WD10EZEX-08WN4A0, 02.01A02, max UDMA/100
Oct 01 22:13:13 archlinux kernel: ata6.00: 1953525168 sectors, multi 16: LBA48 NCQ (depth 32), AA
Oct 01 22:13:13 archlinux kernel: ata6.00: Features: NCQ-prio
Oct 01 22:13:13 archlinux kernel: ata6.00: configured for UDMA/100
Oct 01 22:13:13 archlinux kernel: scsi 5:0:0:0: Direct-Access     ATA      WDC WD10EZEX-08W 1A02 PQ: 0 ANSI: 5
Oct 01 22:13:13 archlinux kernel: sd 5:0:0:0: [sda] 1953525168 512-byte logical blocks: (1.00 TB/932 GiB)
Oct 01 22:13:13 archlinux kernel: sd 5:0:0:0: [sda] 4096-byte physical blocks
Oct 01 22:13:13 archlinux kernel: sd 5:0:0:0: [sda] Write Protect is off
Oct 01 22:13:13 archlinux kernel: sd 5:0:0:0: [sda] Mode Sense: 00 3a 00 00
Oct 01 22:13:13 archlinux kernel: sd 5:0:0:0: [sda] Write cache: enabled, read cache: enabled, doesn't support DPO or FUA
Oct 01 22:13:13 archlinux kernel: sd 5:0:0:0: [sda] Preferred minimum I/O size 4096 bytes
Oct 01 22:13:13 archlinux kernel:  sda: sda1
Oct 01 22:13:13 archlinux kernel: sd 5:0:0:0: [sda] Attached SCSI disk
Oct 01 22:13:13 archlinux kernel: ata7: failed to resume link (SControl 0)
Oct 01 22:13:13 archlinux kernel: ata7: SATA link down (SStatus 0 SControl 0)
Oct 01 22:13:13 archlinux kernel: ata8: failed to resume link (SControl 0)
Oct 01 22:13:13 archlinux kernel: ata8: SATA link down (SStatus 0 SControl 0)
Oct 01 22:13:13 archlinux kernel: Freeing unused decrypted memory: 2036K
Oct 01 22:13:13 archlinux kernel: Freeing unused kernel image (initmem) memory: 3384K
Oct 01 22:13:13 archlinux kernel: Write protecting the kernel read-only data: 30720k
Oct 01 22:13:13 archlinux kernel: Freeing unused kernel image (rodata/data gap) memory: 1384K
Oct 01 22:13:13 archlinux kernel: x86/mm: Checked W+X mappings: passed, no W+X pages found.
Oct 01 22:13:13 archlinux kernel: rodata_test: all tests were successful
Oct 01 22:13:13 archlinux kernel: Run /init as init process
Oct 01 22:13:13 archlinux kernel:   with arguments:
Oct 01 22:13:13 archlinux kernel:     /init
Oct 01 22:13:13 archlinux kernel:   with environment:
Oct 01 22:13:13 archlinux kernel:     HOME=/
Oct 01 22:13:13 archlinux kernel:     TERM=linux
Oct 01 22:13:13 archlinux kernel:     BOOT_IMAGE=/vmlinuz-linux
Oct 01 22:13:13 archlinux systemd[1]: systemd 254.5-1-arch running in system mode (+PAM +AUDIT -SELINUX -APPARMOR -IMA +SMACK +SECCOMP +GCRYPT +GNUTLS +OPENSSL +ACL +BLKID +CURL +ELFUTILS +FIDO2 +IDN2 -IDN +IPTC +KMOD +LIBCRYPTSETUP +LIBFDISK +PCRE2 -PWQUALITY +P11KIT -QRENCODE +TPM2 +BZIP2 +LZ4 +XZ +ZLIB +ZSTD +BPF_FRAMEWORK +XKBCOMMON +UTMP -SYSVINIT default-hierarchy=unified)
Oct 01 22:13:13 archlinux systemd[1]: Detected architecture x86-64.
Oct 01 22:13:13 archlinux systemd[1]: Running in initrd.
Oct 01 22:13:13 archlinux systemd[1]: Initializing machine ID from random generator.
Oct 01 22:13:13 archlinux systemd[1]: Queued start job for default target Initrd Default Target.
Oct 01 22:13:13 archlinux systemd[1]: Reached target Path Units.
Oct 01 22:13:13 archlinux systemd[1]: Reached target Slice Units.
Oct 01 22:13:13 archlinux systemd[1]: Reached target Swaps.
Oct 01 22:13:13 archlinux systemd[1]: Reached target Timer Units.
Oct 01 22:13:13 archlinux systemd[1]: Listening on Journal Socket (/dev/log).
Oct 01 22:13:13 archlinux systemd[1]: Listening on Journal Socket.
Oct 01 22:13:13 archlinux systemd[1]: Listening on udev Control Socket.
Oct 01 22:13:13 archlinux systemd[1]: Listening on udev Kernel Socket.
Oct 01 22:13:13 archlinux systemd[1]: Reached target Socket Units.
Oct 01 22:13:13 archlinux systemd[1]: Create List of Static Device Nodes was skipped because of an unmet condition check (ConditionFileNotEmpty=/lib/modules/6.5.5-arch1-1/modules.devname).
Oct 01 22:13:13 archlinux systemd[1]: Check battery level during early boot was skipped because of an unmet condition check (ConditionDirectoryNotEmpty=/sys/class/power_supply).
Oct 01 22:13:13 archlinux systemd[1]: Starting Journal Service...
Oct 01 22:13:13 archlinux systemd[1]: Starting Load Kernel Modules...
Oct 01 22:13:13 archlinux systemd[1]: TPM2 PCR Barrier (initrd) was skipped because of an unmet condition check (ConditionPathExists=/sys/firmware/efi/efivars/StubPcrKernelImage-4a67b082-0a4c-41cf-b6c7-440b29bb8c4f).
Oct 01 22:13:13 archlinux systemd[1]: Starting Create Static Device Nodes in /dev...
Oct 01 22:13:13 archlinux systemd[1]: Starting Coldplug All udev Devices...
Oct 01 22:13:13 archlinux systemd[1]: Finished Create Static Device Nodes in /dev.
Oct 01 22:13:13 archlinux systemd[1]: Reached target Preparation for Local File Systems.
Oct 01 22:13:13 archlinux systemd[1]: Reached target Local File Systems.
Oct 01 22:13:13 archlinux systemd-journald[210]: Collecting audit messages is disabled.
Oct 01 22:13:13 archlinux systemd[1]: Starting Rule-based Manager for Device Events and Files...
Oct 01 22:13:13 archlinux systemd[1]: Started Rule-based Manager for Device Events and Files.
Oct 01 22:13:13 archlinux kernel: nvidia: loading out-of-tree module taints kernel.
Oct 01 22:13:13 archlinux kernel: nvidia: module license 'NVIDIA' taints kernel.
Oct 01 22:13:13 archlinux kernel: Disabling lock debugging due to kernel taint
Oct 01 22:13:13 archlinux kernel: nvidia: module verification failed: signature and/or required key missing - tainting kernel
Oct 01 22:13:13 archlinux kernel: nvidia: module license taints kernel.
Oct 01 22:13:13 archlinux systemd-journald[210]: Journal started
Oct 01 22:13:13 archlinux systemd-journald[210]: Runtime Journal (/run/log/journal/92ba0f6af1184dfb9b0fb30a8253d80e) is 8.0M, max 318.2M, 310.2M free.
Oct 01 22:13:13 archlinux systemd-udevd[220]: Using default interface naming scheme 'v253'.
Oct 01 22:13:13 archlinux systemd[1]: Started Journal Service.
Oct 01 22:13:13 archlinux systemd[1]: Finished Coldplug All udev Devices.
Oct 01 22:13:13 archlinux systemd[1]: Starting Virtual Console Setup...
Oct 01 22:13:13 archlinux systemd[1]: Finished Virtual Console Setup.
Oct 01 22:13:13 archlinux kernel: xhci_hcd 0000:02:00.0: xHCI Host Controller
Oct 01 22:13:13 archlinux kernel: xhci_hcd 0000:02:00.0: new USB bus registered, assigned bus number 1
Oct 01 22:13:13 archlinux kernel: nvidia-nvlink: Nvlink Core is being initialized, major device number 238
Oct 01 22:13:13 archlinux kernel: 
Oct 01 22:13:13 archlinux kernel: nvidia 0000:09:00.0: vgaarb: changed VGA decodes: olddecodes=io+mem,decodes=none:owns=io+mem
Oct 01 22:13:13 archlinux kernel: nvme nvme0: pci function 0000:01:00.0
Oct 01 22:13:13 archlinux kernel: nvme nvme1: pci function 0000:08:00.0
Oct 01 22:13:13 archlinux kernel: nvme nvme0: 15/0/0 default/read/poll queues
Oct 01 22:13:13 archlinux kernel:  nvme0n1: p1 p2 p3 p4
Oct 01 22:13:13 archlinux kernel: nvme nvme1: allocated 32 MiB host memory buffer.
Oct 01 22:13:13 archlinux kernel: nvme nvme1: 32/0/0 default/read/poll queues
Oct 01 22:13:13 archlinux kernel: xhci_hcd 0000:02:00.0: hcc params 0x0200ef81 hci version 0x110 quirks 0x0000010008000410
Oct 01 22:13:13 archlinux kernel: xhci_hcd 0000:02:00.0: xHCI Host Controller
Oct 01 22:13:13 archlinux kernel: xhci_hcd 0000:02:00.0: new USB bus registered, assigned bus number 2
Oct 01 22:13:13 archlinux kernel: xhci_hcd 0000:02:00.0: Host supports USB 3.1 Enhanced SuperSpeed
Oct 01 22:13:13 archlinux kernel: usb usb1: New USB device found, idVendor=1d6b, idProduct=0002, bcdDevice= 6.05
Oct 01 22:13:13 archlinux kernel: usb usb1: New USB device strings: Mfr=3, Product=2, SerialNumber=1
Oct 01 22:13:13 archlinux kernel: usb usb1: Product: xHCI Host Controller
Oct 01 22:13:13 archlinux kernel: usb usb1: Manufacturer: Linux 6.5.5-arch1-1 xhci-hcd
Oct 01 22:13:13 archlinux kernel: usb usb1: SerialNumber: 0000:02:00.0
Oct 01 22:13:13 archlinux kernel: hub 1-0:1.0: USB hub found
Oct 01 22:13:13 archlinux kernel: hub 1-0:1.0: 14 ports detected
Oct 01 22:13:13 archlinux kernel: usb usb2: We don't know the algorithms for LPM for this host, disabling LPM.
Oct 01 22:13:13 archlinux kernel: usb usb2: New USB device found, idVendor=1d6b, idProduct=0003, bcdDevice= 6.05
Oct 01 22:13:13 archlinux kernel: usb usb2: New USB device strings: Mfr=3, Product=2, SerialNumber=1
Oct 01 22:13:13 archlinux kernel: usb usb2: Product: xHCI Host Controller
Oct 01 22:13:13 archlinux kernel: usb usb2: Manufacturer: Linux 6.5.5-arch1-1 xhci-hcd
Oct 01 22:13:13 archlinux kernel: usb usb2: SerialNumber: 0000:02:00.0
Oct 01 22:13:13 archlinux kernel: hub 2-0:1.0: USB hub found
Oct 01 22:13:13 archlinux kernel: hub 2-0:1.0: 8 ports detected
Oct 01 22:13:13 archlinux kernel: usb: port power management may be unreliable
Oct 01 22:13:13 archlinux kernel: xhci_hcd 0000:0a:00.3: xHCI Host Controller
Oct 01 22:13:13 archlinux kernel: xhci_hcd 0000:0a:00.3: new USB bus registered, assigned bus number 3
Oct 01 22:13:13 archlinux kernel: xhci_hcd 0000:0a:00.3: hcc params 0x0270f665 hci version 0x100 quirks 0x0000000040000410
Oct 01 22:13:13 archlinux kernel: xhci_hcd 0000:0a:00.3: xHCI Host Controller
Oct 01 22:13:13 archlinux kernel: xhci_hcd 0000:0a:00.3: new USB bus registered, assigned bus number 4
Oct 01 22:13:13 archlinux kernel: xhci_hcd 0000:0a:00.3: Host supports USB 3.0 SuperSpeed
Oct 01 22:13:13 archlinux kernel: usb usb3: New USB device found, idVendor=1d6b, idProduct=0002, bcdDevice= 6.05
Oct 01 22:13:13 archlinux kernel: usb usb3: New USB device strings: Mfr=3, Product=2, SerialNumber=1
Oct 01 22:13:13 archlinux kernel: usb usb3: Product: xHCI Host Controller
Oct 01 22:13:13 archlinux kernel: usb usb3: Manufacturer: Linux 6.5.5-arch1-1 xhci-hcd
Oct 01 22:13:13 archlinux kernel: usb usb3: SerialNumber: 0000:0a:00.3
Oct 01 22:13:13 archlinux kernel: hub 3-0:1.0: USB hub found
Oct 01 22:13:13 archlinux kernel: hub 3-0:1.0: 4 ports detected
Oct 01 22:13:13 archlinux kernel: usb usb4: We don't know the algorithms for LPM for this host, disabling LPM.
Oct 01 22:13:13 archlinux kernel: usb usb4: New USB device found, idVendor=1d6b, idProduct=0003, bcdDevice= 6.05
Oct 01 22:13:13 archlinux kernel: usb usb4: New USB device strings: Mfr=3, Product=2, SerialNumber=1
Oct 01 22:13:13 archlinux kernel: usb usb4: Product: xHCI Host Controller
Oct 01 22:13:13 archlinux kernel: usb usb4: Manufacturer: Linux 6.5.5-arch1-1 xhci-hcd
Oct 01 22:13:13 archlinux kernel: usb usb4: SerialNumber: 0000:0a:00.3
Oct 01 22:13:13 archlinux kernel: hub 4-0:1.0: USB hub found
Oct 01 22:13:13 archlinux kernel: hub 4-0:1.0: 4 ports detected
Oct 01 22:13:13 archlinux kernel:  nvme1n1: p1 p2
Oct 01 22:13:13 archlinux systemd[1]: Found device WD_BLACK SN770 1TB primary.
Oct 01 22:13:13 archlinux systemd[1]: Reached target Initrd Root Device.
Oct 01 22:13:13 archlinux kernel: NVRM: loading NVIDIA UNIX x86_64 Kernel Module  535.113.01  Tue Sep 12 19:41:24 UTC 2023
Oct 01 22:13:13 archlinux systemd-modules-load[211]: Inserted module 'nvidia'
Oct 01 22:13:13 archlinux systemd[1]: Starting File System Check on /dev/disk/by-uuid/9d784875-226a-41e3-a962-1787a74121a0...
Oct 01 22:13:13 archlinux systemd-modules-load[211]: Inserted module 'nvidia_modeset'
Oct 01 22:13:13 archlinux kernel: nvidia-modeset: Loading NVIDIA Kernel Mode Setting Driver for UNIX platforms  535.113.01  Tue Sep 12 19:45:42 UTC 2023
Oct 01 22:13:13 archlinux kernel: [drm] [nvidia-drm] [GPU ID 0x00000900] Loading driver
Oct 01 22:13:13 archlinux systemd-fsck[285]: /dev/nvme1n1p2: clean, 585651/61022208 files, 19094320/244059136 blocks
Oct 01 22:13:13 archlinux kernel: nvidia_uvm: module uses symbols nvUvmInterfaceDisableAccessCntr from proprietary module nvidia, inheriting taint.
Oct 01 22:13:13 archlinux systemd[1]: Finished File System Check on /dev/disk/by-uuid/9d784875-226a-41e3-a962-1787a74121a0.
Oct 01 22:13:13 archlinux systemd[1]: Mounting /sysroot...
Oct 01 22:13:14 archlinux kernel: usb 1-9: new full-speed USB device number 2 using xhci_hcd
Oct 01 22:13:14 archlinux kernel: usb 3-1: new full-speed USB device number 2 using xhci_hcd
Oct 01 22:13:14 archlinux systemd[1]: Mounted /sysroot.
Oct 01 22:13:14 archlinux systemd[1]: Reached target Initrd Root File System.
Oct 01 22:13:14 archlinux kernel: EXT4-fs (nvme1n1p2): mounted filesystem 9d784875-226a-41e3-a962-1787a74121a0 r/w with ordered data mode. Quota mode: none.
Oct 01 22:13:14 archlinux systemd[1]: Starting Mountpoints Configured in the Real Root...
Oct 01 22:13:14 archlinux systemd[1]: initrd-parse-etc.service: Deactivated successfully.
Oct 01 22:13:14 archlinux systemd[1]: Finished Mountpoints Configured in the Real Root.
Oct 01 22:13:14 archlinux systemd[1]: Reached target Initrd File Systems.
Oct 01 22:13:14 archlinux kernel: usb 1-9: New USB device found, idVendor=3233, idProduct=5311, bcdDevice= 0.00
Oct 01 22:13:14 archlinux kernel: usb 1-9: New USB device strings: Mfr=1, Product=2, SerialNumber=3
Oct 01 22:13:14 archlinux kernel: usb 1-9: Product: Ducky One 3 SF RGB
Oct 01 22:13:14 archlinux kernel: usb 1-9: Manufacturer: Ducky
Oct 01 22:13:14 archlinux kernel: usb 1-9: SerialNumber: DK-V1.11-220819
Oct 01 22:13:14 archlinux kernel: input: Ducky Ducky One 3 SF RGB as /devices/pci0000:00/0000:00:01.3/0000:02:00.0/usb1/1-9/1-9:1.0/0003:3233:5311.0001/input/input2
Oct 01 22:13:14 archlinux kernel: hid-generic 0003:3233:5311.0001: input,hidraw0: USB HID v1.10 Device [Ducky Ducky One 3 SF RGB] on usb-0000:02:00.0-9/input0
Oct 01 22:13:14 archlinux kernel: usb 3-1: New USB device found, idVendor=0951, idProduct=16a4, bcdDevice= 0.10
Oct 01 22:13:14 archlinux kernel: usb 3-1: New USB device strings: Mfr=1, Product=2, SerialNumber=3
Oct 01 22:13:14 archlinux kernel: usb 3-1: Product: HyperX Virtual Surround Sound
Oct 01 22:13:14 archlinux kernel: usb 3-1: Manufacturer: Kingston
Oct 01 22:13:14 archlinux kernel: usb 3-1: SerialNumber: 00000000
Oct 01 22:13:14 archlinux kernel: input: Ducky Ducky One 3 SF RGB as /devices/pci0000:00/0000:00:01.3/0000:02:00.0/usb1/1-9/1-9:1.1/0003:3233:5311.0002/input/input3
Oct 01 22:13:14 archlinux kernel: hid-generic 0003:3233:5311.0002: input,hidraw1: USB HID v1.10 Keyboard [Ducky Ducky One 3 SF RGB] on usb-0000:02:00.0-9/input1
Oct 01 22:13:14 archlinux kernel: input: Ducky Ducky One 3 SF RGB as /devices/pci0000:00/0000:00:01.3/0000:02:00.0/usb1/1-9/1-9:1.2/0003:3233:5311.0003/input/input4
Oct 01 22:13:14 archlinux kernel: hid-generic 0003:3233:5311.0003: input,hidraw2: USB HID v1.10 Mouse [Ducky Ducky One 3 SF RGB] on usb-0000:02:00.0-9/input2
Oct 01 22:13:14 archlinux kernel: input: Ducky Ducky One 3 SF RGB as /devices/pci0000:00/0000:00:01.3/0000:02:00.0/usb1/1-9/1-9:1.3/0003:3233:5311.0004/input/input5
Oct 01 22:13:14 archlinux kernel: input: Kingston HyperX Virtual Surround Sound Consumer Control as /devices/pci0000:00/0000:00:07.1/0000:0a:00.3/usb3/3-1/3-1:1.3/0003:0951:16A4.0005/input/input6
Oct 01 22:13:14 archlinux kernel: hid-generic 0003:3233:5311.0004: input,hidraw3: USB HID v1.10 Keyboard [Ducky Ducky One 3 SF RGB] on usb-0000:02:00.0-9/input3
Oct 01 22:13:14 archlinux kernel: input: Ducky Ducky One 3 SF RGB as /devices/pci0000:00/0000:00:01.3/0000:02:00.0/usb1/1-9/1-9:1.4/0003:3233:5311.0006/input/input8
Oct 01 22:13:14 archlinux kernel: input: Kingston HyperX Virtual Surround Sound as /devices/pci0000:00/0000:00:07.1/0000:0a:00.3/usb3/3-1/3-1:1.3/0003:0951:16A4.0005/input/input7
Oct 01 22:13:14 archlinux systemd-modules-load[211]: Inserted module 'nvidia_uvm'
Oct 01 22:13:14 archlinux kernel: nvidia-uvm: Loaded the UVM driver, major device number 234.
Oct 01 22:13:14 archlinux kernel: hid-generic 0003:3233:5311.0006: input,hidraw4: USB HID v1.10 Device [Ducky Ducky One 3 SF RGB] on usb-0000:02:00.0-9/input4
Oct 01 22:13:14 archlinux kernel: hid-generic 0003:0951:16A4.0005: input,hiddev96,hidraw5: USB HID v1.11 Device [Kingston HyperX Virtual Surround Sound] on usb-0000:0a:00.3-1/input3
Oct 01 22:13:14 archlinux kernel: usbcore: registered new interface driver usbhid
Oct 01 22:13:14 archlinux kernel: usbhid: USB HID core driver
Oct 01 22:13:14 archlinux kernel: usb 3-2: new full-speed USB device number 3 using xhci_hcd
Oct 01 22:13:14 archlinux systemd-modules-load[211]: Inserted module 'nvidia_drm'
Oct 01 22:13:14 archlinux systemd[1]: Finished Load Kernel Modules.
Oct 01 22:13:14 archlinux systemd[1]: Reached target System Initialization.
Oct 01 22:13:14 archlinux systemd[1]: Reached target Basic System.
Oct 01 22:13:14 archlinux systemd[1]: Reached target Initrd Default Target.
Oct 01 22:13:14 archlinux kernel: [drm] Initialized nvidia-drm 0.0.0 20160202 for 0000:09:00.0 on minor 0
Oct 01 22:13:14 archlinux systemd[1]: Starting Cleaning Up and Shutting Down Daemons...
Oct 01 22:13:14 archlinux systemd[1]: Stopped target Initrd Default Target.
Oct 01 22:13:14 archlinux systemd[1]: Stopped target Basic System.
Oct 01 22:13:14 archlinux systemd[1]: Stopped target Initrd Root Device.
Oct 01 22:13:14 archlinux systemd[1]: Stopped target Path Units.
Oct 01 22:13:14 archlinux systemd[1]: Stopped target Slice Units.
Oct 01 22:13:14 archlinux systemd[1]: Stopped target Socket Units.
Oct 01 22:13:14 archlinux systemd[1]: Stopped target System Initialization.
Oct 01 22:13:14 archlinux systemd[1]: Stopped target Local File Systems.
Oct 01 22:13:14 archlinux systemd[1]: Stopped target Preparation for Local File Systems.
Oct 01 22:13:14 archlinux systemd[1]: Stopped target Swaps.
Oct 01 22:13:14 archlinux systemd[1]: Stopped target Timer Units.
Oct 01 22:13:14 archlinux systemd[1]: systemd-modules-load.service: Deactivated successfully.
Oct 01 22:13:14 archlinux systemd[1]: Stopped Load Kernel Modules.
Oct 01 22:13:14 archlinux systemd[1]: systemd-modules-load.service: Consumed 1.053s CPU time.
Oct 01 22:13:14 archlinux systemd[1]: systemd-udev-trigger.service: Deactivated successfully.
Oct 01 22:13:14 archlinux systemd[1]: Stopped Coldplug All udev Devices.
Oct 01 22:13:14 archlinux systemd[1]: Stopping Rule-based Manager for Device Events and Files...
Oct 01 22:13:14 archlinux systemd[1]: systemd-vconsole-setup.service: Deactivated successfully.
Oct 01 22:13:14 archlinux systemd[1]: Stopped Virtual Console Setup.
Oct 01 22:13:14 archlinux systemd[1]: initrd-cleanup.service: Deactivated successfully.
Oct 01 22:13:14 archlinux systemd[1]: Finished Cleaning Up and Shutting Down Daemons.
Oct 01 22:13:14 archlinux systemd[1]: systemd-udevd.service: Deactivated successfully.
Oct 01 22:13:14 archlinux systemd[1]: Stopped Rule-based Manager for Device Events and Files.
Oct 01 22:13:14 archlinux systemd[1]: systemd-udevd.service: Consumed 1.981s CPU time.
Oct 01 22:13:14 archlinux systemd[1]: systemd-udevd-control.socket: Deactivated successfully.
Oct 01 22:13:14 archlinux systemd[1]: Closed udev Control Socket.
Oct 01 22:13:14 archlinux systemd[1]: systemd-udevd-kernel.socket: Deactivated successfully.
Oct 01 22:13:14 archlinux systemd[1]: Closed udev Kernel Socket.
Oct 01 22:13:14 archlinux systemd[1]: Starting Cleanup udev Database...
Oct 01 22:13:14 archlinux systemd[1]: systemd-tmpfiles-setup-dev.service: Deactivated successfully.
Oct 01 22:13:14 archlinux systemd[1]: Stopped Create Static Device Nodes in /dev.
Oct 01 22:13:14 archlinux systemd[1]: initrd-udevadm-cleanup-db.service: Deactivated successfully.
Oct 01 22:13:14 archlinux systemd[1]: Finished Cleanup udev Database.
Oct 01 22:13:14 archlinux systemd[1]: Reached target Switch Root.
Oct 01 22:13:14 archlinux systemd[1]: Starting Switch Root...
Oct 01 22:13:15 archlinux systemd[1]: Switching root.
Oct 01 22:13:15 archlinux kernel: usb 3-2: New USB device found, idVendor=046d, idProduct=c332, bcdDevice= 3.02
Oct 01 22:13:15 archlinux kernel: usb 3-2: New USB device strings: Mfr=1, Product=2, SerialNumber=3
Oct 01 22:13:15 archlinux kernel: usb 3-2: Product: Gaming Mouse G502
Oct 01 22:13:15 archlinux kernel: usb 3-2: Manufacturer: Logitech
Oct 01 22:13:15 archlinux kernel: usb 3-2: SerialNumber: 016638543730
Oct 01 22:13:15 archlinux kernel: input: Logitech Gaming Mouse G502 as /devices/pci0000:00/0000:00:07.1/0000:0a:00.3/usb3/3-2/3-2:1.0/0003:046D:C332.0007/input/input9
Oct 01 22:13:15 archlinux kernel: hid-generic 0003:046D:C332.0007: input,hidraw6: USB HID v1.11 Mouse [Logitech Gaming Mouse G502] on usb-0000:0a:00.3-2/input0
Oct 01 22:13:15 archlinux kernel: input: Logitech Gaming Mouse G502 Keyboard as /devices/pci0000:00/0000:00:07.1/0000:0a:00.3/usb3/3-2/3-2:1.1/0003:046D:C332.0008/input/input10
Oct 01 22:13:15 archlinux systemd-journald[210]: Journal stopped
Oct 01 22:13:15 archbox systemd-journald[210]: Received SIGTERM from PID 1 (systemd).
Oct 01 22:13:15 archbox kernel: hid-generic 0003:046D:C332.0008: input,hiddev97,hidraw7: USB HID v1.11 Keyboard [Logitech Gaming Mouse G502] on usb-0000:0a:00.3-2/input1
Oct 01 22:13:15 archbox systemd[1]: systemd 254.5-1-arch running in system mode (+PAM +AUDIT -SELINUX -APPARMOR -IMA +SMACK +SECCOMP +GCRYPT +GNUTLS +OPENSSL +ACL +BLKID +CURL +ELFUTILS +FIDO2 +IDN2 -IDN +IPTC +KMOD +LIBCRYPTSETUP +LIBFDISK +PCRE2 -PWQUALITY +P11KIT -QRENCODE +TPM2 +BZIP2 +LZ4 +XZ +ZLIB +ZSTD +BPF_FRAMEWORK +XKBCOMMON +UTMP -SYSVINIT default-hierarchy=unified)
Oct 01 22:13:15 archbox systemd[1]: Detected architecture x86-64.
Oct 01 22:13:15 archbox systemd[1]: Hostname set to <archbox>.
Oct 01 22:13:15 archbox systemd[1]: bpf-lsm: LSM BPF program attached
Oct 01 22:13:15 archbox systemd-fstab-generator[327]: Mount point  is not a valid path, ignoring.
Oct 01 22:13:15 archbox systemd-fstab-generator[327]: Mount point  is not a valid path, ignoring.
Oct 01 22:13:15 archbox kernel: zram: Added device: zram0
Oct 01 22:13:15 archbox systemd[1]: initrd-switch-root.service: Deactivated successfully.
Oct 01 22:13:15 archbox systemd[1]: Stopped Switch Root.
Oct 01 22:13:15 archbox systemd[1]: systemd-journald.service: Scheduled restart job, restart counter is at 1.
Oct 01 22:13:15 archbox systemd[1]: Created slice Slice /system/getty.
Oct 01 22:13:15 archbox systemd[1]: Created slice Slice /system/modprobe.
Oct 01 22:13:15 archbox systemd[1]: Created slice Slice /system/systemd-zram-setup.
Oct 01 22:13:15 archbox systemd[1]: Created slice User and Session Slice.
Oct 01 22:13:15 archbox systemd[1]: Started Dispatch Password Requests to Console Directory Watch.
Oct 01 22:13:15 archbox systemd[1]: Started Forward Password Requests to Wall Directory Watch.
Oct 01 22:13:15 archbox systemd[1]: Set up automount Arbitrary Executable File Formats File System Automount Point.
Oct 01 22:13:15 archbox systemd[1]: Reached target Local Encrypted Volumes.
Oct 01 22:13:15 archbox systemd[1]: Reached target Login Prompts.
